2277  22:07:23.840059 socket(AF_INET, SOCK_STREAM, IPPROTO_IP) = 4
2277  22:07:23.840275 setsockopt(4, SOL_TCP, TCP_NODELAY, [1], 4) = 0
2277  22:07:23.841979 connect(4, {sa_family=AF_INET, sin_port=htons(58301), sin_addr=inet_addr("127.0.0.1")}, 16) = 0
2277  22:07:23.842371 sendto(4, ""..., 1, 0, NULL, 0) = 1
2277  22:07:23.842657 sendto(4, ""..., 8, 0, NULL, 0) = 8
2277  22:07:23.842810 sendto(4, ""..., 24, 0, NULL, 0) = 24
2277  22:07:23.842960 recvfrom(4, ""..., 8, 0, NULL, NULL) = 8
2277  22:07:23.843081 recvfrom(4, ""..., 28, 0, NULL, NULL) = 28
2278  22:07:23.844193 sendto(4, ""..., 1, 0, NULL, 0) = 1
2278  22:07:23.844324 sendto(4, ""..., 8, 0, NULL, 0) = 8
2278  22:07:23.844428 sendto(4, ""..., 4, 0, NULL, 0) = 4
2278  22:07:23.844561 recvfrom(4, ""..., 8, 0, NULL, NULL) = 8
2278  22:07:23.844645 recvfrom(4, ""..., 8, 0, NULL, NULL) = 8
2278  22:07:23.845177 sendto(4, ""..., 1, 0, NULL, 0) = 1
2278  22:07:23.845284 sendto(4, ""..., 8, 0, NULL, 0) = 8
2278  22:07:23.845387 sendto(4, ""..., 4, 0, NULL, 0) = 4
2278  22:07:23.845499 recvfrom(4, ""..., 8, 0, NULL, NULL) = 8
2278  22:07:23.845582 recvfrom(4, ""..., 8, 0, NULL, NULL) = 8
2278  22:07:23.846059 sendto(4, ""..., 1, 0, NULL, 0) = 1
2278  22:07:23.846161 sendto(4, ""..., 8, 0, NULL, 0) = 8
2278  22:07:23.846264 recvfrom(4, ""..., 8, 0, NULL, NULL) = 8
2278  22:07:23.846345 recvfrom(4, ""..., 4, 0, NULL, NULL) = 4
2278  22:07:23.847654 +++ exited with 0 +++
2277  22:07:23.847846 socket(AF_INET, SOCK_STREAM, IPPROTO_IP) = 4
2277  22:07:23.847963 setsockopt(4, SOL_TCP, TCP_NODELAY, [1], 4) = 0
2277  22:07:23.848164 connect(4, {sa_family=AF_INET, sin_port=htons(58301), sin_addr=inet_addr("127.0.0.1")}, 16) = 0
2277  22:07:23.848325 sendto(4, ""..., 1, 0, NULL, 0) = 1
2277  22:07:23.848455 sendto(4, ""..., 8, 0, NULL, 0) = 8
2277  22:07:23.848612 sendto(4, ""..., 24, 0, NULL, 0) = 24
2277  22:07:23.848763 recvfrom(4, ""..., 8, 0, NULL, NULL) = 8
2277  22:07:23.848926 recvfrom(4, ""..., 28, 0, NULL, NULL) = 28
2279  22:07:23.849598 sendto(4, ""..., 1, 0, NULL, 0) = 1
2279  22:07:23.849732 sendto(4, ""..., 8, 0, NULL, 0) = 8
2279  22:07:23.849834 sendto(4, ""..., 12, 0, NULL, 0) = 12
2279  22:07:23.849941 recvfrom(4, ""..., 8, 0, NULL, NULL) = 8
2279  22:07:23.850031 recvfrom(4, ""..., 16, 0, NULL, NULL) = 16
2279  22:07:23.850558 sendto(4, ""..., 1, 0, NULL, 0) = 1
2279  22:07:23.850662 sendto(4, ""..., 8, 0, NULL, 0) = 8
2279  22:07:23.850762 sendto(4, ""..., 8, 0, NULL, 0) = 8
2279  22:07:23.850862 recvfrom(4, ""..., 8, 0, NULL, NULL) = 8
2279  22:07:23.850949 recvfrom(4, ""..., 8, 0, NULL, NULL) = 8
2279  22:07:23.867698 sendto(4, ""..., 1, 0, NULL, 0) = 1
2279  22:07:23.867954 sendto(4, ""..., 8, 0, NULL, 0) = 8
2279  22:07:23.868071 sendto(4, ""..., 312, 0, NULL, 0) = 312
2279  22:07:23.868177 recvfrom(4, ""..., 8, 0, NULL, NULL) = 8
2279  22:07:23.868305 recvfrom(4, ""..., 1, 0, NULL, NULL) = 1
2279  22:07:23.884245 sendto(4, ""..., 1, 0, NULL, 0) = 1
2279  22:07:23.884476 sendto(4, ""..., 8, 0, NULL, 0) = 8
2279  22:07:23.884603 sendto(4, ""..., 12583216, 0, NULL, 0) = 12583216
2279  22:07:23.915002 sendto(4, ""..., 1, 0, NULL, 0) = 1
2279  22:07:23.915211 sendto(4, ""..., 8, 0, NULL, 0) = 8
2279  22:07:23.915307 sendto(4, ""..., 312, 0, NULL, 0) = 312
2279  22:07:23.915402 recvfrom(4, ""..., 8, 0, NULL, NULL) = 8
2279  22:07:23.945862 recvfrom(4, ""..., 12582912, 0, NULL, NULL) = 126976
2279  22:07:23.946062 recvfrom(4, ""..., 12455936, 0, NULL, NULL) = 135168
2279  22:07:23.946202 recvfrom(4, ""..., 12320768, 0, NULL, NULL) = 131072
2279  22:07:23.946332 recvfrom(4, ""..., 12189696, 0, NULL, NULL) = 145408
2279  22:07:23.946519 recvfrom(4, ""..., 12044288, 0, NULL, NULL) = 130966
2279  22:07:23.946679 recvfrom(4, ""..., 11913322, 0, NULL, NULL) = 151658
2279  22:07:23.946802 recvfrom(4, ""..., 11761664, 0, NULL, NULL) = 94208
2279  22:07:23.946921 recvfrom(4, ""..., 11667456, 0, NULL, NULL) = 94208
2279  22:07:23.947085 recvfrom(4, ""..., 11573248, 0, NULL, NULL) = 301003
2279  22:07:23.947245 recvfrom(4, ""..., 11272245, 0, NULL, NULL) = 130966
2279  22:07:23.947606 recvfrom(4, ""..., 11141279, 0, NULL, NULL) = 130966
2279  22:07:23.947902 recvfrom(4, ""..., 11010313, 0, NULL, NULL) = 916762
2279  22:07:23.948308 recvfrom(4, ""..., 10093551, 0, NULL, NULL) = 261932
2279  22:07:23.948532 recvfrom(4, ""..., 9831619, 0, NULL, NULL) = 130966
2279  22:07:23.948655 recvfrom(4, ""..., 9700653, 0, NULL, NULL) = 523864
2279  22:07:23.948897 recvfrom(4, ""..., 9176789, 0, NULL, NULL) = 261932
2279  22:07:23.949056 recvfrom(4, ""..., 8914857, 0, NULL, NULL) = 654830
2279  22:07:23.949327 recvfrom(4, ""..., 8260027, 0, NULL, NULL) = 916762
2279  22:07:23.949672 recvfrom(4, ""..., 7343265, 0, NULL, NULL) = 130966
2279  22:07:23.949810 recvfrom(4, ""..., 7212299, 0, NULL, NULL) = 523864
2279  22:07:23.950036 recvfrom(4, ""..., 6688435, 0, NULL, NULL) = 130966
2279  22:07:23.950237 recvfrom(4, ""..., 6557469, 0, NULL, NULL) = 523864
2279  22:07:23.950478 recvfrom(4, ""..., 6033605, 0, NULL, NULL) = 261932
2279  22:07:23.950713 recvfrom(4, ""..., 5771673, 0, NULL, NULL) = 392898
2279  22:07:23.950934 recvfrom(4, ""..., 5378775, 0, NULL, NULL) = 392898
2279  22:07:23.951230 recvfrom(4, ""..., 4985877, 0, NULL, NULL) = 523864
2279  22:07:23.951442 recvfrom(4, ""..., 4462013, 0, NULL, NULL) = 1047728
2279  22:07:23.951963 recvfrom(4, ""..., 3414285, 0, NULL, NULL) = 523864
2279  22:07:23.952236 recvfrom(4, ""..., 2890421, 0, NULL, NULL) = 1309660
2279  22:07:23.952727 recvfrom(4, ""..., 1580761, 0, NULL, NULL) = 916762
2279  22:07:23.953059 recvfrom(4, ""..., 663999, 0, NULL, NULL) = 663999
2279  22:07:23.956915 sendto(4, ""..., 1, 0, NULL, 0) = 1
2279  22:07:23.957103 sendto(4, ""..., 8, 0, NULL, 0) = 8
2279  22:07:23.957210 sendto(4, ""..., 8, 0, NULL, 0) = 8
2279  22:07:23.957977 +++ exited with 0 +++
2277  22:07:23.960064 +++ exited with 0 +++
