2291  22:07:24.692498 socket(AF_INET, SOCK_STREAM, IPPROTO_IP) = 4
2291  22:07:24.692690 setsockopt(4, SOL_TCP, TCP_NODELAY, [1], 4) = 0
2291  22:07:24.693777 connect(4, {sa_family=AF_INET, sin_port=htons(58303), sin_addr=inet_addr("127.0.0.1")}, 16) = 0
2291  22:07:24.693981 sendto(4, ""..., 1, 0, NULL, 0) = 1
2291  22:07:24.694171 sendto(4, ""..., 8, 0, NULL, 0) = 8
2291  22:07:24.694282 sendto(4, ""..., 24, 0, NULL, 0) = 24
2291  22:07:24.694394 recvfrom(4, ""..., 8, 0, NULL, NULL) = 8
2291  22:07:24.694498 recvfrom(4, ""..., 28, 0, NULL, NULL) = 28
2292  22:07:24.695560 sendto(4, ""..., 1, 0, NULL, 0) = 1
2292  22:07:24.695719 sendto(4, ""..., 8, 0, NULL, 0) = 8
2292  22:07:24.695838 sendto(4, ""..., 4, 0, NULL, 0) = 4
2292  22:07:24.695956 recvfrom(4, ""..., 8, 0, NULL, NULL) = 8
2292  22:07:24.696052 recvfrom(4, ""..., 8, 0, NULL, NULL) = 8
2292  22:07:24.696619 sendto(4, ""..., 1, 0, NULL, 0) = 1
2292  22:07:24.696738 sendto(4, ""..., 8, 0, NULL, 0) = 8
2292  22:07:24.696867 sendto(4, ""..., 4, 0, NULL, 0) = 4
2292  22:07:24.696983 recvfrom(4, ""..., 8, 0, NULL, NULL) = 8
2292  22:07:24.697082 recvfrom(4, ""..., 8, 0, NULL, NULL) = 8
2292  22:07:24.697598 sendto(4, ""..., 1, 0, NULL, 0) = 1
2292  22:07:24.697716 sendto(4, ""..., 8, 0, NULL, 0) = 8
2292  22:07:24.697832 recvfrom(4, ""..., 8, 0, NULL, NULL) = 8
2292  22:07:24.697926 recvfrom(4, ""..., 4, 0, NULL, NULL) = 4
2292  22:07:24.698947 +++ exited with 0 +++
2291  22:07:24.699119 socket(AF_INET, SOCK_STREAM, IPPROTO_IP) = 4
2291  22:07:24.699217 setsockopt(4, SOL_TCP, TCP_NODELAY, [1], 4) = 0
2291  22:07:24.699374 connect(4, {sa_family=AF_INET, sin_port=htons(58303), sin_addr=inet_addr("127.0.0.1")}, 16) = 0
2291  22:07:24.699586 sendto(4, ""..., 1, 0, NULL, 0) = 1
2291  22:07:24.699711 sendto(4, ""..., 8, 0, NULL, 0) = 8
2291  22:07:24.699821 sendto(4, ""..., 24, 0, NULL, 0) = 24
2291  22:07:24.699926 recvfrom(4, ""..., 8, 0, NULL, NULL) = 8
2291  22:07:24.700008 recvfrom(4, ""..., 28, 0, NULL, NULL) = 28
2293  22:07:24.700615 sendto(4, ""..., 1, 0, NULL, 0) = 1
2293  22:07:24.700759 sendto(4, ""..., 8, 0, NULL, 0) = 8
2293  22:07:24.700876 sendto(4, ""..., 12, 0, NULL, 0) = 12
2293  22:07:24.700992 recvfrom(4, ""..., 8, 0, NULL, NULL) = 8
2293  22:07:24.701089 recvfrom(4, ""..., 16, 0, NULL, NULL) = 16
2293  22:07:24.701933 sendto(4, ""..., 1, 0, NULL, 0) = 1
2293  22:07:24.702072 sendto(4, ""..., 8, 0, NULL, 0) = 8
2293  22:07:24.702196 sendto(4, ""..., 8, 0, NULL, 0) = 8
2293  22:07:24.702311 recvfrom(4, ""..., 8, 0, NULL, NULL) = 8
2293  22:07:24.702405 recvfrom(4, ""..., 8, 0, NULL, NULL) = 8
2293  22:07:24.718878 sendto(4, ""..., 1, 0, NULL, 0) = 1
2293  22:07:24.719136 sendto(4, ""..., 8, 0, NULL, 0) = 8
2293  22:07:24.719262 sendto(4, ""..., 312, 0, NULL, 0) = 312
2293  22:07:24.719380 recvfrom(4, ""..., 8, 0, NULL, NULL) = 8
2293  22:07:24.740200 recvfrom(4, ""..., 1, 0, NULL, NULL) = 1
2293  22:07:24.750667 sendto(4, ""..., 1, 0, NULL, 0) = 1
2293  22:07:24.750920 sendto(4, ""..., 8, 0, NULL, 0) = 8
2293  22:07:24.751060 sendto(4, ""..., 312, 0, NULL, 0) = 312
2293  22:07:24.751188 recvfrom(4, ""..., 8, 0, NULL, NULL) = 8
2293  22:07:24.761936 recvfrom(4, ""..., 12582912, 0, NULL, NULL) = 126976
2293  22:07:24.762155 recvfrom(4, ""..., 12455936, 0, NULL, NULL) = 94208
2293  22:07:24.762365 recvfrom(4, ""..., 12361728, 0, NULL, NULL) = 172032
2293  22:07:24.762562 recvfrom(4, ""..., 12189696, 0, NULL, NULL) = 145408
2293  22:07:24.762697 recvfrom(4, ""..., 12044288, 0, NULL, NULL) = 130966
2293  22:07:24.762898 recvfrom(4, ""..., 11913322, 0, NULL, NULL) = 434282
2293  22:07:24.763098 recvfrom(4, ""..., 11479040, 0, NULL, NULL) = 282624
2293  22:07:24.763268 recvfrom(4, ""..., 11196416, 0, NULL, NULL) = 94208
2293  22:07:24.763393 recvfrom(4, ""..., 11102208, 0, NULL, NULL) = 94208
2293  22:07:24.763605 recvfrom(4, ""..., 11008000, 0, NULL, NULL) = 188416
2293  22:07:24.763756 recvfrom(4, ""..., 10819584, 0, NULL, NULL) = 94208
2293  22:07:24.763910 recvfrom(4, ""..., 10725376, 0, NULL, NULL) = 337761
2293  22:07:24.764081 recvfrom(4, ""..., 10387615, 0, NULL, NULL) = 130966
2293  22:07:24.764226 recvfrom(4, ""..., 10256649, 0, NULL, NULL) = 785796
2293  22:07:24.764602 recvfrom(4, ""..., 9470853, 0, NULL, NULL) = 654830
2293  22:07:24.764873 recvfrom(4, ""..., 8816023, 0, NULL, NULL) = 130966
2293  22:07:24.765017 recvfrom(4, ""..., 8685057, 0, NULL, NULL) = 392898
2293  22:07:24.765215 recvfrom(4, ""..., 8292159, 0, NULL, NULL) = 130966
2293  22:07:24.765347 recvfrom(4, ""..., 8161193, 0, NULL, NULL) = 261932
2293  22:07:24.765530 recvfrom(4, ""..., 7899261, 0, NULL, NULL) = 523864
2293  22:07:24.765756 recvfrom(4, ""..., 7375397, 0, NULL, NULL) = 392898
2293  22:07:24.765954 recvfrom(4, ""..., 6982499, 0, NULL, NULL) = 1440626
2293  22:07:24.766512 recvfrom(4, ""..., 5541873, 0, NULL, NULL) = 130966
2293  22:07:24.766736 recvfrom(4, ""..., 5410907, 0, NULL, NULL) = 523864
2293  22:07:24.766968 recvfrom(4, ""..., 4887043, 0, NULL, NULL) = 130966
2293  22:07:24.767159 recvfrom(4, ""..., 4756077, 0, NULL, NULL) = 916762
2293  22:07:24.767561 recvfrom(4, ""..., 3839315, 0, NULL, NULL) = 523864
2293  22:07:24.767825 recvfrom(4, ""..., 3315451, 0, NULL, NULL) = 1178694
2293  22:07:24.768407 recvfrom(4, ""..., 2136757, 0, NULL, NULL) = 1702558
2293  22:07:24.769107 recvfrom(4, ""..., 434199, 0, NULL, NULL) = 434199
2293  22:07:24.781339 sendto(4, ""..., 1, 0, NULL, 0) = 1
2293  22:07:24.781726 sendto(4, ""..., 8, 0, NULL, 0) = 8
2293  22:07:24.781901 sendto(4, ""..., 8, 0, NULL, 0) = 8
2293  22:07:24.782745 +++ exited with 0 +++
2291  22:07:24.784284 +++ exited with 0 +++
