2298  22:07:25.190865 socket(AF_INET, SOCK_STREAM, IPPROTO_IP) = 4
2298  22:07:25.191101 setsockopt(4, SOL_TCP, TCP_NODELAY, [1], 4) = 0
2298  22:07:25.192437 connect(4, {sa_family=AF_INET, sin_port=htons(58304), sin_addr=inet_addr("127.0.0.1")}, 16) = 0
2298  22:07:25.192750 sendto(4, ""..., 1, 0, NULL, 0) = 1
2298  22:07:25.192980 sendto(4, ""..., 8, 0, NULL, 0) = 8
2298  22:07:25.193104 sendto(4, ""..., 24, 0, NULL, 0) = 24
2298  22:07:25.193218 recvfrom(4, ""..., 8, 0, NULL, NULL) = 8
2298  22:07:25.193302 recvfrom(4, ""..., 28, 0, NULL, NULL) = 28
2299  22:07:25.194244 sendto(4, ""..., 1, 0, NULL, 0) = 1
2299  22:07:25.194480 sendto(4, ""..., 8, 0, NULL, 0) = 8
2299  22:07:25.194635 sendto(4, ""..., 4, 0, NULL, 0) = 4
2299  22:07:25.194768 recvfrom(4, ""..., 8, 0, NULL, NULL) = 8
2299  22:07:25.194865 recvfrom(4, ""..., 8, 0, NULL, NULL) = 8
2299  22:07:25.195692 sendto(4, ""..., 1, 0, NULL, 0) = 1
2299  22:07:25.195872 sendto(4, ""..., 8, 0, NULL, 0) = 8
2299  22:07:25.196017 sendto(4, ""..., 4, 0, NULL, 0) = 4
2299  22:07:25.196146 recvfrom(4, ""..., 8, 0, NULL, NULL) = 8
2299  22:07:25.196242 recvfrom(4, ""..., 8, 0, NULL, NULL) = 8
2299  22:07:25.196796 sendto(4, ""..., 1, 0, NULL, 0) = 1
2299  22:07:25.196959 sendto(4, ""..., 8, 0, NULL, 0) = 8
2299  22:07:25.197079 recvfrom(4, ""..., 8, 0, NULL, NULL) = 8
2299  22:07:25.197172 recvfrom(4, ""..., 4, 0, NULL, NULL) = 4
2299  22:07:25.197995 +++ exited with 0 +++
2298  22:07:25.198214 socket(AF_INET, SOCK_STREAM, IPPROTO_IP) = 4
2298  22:07:25.198328 setsockopt(4, SOL_TCP, TCP_NODELAY, [1], 4) = 0
2298  22:07:25.198516 connect(4, {sa_family=AF_INET, sin_port=htons(58304), sin_addr=inet_addr("127.0.0.1")}, 16) = 0
2298  22:07:25.198682 sendto(4, ""..., 1, 0, NULL, 0) = 1
2298  22:07:25.198803 sendto(4, ""..., 8, 0, NULL, 0) = 8
2298  22:07:25.198929 sendto(4, ""..., 24, 0, NULL, 0) = 24
2298  22:07:25.199034 recvfrom(4, ""..., 8, 0, NULL, NULL) = 8
2298  22:07:25.199117 recvfrom(4, ""..., 28, 0, NULL, NULL) = 28
2300  22:07:25.199725 sendto(4, ""..., 1, 0, NULL, 0) = 1
2300  22:07:25.199927 sendto(4, ""..., 8, 0, NULL, 0) = 8
2300  22:07:25.200090 sendto(4, ""..., 12, 0, NULL, 0) = 12
2300  22:07:25.200217 recvfrom(4, ""..., 8, 0, NULL, NULL) = 8
2300  22:07:25.200312 recvfrom(4, ""..., 16, 0, NULL, NULL) = 16
2300  22:07:25.200857 sendto(4, ""..., 1, 0, NULL, 0) = 1
2300  22:07:25.200977 sendto(4, ""..., 8, 0, NULL, 0) = 8
2300  22:07:25.201091 sendto(4, ""..., 8, 0, NULL, 0) = 8
2300  22:07:25.201203 recvfrom(4, ""..., 8, 0, NULL, NULL) = 8
2300  22:07:25.201297 recvfrom(4, ""..., 8, 0, NULL, NULL) = 8
2300  22:07:25.217620 sendto(4, ""..., 1, 0, NULL, 0) = 1
2300  22:07:25.217878 sendto(4, ""..., 8, 0, NULL, 0) = 8
2300  22:07:25.217999 sendto(4, ""..., 312, 0, NULL, 0) = 312
2300  22:07:25.218118 recvfrom(4, ""..., 8, 0, NULL, NULL) = 8
2300  22:07:25.241289 recvfrom(4, ""..., 1, 0, NULL, NULL) = 1
2300  22:07:25.250806 sendto(4, ""..., 1, 0, NULL, 0) = 1
2300  22:07:25.251074 sendto(4, ""..., 8, 0, NULL, 0) = 8
2300  22:07:25.251203 sendto(4, ""..., 312, 0, NULL, 0) = 312
2300  22:07:25.251321 recvfrom(4, ""..., 8, 0, NULL, NULL) = 8
2300  22:07:25.261722 recvfrom(4, ""..., 12582912, 0, NULL, NULL) = 126976
2300  22:07:25.261957 recvfrom(4, ""..., 12455936, 0, NULL, NULL) = 266240
2300  22:07:25.262161 recvfrom(4, ""..., 12189696, 0, NULL, NULL) = 145408
2300  22:07:25.262292 recvfrom(4, ""..., 12044288, 0, NULL, NULL) = 130966
2300  22:07:25.262531 recvfrom(4, ""..., 11913322, 0, NULL, NULL) = 245866
2300  22:07:25.262697 recvfrom(4, ""..., 11667456, 0, NULL, NULL) = 94208
2300  22:07:25.262859 recvfrom(4, ""..., 11573248, 0, NULL, NULL) = 94208
2300  22:07:25.262988 recvfrom(4, ""..., 11479040, 0, NULL, NULL) = 468727
2300  22:07:25.263176 recvfrom(4, ""..., 11010313, 0, NULL, NULL) = 130966
2300  22:07:25.263300 recvfrom(4, ""..., 10879347, 0, NULL, NULL) = 130966
2300  22:07:25.263499 recvfrom(4, ""..., 10748381, 0, NULL, NULL) = 261932
2300  22:07:25.263711 recvfrom(4, ""..., 10486449, 0, NULL, NULL) = 130966
2300  22:07:25.263883 recvfrom(4, ""..., 10355483, 0, NULL, NULL) = 261932
2300  22:07:25.264066 recvfrom(4, ""..., 10093551, 0, NULL, NULL) = 130966
2300  22:07:25.264194 recvfrom(4, ""..., 9962585, 0, NULL, NULL) = 654830
2300  22:07:25.264483 recvfrom(4, ""..., 9307755, 0, NULL, NULL) = 1309660
2300  22:07:25.264944 recvfrom(4, ""..., 7998095, 0, NULL, NULL) = 785796
2300  22:07:25.265228 recvfrom(4, ""..., 7212299, 0, NULL, NULL) = 130966
2300  22:07:25.265361 recvfrom(4, ""..., 7081333, 0, NULL, NULL) = 523864
2300  22:07:25.265602 recvfrom(4, ""..., 6557469, 0, NULL, NULL) = 130966
2300  22:07:25.265725 recvfrom(4, ""..., 6426503, 0, NULL, NULL) = 261932
2300  22:07:25.265875 recvfrom(4, ""..., 6164571, 0, NULL, NULL) = 392898
2300  22:07:25.266059 recvfrom(4, ""..., 5771673, 0, NULL, NULL) = 130966
2300  22:07:25.266201 recvfrom(4, ""..., 5640707, 0, NULL, NULL) = 261932
2300  22:07:25.266347 recvfrom(4, ""..., 5378775, 0, NULL, NULL) = 130966
2300  22:07:25.266590 recvfrom(4, ""..., 5247809, 0, NULL, NULL) = 130966
2300  22:07:25.266713 recvfrom(4, ""..., 5116843, 0, NULL, NULL) = 392898
2300  22:07:25.266899 recvfrom(4, ""..., 4723945, 0, NULL, NULL) = 261932
2300  22:07:25.267065 recvfrom(4, ""..., 4462013, 0, NULL, NULL) = 392898
2300  22:07:25.267271 recvfrom(4, ""..., 4069115, 0, NULL, NULL) = 916762
2300  22:07:25.268273 recvfrom(4, ""..., 3152353, 0, NULL, NULL) = 1440626
2300  22:07:25.268819 recvfrom(4, ""..., 1711727, 0, NULL, NULL) = 1178694
2300  22:07:25.269238 recvfrom(4, ""..., 533033, 0, NULL, NULL) = 533033
2300  22:07:25.283814 sendto(4, ""..., 1, 0, NULL, 0) = 1
2300  22:07:25.284051 sendto(4, ""..., 8, 0, NULL, 0) = 8
2300  22:07:25.284170 sendto(4, ""..., 8, 0, NULL, 0) = 8
2300  22:07:25.285010 +++ exited with 0 +++
2298  22:07:25.286211 +++ exited with 2 +++
