2305  22:07:25.626550 socket(AF_INET, SOCK_STREAM, IPPROTO_IP) = 4
2305  22:07:25.626751 setsockopt(4, SOL_TCP, TCP_NODELAY, [1], 4) = 0
2305  22:07:25.627956 connect(4, {sa_family=AF_INET, sin_port=htons(58305), sin_addr=inet_addr("127.0.0.1")}, 16) = 0
2305  22:07:25.628192 sendto(4, ""..., 1, 0, NULL, 0) = 1
2305  22:07:25.628380 sendto(4, ""..., 8, 0, NULL, 0) = 8
2305  22:07:25.628529 sendto(4, ""..., 24, 0, NULL, 0) = 24
2305  22:07:25.628660 recvfrom(4, ""..., 8, 0, NULL, NULL) = 8
2305  22:07:25.628768 recvfrom(4, ""..., 28, 0, NULL, NULL) = 28
2306  22:07:25.629664 sendto(4, ""..., 1, 0, NULL, 0) = 1
2306  22:07:25.629816 sendto(4, ""..., 8, 0, NULL, 0) = 8
2306  22:07:25.629938 sendto(4, ""..., 4, 0, NULL, 0) = 4
2306  22:07:25.630047 recvfrom(4, ""..., 8, 0, NULL, NULL) = 8
2306  22:07:25.630130 recvfrom(4, ""..., 8, 0, NULL, NULL) = 8
2306  22:07:25.630577 sendto(4, ""..., 1, 0, NULL, 0) = 1
2306  22:07:25.630703 sendto(4, ""..., 8, 0, NULL, 0) = 8
2306  22:07:25.630811 sendto(4, ""..., 4, 0, NULL, 0) = 4
2306  22:07:25.630916 recvfrom(4, ""..., 8, 0, NULL, NULL) = 8
2306  22:07:25.630998 recvfrom(4, ""..., 8, 0, NULL, NULL) = 8
2306  22:07:25.631435 sendto(4, ""..., 1, 0, NULL, 0) = 1
2306  22:07:25.631739 sendto(4, ""..., 8, 0, NULL, 0) = 8
2306  22:07:25.631869 recvfrom(4, ""..., 8, 0, NULL, NULL) = 8
2306  22:07:25.631993 recvfrom(4, ""..., 4, 0, NULL, NULL) = 4
2306  22:07:25.633109 +++ exited with 0 +++
2305  22:07:25.633266 socket(AF_INET, SOCK_STREAM, IPPROTO_IP) = 4
2305  22:07:25.633370 setsockopt(4, SOL_TCP, TCP_NODELAY, [1], 4) = 0
2305  22:07:25.633552 connect(4, {sa_family=AF_INET, sin_port=htons(58305), sin_addr=inet_addr("127.0.0.1")}, 16) = 0
2305  22:07:25.633691 sendto(4, ""..., 1, 0, NULL, 0) = 1
2305  22:07:25.633806 sendto(4, ""..., 8, 0, NULL, 0) = 8
2305  22:07:25.633914 sendto(4, ""..., 24, 0, NULL, 0) = 24
2305  22:07:25.634035 recvfrom(4, ""..., 8, 0, NULL, NULL) = 8
2305  22:07:25.634119 recvfrom(4, ""..., 28, 0, NULL, NULL) = 28
2307  22:07:25.634653 sendto(4, ""..., 1, 0, NULL, 0) = 1
2307  22:07:25.634787 sendto(4, ""..., 8, 0, NULL, 0) = 8
2307  22:07:25.634895 sendto(4, ""..., 12, 0, NULL, 0) = 12
2307  22:07:25.634999 recvfrom(4, ""..., 8, 0, NULL, NULL) = 8
2307  22:07:25.635119 recvfrom(4, ""..., 16, 0, NULL, NULL) = 16
2307  22:07:25.635794 sendto(4, ""..., 1, 0, NULL, 0) = 1
2307  22:07:25.635921 sendto(4, ""..., 8, 0, NULL, 0) = 8
2307  22:07:25.636027 sendto(4, ""..., 8, 0, NULL, 0) = 8
2307  22:07:25.636134 recvfrom(4, ""..., 8, 0, NULL, NULL) = 8
2307  22:07:25.636238 recvfrom(4, ""..., 8, 0, NULL, NULL) = 8
2307  22:07:25.652400 sendto(4, ""..., 1, 0, NULL, 0) = 1
2307  22:07:25.652597 sendto(4, ""..., 8, 0, NULL, 0) = 8
2307  22:07:25.652714 sendto(4, ""..., 312, 0, NULL, 0) = 312
2307  22:07:25.652818 recvfrom(4, ""..., 8, 0, NULL, NULL) = 8
2307  22:07:25.665415 recvfrom(4, ""..., 1, 0, NULL, NULL) = 1
2307  22:07:25.674518 sendto(4, ""..., 1, 0, NULL, 0) = 1
2307  22:07:25.674706 sendto(4, ""..., 8, 0, NULL, 0) = 8
2307  22:07:25.674818 sendto(4, ""..., 312, 0, NULL, 0) = 312
2307  22:07:25.674930 recvfrom(4, ""..., 8, 0, NULL, NULL) = 8
2307  22:07:25.689527 recvfrom(4, ""..., 12582912, 0, NULL, NULL) = 126976
2307  22:07:25.689734 recvfrom(4, ""..., 12455936, 0, NULL, NULL) = 135168
2307  22:07:25.689911 recvfrom(4, ""..., 12320768, 0, NULL, NULL) = 196608
2307  22:07:25.690115 recvfrom(4, ""..., 12124160, 0, NULL, NULL) = 79872
2307  22:07:25.690220 recvfrom(4, ""..., 12044288, 0, NULL, NULL) = 130966
2307  22:07:25.690426 recvfrom(4, ""..., 11913322, 0, NULL, NULL) = 151658
2307  22:07:25.690582 recvfrom(4, ""..., 11761664, 0, NULL, NULL) = 94208
2307  22:07:25.690745 recvfrom(4, ""..., 11667456, 0, NULL, NULL) = 94208
2307  22:07:25.690938 recvfrom(4, ""..., 11573248, 0, NULL, NULL) = 301003
2307  22:07:25.691130 recvfrom(4, ""..., 11272245, 0, NULL, NULL) = 130966
2307  22:07:25.691267 recvfrom(4, ""..., 11141279, 0, NULL, NULL) = 130966
2307  22:07:25.691588 recvfrom(4, ""..., 11010313, 0, NULL, NULL) = 261932
2307  22:07:25.691749 recvfrom(4, ""..., 10748381, 0, NULL, NULL) = 130966
2307  22:07:25.691955 recvfrom(4, ""..., 10617415, 0, NULL, NULL) = 654830
2307  22:07:25.692316 recvfrom(4, ""..., 9962585, 0, NULL, NULL) = 392898
2307  22:07:25.692533 recvfrom(4, ""..., 9569687, 0, NULL, NULL) = 130966
2307  22:07:25.692720 recvfrom(4, ""..., 9438721, 0, NULL, NULL) = 130966
2307  22:07:25.692877 recvfrom(4, ""..., 9307755, 0, NULL, NULL) = 130966
2307  22:07:25.692993 recvfrom(4, ""..., 9176789, 0, NULL, NULL) = 130966
2307  22:07:25.693251 recvfrom(4, ""..., 9045823, 0, NULL, NULL) = 130966
2307  22:07:25.693374 recvfrom(4, ""..., 8914857, 0, NULL, NULL) = 261932
2307  22:07:25.693568 recvfrom(4, ""..., 8652925, 0, NULL, NULL) = 1309660
2307  22:07:25.694029 recvfrom(4, ""..., 7343265, 0, NULL, NULL) = 392898
2307  22:07:25.694235 recvfrom(4, ""..., 6950367, 0, NULL, NULL) = 261932
2307  22:07:25.694415 recvfrom(4, ""..., 6688435, 0, NULL, NULL) = 130966
2307  22:07:25.694574 recvfrom(4, ""..., 6557469, 0, NULL, NULL) = 130966
2307  22:07:25.694830 recvfrom(4, ""..., 6426503, 0, NULL, NULL) = 130966
2307  22:07:25.694955 recvfrom(4, ""..., 6295537, 0, NULL, NULL) = 523864
2307  22:07:25.695305 recvfrom(4, ""..., 5771673, 0, NULL, NULL) = 1047728
2307  22:07:25.695783 recvfrom(4, ""..., 4723945, 0, NULL, NULL) = 392898
2307  22:07:25.696014 recvfrom(4, ""..., 4331047, 0, NULL, NULL) = 130966
2307  22:07:25.696237 recvfrom(4, ""..., 4200081, 0, NULL, NULL) = 130966
2307  22:07:25.696358 recvfrom(4, ""..., 4069115, 0, NULL, NULL) = 130966
2307  22:07:25.696518 recvfrom(4, ""..., 3938149, 0, NULL, NULL) = 523864
2307  22:07:25.696773 recvfrom(4, ""..., 3414285, 0, NULL, NULL) = 785796
2307  22:07:25.697156 recvfrom(4, ""..., 2628489, 0, NULL, NULL) = 1047728
2307  22:07:25.697622 recvfrom(4, ""..., 1580761, 0, NULL, NULL) = 1580761
2307  22:07:25.716087 sendto(4, ""..., 1, 0, NULL, 0) = 1
2307  22:07:25.716296 sendto(4, ""..., 8, 0, NULL, 0) = 8
2307  22:07:25.716409 sendto(4, ""..., 8, 0, NULL, 0) = 8
2307  22:07:25.717101 +++ exited with 0 +++
2305  22:07:25.718343 +++ exited with 2 +++
