2284  22:07:24.291812 socket(AF_INET, SOCK_STREAM, IPPROTO_IP) = 4
2284  22:07:24.292256 setsockopt(4, SOL_TCP, TCP_NODELAY, [1], 4) = 0
2284  22:07:24.293757 connect(4, {sa_family=AF_INET, sin_port=htons(58302), sin_addr=inet_addr("127.0.0.1")}, 16) = 0
2284  22:07:24.294060 sendto(4, ""..., 1, 0, NULL, 0) = 1
2284  22:07:24.294428 sendto(4, ""..., 8, 0, NULL, 0) = 8
2284  22:07:24.294577 sendto(4, ""..., 24, 0, NULL, 0) = 24
2284  22:07:24.294701 recvfrom(4, ""..., 8, 0, NULL, NULL) = 8
2284  22:07:24.294799 recvfrom(4, ""..., 28, 0, NULL, NULL) = 28
2285  22:07:24.295895 sendto(4, ""..., 1, 0, NULL, 0) = 1
2285  22:07:24.296055 sendto(4, ""..., 8, 0, NULL, 0) = 8
2285  22:07:24.296171 sendto(4, ""..., 4, 0, NULL, 0) = 4
2285  22:07:24.296296 recvfrom(4, ""..., 8, 0, NULL, NULL) = 8
2285  22:07:24.296551 recvfrom(4, ""..., 8, 0, NULL, NULL) = 8
2285  22:07:24.297094 sendto(4, ""..., 1, 0, NULL, 0) = 1
2285  22:07:24.297211 sendto(4, ""..., 8, 0, NULL, 0) = 8
2285  22:07:24.297322 sendto(4, ""..., 4, 0, NULL, 0) = 4
2285  22:07:24.297440 recvfrom(4, ""..., 8, 0, NULL, NULL) = 8
2285  22:07:24.297579 recvfrom(4, ""..., 8, 0, NULL, NULL) = 8
2285  22:07:24.298080 sendto(4, ""..., 1, 0, NULL, 0) = 1
2285  22:07:24.298195 sendto(4, ""..., 8, 0, NULL, 0) = 8
2285  22:07:24.298306 recvfrom(4, ""..., 8, 0, NULL, NULL) = 8
2285  22:07:24.298398 recvfrom(4, ""..., 4, 0, NULL, NULL) = 4
2285  22:07:24.299693 +++ exited with 0 +++
2284  22:07:24.300026 socket(AF_INET, SOCK_STREAM, IPPROTO_IP) = 4
2284  22:07:24.300125 setsockopt(4, SOL_TCP, TCP_NODELAY, [1], 4) = 0
2284  22:07:24.300299 connect(4, {sa_family=AF_INET, sin_port=htons(58302), sin_addr=inet_addr("127.0.0.1")}, 16) = 0
2284  22:07:24.300446 sendto(4, ""..., 1, 0, NULL, 0) = 1
2284  22:07:24.300606 sendto(4, ""..., 8, 0, NULL, 0) = 8
2284  22:07:24.300722 sendto(4, ""..., 24, 0, NULL, 0) = 24
2284  22:07:24.300838 recvfrom(4, ""..., 8, 0, NULL, NULL) = 8
2284  22:07:24.300934 recvfrom(4, ""..., 28, 0, NULL, NULL) = 28
2286  22:07:24.301577 sendto(4, ""..., 1, 0, NULL, 0) = 1
2286  22:07:24.301715 sendto(4, ""..., 8, 0, NULL, 0) = 8
2286  22:07:24.301833 sendto(4, ""..., 12, 0, NULL, 0) = 12
2286  22:07:24.301947 recvfrom(4, ""..., 8, 0, NULL, NULL) = 8
2286  22:07:24.302040 recvfrom(4, ""..., 16, 0, NULL, NULL) = 16
2286  22:07:24.302552 sendto(4, ""..., 1, 0, NULL, 0) = 1
2286  22:07:24.302666 sendto(4, ""..., 8, 0, NULL, 0) = 8
2286  22:07:24.302782 sendto(4, ""..., 8, 0, NULL, 0) = 8
2286  22:07:24.302894 recvfrom(4, ""..., 8, 0, NULL, NULL) = 8
2286  22:07:24.302990 recvfrom(4, ""..., 8, 0, NULL, NULL) = 8
2286  22:07:24.319885 sendto(4, ""..., 1, 0, NULL, 0) = 1
2286  22:07:24.320117 sendto(4, ""..., 8, 0, NULL, 0) = 8
2286  22:07:24.320239 sendto(4, ""..., 312, 0, NULL, 0) = 312
2286  22:07:24.320354 recvfrom(4, ""..., 8, 0, NULL, NULL) = 8
2286  22:07:24.341839 recvfrom(4, ""..., 1, 0, NULL, NULL) = 1
2286  22:07:24.351131 sendto(4, ""..., 1, 0, NULL, 0) = 1
2286  22:07:24.351381 sendto(4, ""..., 8, 0, NULL, 0) = 8
2286  22:07:24.351586 sendto(4, ""..., 312, 0, NULL, 0) = 312
2286  22:07:24.351711 recvfrom(4, ""..., 8, 0, NULL, NULL) = 8
2286  22:07:24.362888 recvfrom(4, ""..., 12582912, 0, NULL, NULL) = 126976
2286  22:07:24.363165 recvfrom(4, ""..., 12455936, 0, NULL, NULL) = 94208
2286  22:07:24.363363 recvfrom(4, ""..., 12361728, 0, NULL, NULL) = 172032
2286  22:07:24.363643 recvfrom(4, ""..., 12189696, 0, NULL, NULL) = 145408
2286  22:07:24.363799 recvfrom(4, ""..., 12044288, 0, NULL, NULL) = 188416
2286  22:07:24.363953 recvfrom(4, ""..., 11855872, 0, NULL, NULL) = 471040
2286  22:07:24.364179 recvfrom(4, ""..., 11384832, 0, NULL, NULL) = 282624
2286  22:07:24.364344 recvfrom(4, ""..., 11102208, 0, NULL, NULL) = 94208
2286  22:07:24.364497 recvfrom(4, ""..., 11008000, 0, NULL, NULL) = 188416
2286  22:07:24.364652 recvfrom(4, ""..., 10819584, 0, NULL, NULL) = 94208
2286  22:07:24.364777 recvfrom(4, ""..., 10725376, 0, NULL, NULL) = 94208
2286  22:07:24.364943 recvfrom(4, ""..., 10631168, 0, NULL, NULL) = 374519
2286  22:07:24.365128 recvfrom(4, ""..., 10256649, 0, NULL, NULL) = 392898
2286  22:07:24.365363 recvfrom(4, ""..., 9863751, 0, NULL, NULL) = 1178694
2286  22:07:24.365910 recvfrom(4, ""..., 8685057, 0, NULL, NULL) = 130966
2286  22:07:24.366061 recvfrom(4, ""..., 8554091, 0, NULL, NULL) = 130966
2286  22:07:24.366200 recvfrom(4, ""..., 8423125, 0, NULL, NULL) = 392898
2286  22:07:24.366414 recvfrom(4, ""..., 8030227, 0, NULL, NULL) = 130966
2286  22:07:24.366650 recvfrom(4, ""..., 7899261, 0, NULL, NULL) = 261932
2286  22:07:24.366833 recvfrom(4, ""..., 7637329, 0, NULL, NULL) = 654830
2286  22:07:24.367170 recvfrom(4, ""..., 6982499, 0, NULL, NULL) = 1702558
2286  22:07:24.367797 recvfrom(4, ""..., 5279941, 0, NULL, NULL) = 261932
2286  22:07:24.367958 recvfrom(4, ""..., 5018009, 0, NULL, NULL) = 130966
2286  22:07:24.368089 recvfrom(4, ""..., 4887043, 0, NULL, NULL) = 130966
2286  22:07:24.368370 recvfrom(4, ""..., 4756077, 0, NULL, NULL) = 130966
2286  22:07:24.368530 recvfrom(4, ""..., 4625111, 0, NULL, NULL) = 130966
2286  22:07:24.368934 recvfrom(4, ""..., 4494145, 0, NULL, NULL) = 261932
2286  22:07:24.369134 recvfrom(4, ""..., 4232213, 0, NULL, NULL) = 261932
2286  22:07:24.369296 recvfrom(4, ""..., 3970281, 0, NULL, NULL) = 392898
2286  22:07:24.369526 recvfrom(4, ""..., 3577383, 0, NULL, NULL) = 1178694
2286  22:07:24.370152 recvfrom(4, ""..., 2398689, 0, NULL, NULL) = 1702558
2286  22:07:24.371215 recvfrom(4, ""..., 696131, 0, NULL, NULL) = 696131
2286  22:07:24.375174 sendto(4, ""..., 1, 0, NULL, 0) = 1
2286  22:07:24.375354 sendto(4, ""..., 8, 0, NULL, 0) = 8
2286  22:07:24.375571 sendto(4, ""..., 8, 0, NULL, 0) = 8
2286  22:07:24.376546 +++ exited with 0 +++
2284  22:07:24.378036 +++ exited with 0 +++
