# dmidecode 3.6
Getting SMBIOS data from sysfs.
SMBIOS 3.2.0 present.

Handle 0x0000, DMI type 0, 26 bytes
BIOS Information
	Vendor: American Megatrends Inc.
	Version: 5.12
	Release Date: 01/27/2021
	Address: 0xF0000
	Runtime Size: 64 kB
	ROM Size: 16 MB
	Characteristics:
		PCI is supported
		BIOS is upgradeable
		BIOS shadowing is allowed
		Boot from CD is supported
		Selectable boot is supported
		BIOS ROM is socketed
		EDD is supported
		5.25"/1.2 MB floppy services are supported (int 13h)
		3.5"/720 kB floppy services are supported (int 13h)
		3.5"/2.88 MB floppy services are supported (int 13h)
		Print screen service is supported (int 5h)
		8042 keyboard services are supported (int 9h)
		Serial services are supported (int 14h)
		Printer services are supported (int 17h)
		ACPI is supported
		USB legacy is supported
		BIOS boot specification is supported
		Targeted content distribution is supported
		UEFI is supported
	BIOS Revision: 5.12

Handle 0x0002, DMI type 2, 15 bytes
Base Board Information
	Manufacturer: MINERDUDE
	Product Name: 12XTREME
	Version: Default string
	Serial Number: Default string
	Asset Tag: Default string
	Features:
		Board is a hosting board
		Board is replaceable
	Location In Chassis: Default string
	Chassis Handle: 0x0003
	Type: Motherboard
	Contained Object Handles: 0

Handle 0x001C, DMI type 10, 6 bytes
On Board Device Information
	Type: Video
	Status: Enabled
	Description:    To Be Filled By O.E.M.

Handle 0x0043, DMI type 13, 22 bytes
BIOS Language Information
	Language Description Format: Long
	Installable Languages: 1
		en|US|iso8859-1
	Currently Installed Language: en|US|iso8859-1

Handle 0x004F, DMI type 41, 11 bytes
Onboard Device
	Reference Designation: Onboard - Other
	Type: Other
	Status: Enabled
	Type Instance: 1
	Bus Address: 0000:00:00.0

Handle 0x0050, DMI type 41, 11 bytes
Onboard Device
	Reference Designation: Onboard - Video
	Type: Video
	Status: Enabled
	Type Instance: 1
	Bus Address: 0000:00:02.0

Handle 0x0051, DMI type 41, 11 bytes
Onboard Device
	Reference Designation: Onboard - Other
	Type: Other
	Status: Enabled
	Type Instance: 2
	Bus Address: 0000:00:08.0

Handle 0x0052, DMI type 41, 11 bytes
Onboard Device
	Reference Designation: Onboard - Other
	Type: Other
	Status: Enabled
	Type Instance: 3
	Bus Address: 0000:00:14.0

Handle 0x0053, DMI type 41, 11 bytes
Onboard Device
	Reference Designation: Onboard - Other
	Type: Other
	Status: Enabled
	Type Instance: 4
	Bus Address: 0000:00:14.2

Handle 0x0054, DMI type 41, 11 bytes
Onboard Device
	Reference Designation: Onboard - Other
	Type: Other
	Status: Enabled
	Type Instance: 5
	Bus Address: 0000:00:16.0

Handle 0x0055, DMI type 41, 11 bytes
Onboard Device
	Reference Designation: Onboard - Other
	Type: Other
	Status: Enabled
	Type Instance: 6
	Bus Address: 0000:00:1f.0

Handle 0x0056, DMI type 41, 11 bytes
Onboard Device
	Reference Designation: Onboard - Other
	Type: Other
	Status: Enabled
	Type Instance: 7
	Bus Address: 0000:00:1f.2

Handle 0x0057, DMI type 41, 11 bytes
Onboard Device
	Reference Designation: Onboard - Other
	Type: Other
	Status: Enabled
	Type Instance: 8
	Bus Address: 0000:00:1f.4

