Sep 20 10:53:11 inferswarm02 kernel: evm: security.capability
Sep 20 10:53:11 inferswarm02 kernel: evm: HMAC attrs: 0x1
Sep 20 10:53:11 inferswarm02 kernel: RAS: Correctable Errors collector initialized.
Sep 20 10:53:11 inferswarm02 kernel: clk: Disabling unused clocks
Sep 20 10:53:11 inferswarm02 kernel: PM: genpd: Disabling unused power domains
Sep 20 10:53:11 inferswarm02 kernel: Freeing unused decrypted memory: 2028K
Sep 20 10:53:11 inferswarm02 kernel: Freeing unused kernel image (initmem) memory: 4572K
Sep 20 10:53:11 inferswarm02 kernel: Write protecting the kernel read-only data: 34816k
Sep 20 10:53:11 inferswarm02 kernel: Freeing unused kernel image (text/rodata gap) memory: 616K
Sep 20 10:53:11 inferswarm02 kernel: Freeing unused kernel image (rodata/data gap) memory: 1980K
Sep 20 10:53:11 inferswarm02 kernel: x86/mm: Checked W+X mappings: passed, no W+X pages found.
Sep 20 10:53:11 inferswarm02 kernel: x86/mm: Checking user space page tables
Sep 20 10:53:11 inferswarm02 kernel: x86/mm: Checked W+X mappings: passed, no W+X pages found.
Sep 20 10:53:11 inferswarm02 kernel: Run /init as init process
Sep 20 10:53:11 inferswarm02 kernel:   with arguments:
Sep 20 10:53:11 inferswarm02 kernel:     /init
Sep 20 10:53:11 inferswarm02 kernel:   with environment:
Sep 20 10:53:11 inferswarm02 kernel:     HOME=/
Sep 20 10:53:11 inferswarm02 kernel:     TERM=linux
Sep 20 10:53:11 inferswarm02 kernel: ACPI: bus type USB registered
Sep 20 10:53:11 inferswarm02 kernel: usbcore: registered new interface driver usbfs
Sep 20 10:53:11 inferswarm02 kernel: usbcore: registered new interface driver hub
Sep 20 10:53:11 inferswarm02 kernel: usbcore: registered new device driver usb
Sep 20 10:53:11 inferswarm02 kernel: i801_smbus 0000:00:1f.4: SPD Write Disable is set
Sep 20 10:53:11 inferswarm02 kernel: i801_smbus 0000:00:1f.4: SMBus using PCI interrupt
Sep 20 10:53:11 inferswarm02 kernel: i2c i2c-0: Successfully instantiated SPD at 0x50
Sep 20 10:53:11 inferswarm02 kernel: i2c i2c-0: Successfully instantiated SPD at 0x52
Sep 20 10:53:11 inferswarm02 kernel: xhci_hcd 0000:00:14.0: xHCI Host Controller
Sep 20 10:53:11 inferswarm02 kernel: xhci_hcd 0000:00:14.0: new USB bus registered, assigned bus number 1
Sep 20 10:53:11 inferswarm02 kernel: xhci_hcd 0000:00:14.0: hcc params 0x200077c1 hci version 0x100 quirks 0x0000000000009810
Sep 20 10:53:11 inferswarm02 kernel: xhci_hcd 0000:00:14.0: xHCI Host Controller
Sep 20 10:53:11 inferswarm02 kernel: xhci_hcd 0000:00:14.0: new USB bus registered, assigned bus number 2
Sep 20 10:53:11 inferswarm02 kernel: xhci_hcd 0000:00:14.0: Host supports USB 3.0 SuperSpeed
Sep 20 10:53:11 inferswarm02 kernel: usb usb1: New USB device found, idVendor=1d6b, idProduct=0002, bcdDevice= 7.01
Sep 20 10:53:11 inferswarm02 kernel: usb usb1: New USB device strings: Mfr=3, Product=2, SerialNumber=1
Sep 20 10:53:11 inferswarm02 kernel: usb usb1: Product: xHCI Host Controller
Sep 20 10:53:11 inferswarm02 kernel: usb usb1: Manufacturer: Linux 7.1.8+deb13-amd64 xhci-hcd
Sep 20 10:53:11 inferswarm02 kernel: usb usb1: SerialNumber: 0000:00:14.0
Sep 20 10:53:11 inferswarm02 kernel: hub 1-0:1.0: USB hub found
Sep 20 10:53:11 inferswarm02 kernel: hub 1-0:1.0: 12 ports detected
Sep 20 10:53:11 inferswarm02 kernel: usb usb2: New USB device found, idVendor=1d6b, idProduct=0003, bcdDevice= 7.01
Sep 20 10:53:11 inferswarm02 kernel: usb usb2: New USB device strings: Mfr=3, Product=2, SerialNumber=1
Sep 20 10:53:11 inferswarm02 kernel: usb usb2: Product: xHCI Host Controller
Sep 20 10:53:11 inferswarm02 kernel: usb usb2: Manufacturer: Linux 7.1.8+deb13-amd64 xhci-hcd
Sep 20 10:53:11 inferswarm02 kernel: usb usb2: SerialNumber: 0000:00:14.0
Sep 20 10:53:11 inferswarm02 kernel: hub 2-0:1.0: USB hub found
Sep 20 10:53:11 inferswarm02 kernel: hub 2-0:1.0: 6 ports detected
Sep 20 10:53:11 inferswarm02 kernel: iTCO_wdt iTCO_wdt: Found a Intel PCH TCO device (Version=4, TCOBASE=0x0400)
Sep 20 10:53:11 inferswarm02 kernel: r8169 0000:09:00.0 eth0: RTL8168evl/8111evl, 00:e0:4c:58:72:d0, XID 2c9, IRQ 132
Sep 20 10:53:11 inferswarm02 kernel: r8169 0000:09:00.0 eth0: jumbo features [frames: 9194 bytes, tx checksumming: ko]
Sep 20 10:53:11 inferswarm02 kernel: iTCO_wdt iTCO_wdt: initialized. heartbeat=30 sec (nowayout=0)
Sep 20 10:53:11 inferswarm02 kernel: r8169 0000:09:00.0 enp9s0: renamed from eth0
Sep 20 10:53:11 inferswarm02 kernel: usb 1-7: new low-speed USB device number 2 using xhci_hcd
Sep 20 10:53:11 inferswarm02 kernel: tsc: Refined TSC clocksource calibration: 2807.999 MHz
Sep 20 10:53:11 inferswarm02 kernel: clocksource: tsc: mask: 0xffffffffffffffff max_cycles: 0x2879c523a63, max_idle_ns: 440795252908 ns
Sep 20 10:53:11 inferswarm02 kernel: clocksource: Switched to clocksource tsc
Sep 20 10:53:11 inferswarm02 kernel: usb 1-7: New USB device found, idVendor=16c0, idProduct=05dc, bcdDevice= 1.00
Sep 20 10:53:11 inferswarm02 kernel: usb 1-7: New USB device strings: Mfr=1, Product=2, SerialNumber=0
Sep 20 10:53:11 inferswarm02 kernel: usb 1-7: Product: Fan-Controller
Sep 20 10:53:11 inferswarm02 kernel: usb 1-7: Manufacturer: info@octominer.com
Sep 20 10:53:11 inferswarm02 kernel: usb 2-1: new SuperSpeed USB device number 2 using xhci_hcd
Sep 20 10:53:11 inferswarm02 kernel: usb 2-1: New USB device found, idVendor=152d, idProduct=a578, bcdDevice= 2.14
Sep 20 10:53:11 inferswarm02 kernel: usb 2-1: New USB device strings: Mfr=1, Product=2, SerialNumber=3
Sep 20 10:53:11 inferswarm02 kernel: usb 2-1: Product: SABRENT
Sep 20 10:53:11 inferswarm02 kernel: usb 2-1: Manufacturer: SABRENT
Sep 20 10:53:11 inferswarm02 kernel: usb 2-1: SerialNumber: DD5641988396F
Sep 20 10:53:11 inferswarm02 kernel: SCSI subsystem initialized
Sep 20 10:53:11 inferswarm02 kernel: usbcore: registered new interface driver usb-storage
Sep 20 10:53:11 inferswarm02 kernel: scsi host0: uas
Sep 20 10:53:11 inferswarm02 kernel: usbcore: registered new interface driver uas
Sep 20 10:53:11 inferswarm02 kernel: scsi 0:0:0:0: Direct-Access     SABRENT                   0214 PQ: 0 ANSI: 6
Sep 20 10:53:11 inferswarm02 kernel: sd 0:0:0:0: [sda] 488397168 512-byte logical blocks: (250 GB/233 GiB)
Sep 20 10:53:11 inferswarm02 kernel: sd 0:0:0:0: [sda] 4096-byte physical blocks
Sep 20 10:53:11 inferswarm02 kernel: sd 0:0:0:0: [sda] Write Protect is off
Sep 20 10:53:11 inferswarm02 kernel: sd 0:0:0:0: [sda] Mode Sense: 53 00 00 08
Sep 20 10:53:11 inferswarm02 kernel: sd 0:0:0:0: [sda] Write cache: enabled, read cache: enabled, doesn't support DPO or FUA
Sep 20 10:53:11 inferswarm02 kernel: usb 2-2: new SuperSpeed USB device number 3 using xhci_hcd
Sep 20 10:53:11 inferswarm02 kernel: sd 0:0:0:0: [sda] Preferred minimum I/O size 4096 bytes
Sep 20 10:53:11 inferswarm02 kernel: sd 0:0:0:0: [sda] Optimal transfer size 33553920 bytes not a multiple of preferred minimum block size (4096 bytes)
Sep 20 10:53:11 inferswarm02 kernel: usb 2-2: New USB device found, idVendor=152d, idProduct=a578, bcdDevice= 2.14
Sep 20 10:53:11 inferswarm02 kernel: usb 2-2: New USB device strings: Mfr=1, Product=2, SerialNumber=3
Sep 20 10:53:11 inferswarm02 kernel: usb 2-2: Product: SABRENT
Sep 20 10:53:11 inferswarm02 kernel: usb 2-2: Manufacturer: SABRENT
Sep 20 10:53:11 inferswarm02 kernel: usb 2-2: SerialNumber: DD5641988396F
Sep 20 10:53:11 inferswarm02 kernel: scsi host1: uas
Sep 20 10:53:11 inferswarm02 kernel: scsi 1:0:0:0: Direct-Access     SABRENT                   0214 PQ: 0 ANSI: 6
Sep 20 10:53:11 inferswarm02 kernel: sd 1:0:0:0: [sdb] 4000797360 512-byte logical blocks: (2.05 TB/1.86 TiB)
Sep 20 10:53:11 inferswarm02 kernel: sd 1:0:0:0: [sdb] 4096-byte physical blocks
Sep 20 10:53:11 inferswarm02 kernel: sd 1:0:0:0: [sdb] Write Protect is off
Sep 20 10:53:11 inferswarm02 kernel: sd 1:0:0:0: [sdb] Mode Sense: 53 00 00 08
Sep 20 10:53:11 inferswarm02 kernel: sd 1:0:0:0: [sdb] Write cache: enabled, read cache: enabled, doesn't support DPO or FUA
Sep 20 10:53:11 inferswarm02 kernel:  sda: sda1 sda2 sda3
Sep 20 10:53:11 inferswarm02 kernel: sd 0:0:0:0: [sda] Attached SCSI disk
Sep 20 10:53:11 inferswarm02 kernel: sd 1:0:0:0: [sdb] Preferred minimum I/O size 4096 bytes
Sep 20 10:53:11 inferswarm02 kernel: sd 1:0:0:0: [sdb] Optimal transfer size 33553920 bytes not a multiple of preferred minimum block size (4096 bytes)
Sep 20 10:53:11 inferswarm02 kernel:  sdb: sdb1
Sep 20 10:53:11 inferswarm02 kernel: sd 1:0:0:0: [sdb] Attached SCSI disk
Sep 20 10:53:11 inferswarm02 kernel: PM: Image not found (code -22)
Sep 20 10:53:11 inferswarm02 kernel: EXT4-fs (sda3): orphan cleanup on readonly fs
Sep 20 10:53:11 inferswarm02 kernel: EXT4-fs (sda3): mounted filesystem f3a7ad1c-0eae-4cbb-93d1-237704be9444 ro with ordered data mode. Quota mode: none.
Sep 20 10:53:11 inferswarm02 kernel: Not activating Mandatory Access Control as /sbin/tomoyo-init does not exist.
Sep 20 10:53:11 inferswarm02 systemd[1]: Inserted module 'autofs4'
Sep 20 10:53:11 inferswarm02 systemd[1]: systemd 257.13-1~deb13u1 running in system mode (+PAM +AUDIT +SELINUX +APPARMOR +IMA +IPE +SMACK +SECCOMP +GCRYPT -GNUTLS +OPENSSL +ACL +BLKID +CURL +ELFUTILS +FIDO2 +IDN2 -IDN +IPTC +KMOD +LIBCRYPTSETUP +LIBCRYPTSETUP_PLUGINS +LIBFDISK +PCRE2 +PWQUALITY +P11KIT +QRENCODE +TPM2 +BZIP2 +LZ4 +XZ +ZLIB +ZSTD +BPF_FRAMEWORK +BTF -XKBCOMMON -UTMP +SYSVINIT +LIBARCHIVE)
Sep 20 10:53:11 inferswarm02 systemd[1]: Detected architecture x86-64.
Sep 20 10:53:11 inferswarm02 systemd[1]: Hostname set to <inferswarm02>.
Sep 20 10:53:11 inferswarm02 systemd[1]: bpf-restrict-fs: LSM BPF program attached
Sep 20 10:53:11 inferswarm02 systemd[1]: Queued start job for default target graphical.target.
Sep 20 10:53:11 inferswarm02 systemd[1]: Created slice system-getty.slice - Slice /system/getty.
Sep 20 10:53:11 inferswarm02 systemd[1]: Created slice system-modprobe.slice - Slice /system/modprobe.
Sep 20 10:53:11 inferswarm02 systemd[1]: Created slice system-systemd\x2dfsck.slice - Slice /system/systemd-fsck.
Sep 20 10:53:11 inferswarm02 systemd[1]: Created slice user.slice - User and Session Slice.
Sep 20 10:53:11 inferswarm02 systemd[1]: Started systemd-ask-password-console.path - Dispatch Password Requests to Console Directory Watch.
Sep 20 10:53:11 inferswarm02 systemd[1]: Started systemd-ask-password-wall.path - Forward Password Requests to Wall Directory Watch.
Sep 20 10:53:11 inferswarm02 systemd[1]: Set up automount proc-sys-fs-binfmt_misc.automount - Arbitrary Executable File Formats File System Automount Point.
Sep 20 10:53:11 inferswarm02 systemd[1]: Expecting device dev-disk-by\x2duuid-3fee1720\x2d74f8\x2d47ee\x2d8560\x2d448cd2539a07.device - /dev/disk/by-uuid/3fee1720-74f8-47ee-8560-448cd2539a07...
Sep 20 10:53:11 inferswarm02 systemd[1]: Expecting device dev-disk-by\x2duuid-5A69\x2d5043.device - /dev/disk/by-uuid/5A69-5043...
Sep 20 10:53:11 inferswarm02 systemd[1]: Expecting device dev-disk-by\x2duuid-a514c609\x2db142\x2d465b\x2d81ef\x2d23fc6f6b5b4e.device - /dev/disk/by-uuid/a514c609-b142-465b-81ef-23fc6f6b5b4e...
Sep 20 10:53:11 inferswarm02 systemd[1]: Reached target network-pre.target - Preparation for Network.
Sep 20 10:53:11 inferswarm02 systemd[1]: Reached target paths.target - Path Units.
Sep 20 10:53:11 inferswarm02 systemd[1]: Reached target remote-fs.target - Remote File Systems.
Sep 20 10:53:11 inferswarm02 systemd[1]: Reached target slices.target - Slice Units.
Sep 20 10:53:11 inferswarm02 systemd[1]: Listening on systemd-creds.socket - Credential Encryption/Decryption.
Sep 20 10:53:11 inferswarm02 systemd[1]: Listening on systemd-initctl.socket - initctl Compatibility Named Pipe.
Sep 20 10:53:11 inferswarm02 systemd[1]: Listening on systemd-journald-dev-log.socket - Journal Socket (/dev/log).
Sep 20 10:53:11 inferswarm02 systemd[1]: Listening on systemd-journald.socket - Journal Sockets.
Sep 20 10:53:11 inferswarm02 systemd[1]: systemd-pcrextend.socket - TPM PCR Measurements skipped, unmet condition check ConditionSecurity=measured-uki
Sep 20 10:53:11 inferswarm02 systemd[1]: systemd-pcrlock.socket - Make TPM PCR Policy skipped, unmet condition check ConditionSecurity=measured-uki
Sep 20 10:53:11 inferswarm02 systemd[1]: Listening on systemd-udevd-control.socket - udev Control Socket.
Sep 20 10:53:11 inferswarm02 systemd[1]: Listening on systemd-udevd-kernel.socket - udev Kernel Socket.
Sep 20 10:53:11 inferswarm02 systemd[1]: Mounting dev-hugepages.mount - Huge Pages File System...
Sep 20 10:53:11 inferswarm02 systemd[1]: Mounting dev-mqueue.mount - POSIX Message Queue File System...
Sep 20 10:53:11 inferswarm02 systemd[1]: Mounting run-lock.mount - Legacy Locks Directory /run/lock...
Sep 20 10:53:11 inferswarm02 systemd[1]: Mounting sys-kernel-debug.mount - Kernel Debug File System...
Sep 20 10:53:11 inferswarm02 systemd[1]: Mounting sys-kernel-tracing.mount - Kernel Trace File System...
Sep 20 10:53:11 inferswarm02 systemd[1]: Starting keyboard-setup.service - Set the console keyboard layout...
Sep 20 10:53:11 inferswarm02 systemd[1]: Starting kmod-static-nodes.service - Create List of Static Device Nodes...
Sep 20 10:53:11 inferswarm02 systemd[1]: Starting modprobe@configfs.service - Load Kernel Module configfs...
Sep 20 10:53:11 inferswarm02 systemd[1]: Starting modprobe@drm.service - Load Kernel Module drm...
Sep 20 10:53:11 inferswarm02 systemd[1]: Starting modprobe@efi_pstore.service - Load Kernel Module efi_pstore...
Sep 20 10:53:11 inferswarm02 systemd[1]: Starting modprobe@fuse.service - Load Kernel Module fuse...
Sep 20 10:53:11 inferswarm02 systemd[1]: systemd-fsck-root.service - File System Check on Root Device skipped, unmet condition check ConditionPathExists=!/run/initramfs/fsck-root
Sep 20 10:53:11 inferswarm02 systemd[1]: systemd-hibernate-clear.service - Clear Stale Hibernate Storage Info skipped, unmet condition check ConditionPathExists=/sys/firmware/efi/efivars/HibernateLocation-8cf2644b-4b0b-428f-9387-6d876050dc67
Sep 20 10:53:11 inferswarm02 systemd[1]: Starting systemd-journald.service - Journal Service...
Sep 20 10:53:11 inferswarm02 systemd[1]: Starting systemd-modules-load.service - Load Kernel Modules...
Sep 20 10:53:11 inferswarm02 systemd[1]: systemd-pcrmachine.service - TPM PCR Machine ID Measurement skipped, unmet condition check ConditionSecurity=measured-uki
Sep 20 10:53:11 inferswarm02 systemd[1]: Starting systemd-remount-fs.service - Remount Root and Kernel File Systems...
Sep 20 10:53:11 inferswarm02 systemd[1]: systemd-tpm2-setup-early.service - Early TPM SRK Setup skipped, unmet condition check ConditionSecurity=measured-uki
Sep 20 10:53:11 inferswarm02 systemd[1]: Starting systemd-udev-load-credentials.service - Load udev Rules from Credentials...
Sep 20 10:53:11 inferswarm02 systemd[1]: Starting systemd-udev-trigger.service - Coldplug All udev Devices...
Sep 20 10:53:11 inferswarm02 kernel: pstore: Using crash dump compression: deflate
Sep 20 10:53:11 inferswarm02 systemd[1]: Mounted dev-hugepages.mount - Huge Pages File System.
Sep 20 10:53:11 inferswarm02 systemd[1]: Mounted dev-mqueue.mount - POSIX Message Queue File System.
Sep 20 10:53:11 inferswarm02 systemd[1]: Mounted run-lock.mount - Legacy Locks Directory /run/lock.
Sep 20 10:53:11 inferswarm02 systemd[1]: Mounted sys-kernel-debug.mount - Kernel Debug File System.
Sep 20 10:53:11 inferswarm02 systemd[1]: Mounted sys-kernel-tracing.mount - Kernel Trace File System.
Sep 20 10:53:11 inferswarm02 kernel: pstore: Registered efi_pstore as persistent store backend
Sep 20 10:53:11 inferswarm02 systemd[1]: Finished kmod-static-nodes.service - Create List of Static Device Nodes.
Sep 20 10:53:11 inferswarm02 systemd[1]: modprobe@configfs.service: Deactivated successfully.
Sep 20 10:53:11 inferswarm02 systemd[1]: Finished modprobe@configfs.service - Load Kernel Module configfs.
Sep 20 10:53:11 inferswarm02 systemd[1]: modprobe@efi_pstore.service: Deactivated successfully.
Sep 20 10:53:11 inferswarm02 systemd[1]: Finished modprobe@efi_pstore.service - Load Kernel Module efi_pstore.
Sep 20 10:53:11 inferswarm02 systemd[1]: modprobe@fuse.service: Deactivated successfully.
Sep 20 10:53:11 inferswarm02 systemd[1]: Finished modprobe@fuse.service - Load Kernel Module fuse.
Sep 20 10:53:11 inferswarm02 systemd[1]: Mounting sys-fs-fuse-connections.mount - FUSE Control File System...
Sep 20 10:53:11 inferswarm02 systemd[1]: Mounting sys-kernel-config.mount - Kernel Configuration File System...
Sep 20 10:53:11 inferswarm02 systemd[1]: Starting systemd-tmpfiles-setup-dev-early.service - Create Static Device Nodes in /dev gracefully...
Sep 20 10:53:11 inferswarm02 kernel: EXT4-fs (sda3): re-mounted f3a7ad1c-0eae-4cbb-93d1-237704be9444 r/w.
Sep 20 10:53:11 inferswarm02 systemd-journald[242]: Collecting audit messages is disabled.
Sep 20 10:53:11 inferswarm02 kernel: it87: Found IT8772E chip at 0xa30, revision 1
Sep 20 10:53:11 inferswarm02 kernel: it87: Beeping is supported
Sep 20 10:53:11 inferswarm02 systemd[1]: Finished systemd-remount-fs.service - Remount Root and Kernel File Systems.
Sep 20 10:53:11 inferswarm02 systemd[1]: Finished systemd-udev-load-credentials.service - Load udev Rules from Credentials.
Sep 20 10:53:11 inferswarm02 systemd[1]: systemd-hwdb-update.service - Rebuild Hardware Database skipped, unmet condition check ConditionNeedsUpdate=/etc
Sep 20 10:53:11 inferswarm02 systemd[1]: systemd-pstore.service - Platform Persistent Storage Archival skipped, unmet condition check ConditionDirectoryNotEmpty=/sys/fs/pstore
Sep 20 10:53:11 inferswarm02 systemd[1]: Starting systemd-random-seed.service - Load/Save OS Random Seed...
Sep 20 10:53:11 inferswarm02 systemd[1]: systemd-tpm2-setup.service - TPM SRK Setup skipped, unmet condition check ConditionSecurity=measured-uki
Sep 20 10:53:11 inferswarm02 systemd[1]: Mounted sys-kernel-config.mount - Kernel Configuration File System.
Sep 20 10:53:11 inferswarm02 systemd[1]: Mounted sys-fs-fuse-connections.mount - FUSE Control File System.
Sep 20 10:53:11 inferswarm02 systemd[1]: Finished systemd-modules-load.service - Load Kernel Modules.
Sep 20 10:53:11 inferswarm02 kernel: ACPI: bus type drm_connector registered
Sep 20 10:53:11 inferswarm02 systemd[1]: Starting systemd-sysctl.service - Apply Kernel Variables...
Sep 20 10:53:11 inferswarm02 systemd[1]: Finished systemd-tmpfiles-setup-dev-early.service - Create Static Device Nodes in /dev gracefully.
Sep 20 10:53:11 inferswarm02 systemd[1]: modprobe@drm.service: Deactivated successfully.
Sep 20 10:53:11 inferswarm02 systemd[1]: Finished modprobe@drm.service - Load Kernel Module drm.
Sep 20 10:53:11 inferswarm02 systemd[1]: systemd-sysusers.service - Create System Users skipped, no trigger condition checks were met.
Sep 20 10:53:11 inferswarm02 systemd[1]: Starting systemd-timesyncd.service - Network Time Synchronization...
Sep 20 10:53:11 inferswarm02 systemd[1]: Starting systemd-tmpfiles-setup-dev.service - Create Static Device Nodes in /dev...
Sep 20 10:53:11 inferswarm02 systemd[1]: Finished systemd-sysctl.service - Apply Kernel Variables.
Sep 20 10:53:11 inferswarm02 systemd[1]: Finished systemd-random-seed.service - Load/Save OS Random Seed.
Sep 20 10:53:11 inferswarm02 systemd[1]: Finished keyboard-setup.service - Set the console keyboard layout.
Sep 20 10:53:11 inferswarm02 systemd[1]: Finished systemd-tmpfiles-setup-dev.service - Create Static Device Nodes in /dev.
Sep 20 10:53:11 inferswarm02 systemd[1]: Reached target local-fs-pre.target - Preparation for Local File Systems.
Sep 20 10:53:11 inferswarm02 systemd[1]: Starting systemd-udevd.service - Rule-based Manager for Device Events and Files...
Sep 20 10:53:11 inferswarm02 systemd[1]: Started systemd-timesyncd.service - Network Time Synchronization.
Sep 20 10:53:11 inferswarm02 systemd[1]: Reached target time-set.target - System Time Set.
Sep 20 10:53:11 inferswarm02 systemd[1]: Started systemd-udevd.service - Rule-based Manager for Device Events and Files.
Sep 20 10:53:11 inferswarm02 kernel: usb 1-4: new low-speed USB device number 3 using xhci_hcd
Sep 20 10:53:11 inferswarm02 systemd[1]: Finished systemd-udev-trigger.service - Coldplug All udev Devices.
Sep 20 10:53:11 inferswarm02 systemd[1]: Starting ifupdown-pre.service - Helper to synchronize boot up for ifupdown...
Sep 20 10:53:11 inferswarm02 systemd[1]: Started systemd-journald.service - Journal Service.
