Sep 18 10:59:28 inferswarm02 kernel: pcieport 0000:00:1d.0: AER: Correctable error message received from 0000:02:00.0
Sep 18 10:59:28 inferswarm02 kernel: pcieport 0000:02:00.0: PCIe Bus Error: severity=Correctable, type=Data Link Layer, (Receiver ID)
Sep 18 10:59:28 inferswarm02 kernel: pcieport 0000:02:00.0:   device [11f8:8533] error status/mask=00000040/0000e000
Sep 18 10:59:28 inferswarm02 kernel: pcieport 0000:02:00.0:    [ 6] BadTLP                
Sep 18 10:59:28 inferswarm02 kernel: pcieport 0000:00:1d.0: AER: Correctable error message received from 0000:02:00.0
Sep 18 10:59:28 inferswarm02 kernel: pcieport 0000:02:00.0: PCIe Bus Error: severity=Correctable, type=Data Link Layer, (Receiver ID)
Sep 18 10:59:28 inferswarm02 kernel: pcieport 0000:02:00.0:   device [11f8:8533] error status/mask=00000040/0000e000
Sep 18 10:59:28 inferswarm02 kernel: pcieport 0000:02:00.0:    [ 6] BadTLP                
Sep 18 10:59:28 inferswarm02 kernel: pcieport 0000:00:1d.0: AER: Correctable error message received from 0000:02:00.0
Sep 18 10:59:28 inferswarm02 kernel: pcieport 0000:02:00.0: PCIe Bus Error: severity=Correctable, type=Data Link Layer, (Receiver ID)
Sep 18 10:59:28 inferswarm02 kernel: pcieport 0000:02:00.0:   device [11f8:8533] error status/mask=00000040/0000e000
Sep 18 10:59:28 inferswarm02 kernel: pcieport 0000:02:00.0:    [ 6] BadTLP                
Sep 18 10:59:28 inferswarm02 kernel: pcieport 0000:00:1d.0: AER: Correctable error message received from 0000:02:00.0
Sep 18 10:59:28 inferswarm02 kernel: pcieport 0000:02:00.0: PCIe Bus Error: severity=Correctable, type=Data Link Layer, (Receiver ID)
Sep 18 10:59:28 inferswarm02 kernel: pcieport 0000:02:00.0:   device [11f8:8533] error status/mask=00000040/0000e000
Sep 18 10:59:28 inferswarm02 kernel: pcieport 0000:02:00.0:    [ 6] BadTLP                
Sep 18 10:59:28 inferswarm02 kernel: pcieport 0000:00:1d.0: AER: Correctable error message received from 0000:02:00.0
Sep 18 10:59:28 inferswarm02 kernel: pcieport 0000:02:00.0: PCIe Bus Error: severity=Correctable, type=Data Link Layer, (Receiver ID)
Sep 18 10:59:28 inferswarm02 kernel: pcieport 0000:02:00.0:   device [11f8:8533] error status/mask=00000040/0000e000
Sep 18 10:59:28 inferswarm02 kernel: pcieport 0000:02:00.0:    [ 6] BadTLP                
Sep 18 10:59:28 inferswarm02 kernel: pcieport 0000:00:1d.0: AER: Correctable error message received from 0000:02:00.0
Sep 18 10:59:28 inferswarm02 kernel: pcieport 0000:02:00.0: PCIe Bus Error: severity=Correctable, type=Data Link Layer, (Receiver ID)
Sep 18 10:59:28 inferswarm02 kernel: pcieport 0000:02:00.0:   device [11f8:8533] error status/mask=00000040/0000e000
Sep 18 10:59:28 inferswarm02 kernel: pcieport 0000:02:00.0:    [ 6] BadTLP                
Sep 18 10:59:28 inferswarm02 kernel: pcieport 0000:00:1d.0: AER: Correctable error message received from 0000:02:00.0
Sep 18 10:59:28 inferswarm02 kernel: pcieport 0000:02:00.0: PCIe Bus Error: severity=Correctable, type=Data Link Layer, (Receiver ID)
Sep 18 10:59:28 inferswarm02 kernel: pcieport 0000:02:00.0:   device [11f8:8533] error status/mask=00000040/0000e000
Sep 18 10:59:28 inferswarm02 kernel: pcieport 0000:02:00.0:    [ 6] BadTLP                
Sep 18 10:59:28 inferswarm02 kernel: pcieport 0000:00:1d.0: AER: Correctable error message received from 0000:02:00.0
Sep 18 10:59:28 inferswarm02 kernel: pcieport 0000:02:00.0: PCIe Bus Error: severity=Correctable, type=Data Link Layer, (Receiver ID)
Sep 18 10:59:28 inferswarm02 kernel: pcieport 0000:02:00.0:   device [11f8:8533] error status/mask=00000040/0000e000
Sep 18 10:59:28 inferswarm02 kernel: pcieport 0000:02:00.0:    [ 6] BadTLP                
Sep 18 10:59:28 inferswarm02 kernel: pcieport 0000:00:1d.0: AER: Correctable error message received from 0000:02:00.0
Sep 18 10:59:28 inferswarm02 kernel: pcieport 0000:02:00.0: PCIe Bus Error: severity=Correctable, type=Data Link Layer, (Receiver ID)
Sep 18 10:59:28 inferswarm02 kernel: pcieport 0000:02:00.0:   device [11f8:8533] error status/mask=00000040/0000e000
Sep 18 10:59:28 inferswarm02 kernel: pcieport 0000:02:00.0:    [ 6] BadTLP                
Sep 18 10:59:28 inferswarm02 kernel: pcieport 0000:00:1d.0: AER: Correctable error message received from 0000:02:00.0
Sep 18 10:59:28 inferswarm02 kernel: pcieport 0000:02:00.0: PCIe Bus Error: severity=Correctable, type=Data Link Layer, (Receiver ID)
Sep 18 10:59:28 inferswarm02 kernel: pcieport 0000:02:00.0:   device [11f8:8533] error status/mask=00000040/0000e000
Sep 18 10:59:28 inferswarm02 kernel: pcieport 0000:02:00.0:    [ 6] BadTLP                
Sep 18 10:59:33 inferswarm02 kernel: pcieport 0000:00:1d.0: AER: Correctable error message received from 0000:02:00.0
Sep 18 10:59:33 inferswarm02 kernel: pcieport 0000:02:00.0: PCIe Bus Error: severity=Correctable, type=Data Link Layer, (Receiver ID)
Sep 18 10:59:33 inferswarm02 kernel: pcieport 0000:02:00.0:   device [11f8:8533] error status/mask=00000040/0000e000
Sep 18 10:59:33 inferswarm02 kernel: pcieport 0000:02:00.0:    [ 6] BadTLP                
Sep 18 10:59:33 inferswarm02 kernel: pcieport 0000:00:1d.0: AER: Correctable error message received from 0000:02:00.0
Sep 18 10:59:33 inferswarm02 kernel: pcieport 0000:02:00.0: PCIe Bus Error: severity=Correctable, type=Data Link Layer, (Receiver ID)
Sep 18 10:59:33 inferswarm02 kernel: pcieport 0000:02:00.0:   device [11f8:8533] error status/mask=00000040/0000e000
Sep 18 10:59:33 inferswarm02 kernel: pcieport 0000:02:00.0:    [ 6] BadTLP                
Sep 18 10:59:33 inferswarm02 kernel: pcieport 0000:00:1d.0: AER: Correctable error message received from 0000:02:00.0
Sep 18 10:59:33 inferswarm02 kernel: pcieport 0000:02:00.0: PCIe Bus Error: severity=Correctable, type=Data Link Layer, (Receiver ID)
Sep 18 10:59:33 inferswarm02 kernel: pcieport 0000:02:00.0:   device [11f8:8533] error status/mask=00000040/0000e000
Sep 18 10:59:33 inferswarm02 kernel: pcieport 0000:02:00.0:    [ 6] BadTLP                
Sep 18 10:59:33 inferswarm02 kernel: pcieport 0000:00:1d.0: AER: Correctable error message received from 0000:02:00.0
Sep 18 10:59:33 inferswarm02 kernel: pcieport 0000:02:00.0: PCIe Bus Error: severity=Correctable, type=Data Link Layer, (Receiver ID)
Sep 18 10:59:33 inferswarm02 kernel: pcieport 0000:02:00.0:   device [11f8:8533] error status/mask=00000040/0000e000
Sep 18 10:59:33 inferswarm02 kernel: pcieport 0000:02:00.0:    [ 6] BadTLP                
Sep 18 10:59:33 inferswarm02 kernel: pcieport 0000:00:1d.0: AER: Correctable error message received from 0000:02:00.0
Sep 18 10:59:33 inferswarm02 kernel: pcieport 0000:02:00.0: PCIe Bus Error: severity=Correctable, type=Data Link Layer, (Receiver ID)
Sep 18 10:59:33 inferswarm02 kernel: pcieport 0000:02:00.0:   device [11f8:8533] error status/mask=00000040/0000e000
Sep 18 10:59:33 inferswarm02 kernel: pcieport 0000:02:00.0:    [ 6] BadTLP                
Sep 18 10:59:33 inferswarm02 kernel: pcieport 0000:00:1d.0: AER: Correctable error message received from 0000:02:00.0
Sep 18 10:59:33 inferswarm02 kernel: pcieport 0000:02:00.0: PCIe Bus Error: severity=Correctable, type=Data Link Layer, (Receiver ID)
Sep 18 10:59:33 inferswarm02 kernel: pcieport 0000:02:00.0:   device [11f8:8533] error status/mask=00000040/0000e000
Sep 18 10:59:33 inferswarm02 kernel: pcieport 0000:02:00.0:    [ 6] BadTLP                
Sep 18 10:59:33 inferswarm02 kernel: pcieport 0000:00:1d.0: AER: Correctable error message received from 0000:02:00.0
Sep 18 10:59:33 inferswarm02 kernel: pcieport 0000:02:00.0: PCIe Bus Error: severity=Correctable, type=Data Link Layer, (Receiver ID)
Sep 18 10:59:33 inferswarm02 kernel: pcieport 0000:02:00.0:   device [11f8:8533] error status/mask=00000040/0000e000
Sep 18 10:59:33 inferswarm02 kernel: pcieport 0000:02:00.0:    [ 6] BadTLP                
Sep 18 10:59:33 inferswarm02 kernel: pcieport 0000:00:1d.0: AER: Correctable error message received from 0000:02:00.0
Sep 18 10:59:33 inferswarm02 kernel: pcieport 0000:02:00.0: PCIe Bus Error: severity=Correctable, type=Data Link Layer, (Receiver ID)
Sep 18 10:59:33 inferswarm02 kernel: pcieport 0000:02:00.0:   device [11f8:8533] error status/mask=00000040/0000e000
Sep 18 10:59:33 inferswarm02 kernel: pcieport 0000:02:00.0:    [ 6] BadTLP                
Sep 18 10:59:33 inferswarm02 kernel: pcieport 0000:00:1d.0: AER: Correctable error message received from 0000:02:00.0
Sep 18 10:59:33 inferswarm02 kernel: pcieport 0000:02:00.0: PCIe Bus Error: severity=Correctable, type=Data Link Layer, (Receiver ID)
Sep 18 10:59:33 inferswarm02 kernel: pcieport 0000:02:00.0:   device [11f8:8533] error status/mask=00000040/0000e000
Sep 18 10:59:33 inferswarm02 kernel: pcieport 0000:02:00.0:    [ 6] BadTLP                
Sep 18 10:59:33 inferswarm02 kernel: pcieport 0000:00:1d.0: AER: Correctable error message received from 0000:02:00.0
Sep 18 10:59:33 inferswarm02 kernel: pcieport 0000:02:00.0: PCIe Bus Error: severity=Correctable, type=Data Link Layer, (Receiver ID)
Sep 18 10:59:33 inferswarm02 kernel: pcieport 0000:02:00.0:   device [11f8:8533] error status/mask=00000040/0000e000
Sep 18 10:59:33 inferswarm02 kernel: pcieport 0000:02:00.0:    [ 6] BadTLP                
Sep 18 10:59:34 inferswarm02 kernel: pcieport 0000:00:1d.0: AER: Correctable error message received from 0000:00:1d.0
Sep 18 10:59:34 inferswarm02 kernel: pcieport 0000:00:1d.0: PCIe Bus Error: severity=Correctable, type=Data Link Layer, (Transmitter ID)
Sep 18 10:59:34 inferswarm02 kernel: pcieport 0000:00:1d.0:   device [8086:a29a] error status/mask=00001000/00002000
Sep 18 10:59:34 inferswarm02 kernel: pcieport 0000:00:1d.0:    [12] Timeout               
Sep 18 10:59:34 inferswarm02 kernel: pcieport 0000:00:1d.0: AER: Multiple Correctable error message received from 0000:00:1d.0
Sep 18 10:59:34 inferswarm02 kernel: pcieport 0000:00:1d.0: PCIe Bus Error: severity=Correctable, type=Data Link Layer, (Transmitter ID)
Sep 18 10:59:34 inferswarm02 kernel: pcieport 0000:00:1d.0:   device [8086:a29a] error status/mask=00001000/00002000
Sep 18 10:59:34 inferswarm02 kernel: pcieport 0000:00:1d.0:    [12] Timeout               
Sep 18 10:59:34 inferswarm02 kernel: pcieport 0000:00:1d.0: AER:   Error of this Agent is reported first
Sep 18 10:59:34 inferswarm02 kernel: pcieport 0000:00:1d.0: AER: Correctable error message received from 0000:00:1d.0
Sep 18 10:59:34 inferswarm02 kernel: pcieport 0000:00:1d.0: PCIe Bus Error: severity=Correctable, type=Data Link Layer, (Transmitter ID)
Sep 18 10:59:34 inferswarm02 kernel: pcieport 0000:00:1d.0:   device [8086:a29a] error status/mask=00001000/00002000
Sep 18 10:59:34 inferswarm02 kernel: pcieport 0000:00:1d.0:    [12] Timeout               
Sep 18 10:59:38 inferswarm02 kernel: pcieport 0000:00:1d.0: AER: Correctable error message received from 0000:02:00.0
Sep 18 10:59:38 inferswarm02 kernel: pcieport 0000:02:00.0: PCIe Bus Error: severity=Correctable, type=Physical Layer, (Receiver ID)
Sep 18 10:59:38 inferswarm02 kernel: pcieport 0000:02:00.0:   device [11f8:8533] error status/mask=00000001/0000e000
Sep 18 10:59:38 inferswarm02 kernel: pcieport 0000:02:00.0:    [ 0] RxErr                  (First)
Sep 18 10:59:38 inferswarm02 kernel: pcieport 0000:00:1d.0: AER: Correctable error message received from 0000:02:00.0
Sep 18 10:59:38 inferswarm02 kernel: pcieport 0000:02:00.0: PCIe Bus Error: severity=Correctable, type=Physical Layer, (Receiver ID)
Sep 18 10:59:38 inferswarm02 kernel: pcieport 0000:02:00.0:   device [11f8:8533] error status/mask=00000001/0000e000
Sep 18 10:59:38 inferswarm02 kernel: pcieport 0000:02:00.0:    [ 0] RxErr                  (First)
Sep 18 10:59:38 inferswarm02 kernel: pcieport 0000:00:1d.0: AER: Correctable error message received from 0000:02:00.0
Sep 18 10:59:38 inferswarm02 kernel: pcieport 0000:02:00.0: PCIe Bus Error: severity=Correctable, type=Physical Layer, (Receiver ID)
Sep 18 10:59:38 inferswarm02 kernel: pcieport 0000:02:00.0:   device [11f8:8533] error status/mask=00000001/0000e000
Sep 18 10:59:38 inferswarm02 kernel: pcieport 0000:02:00.0:    [ 0] RxErr                  (First)
Sep 18 10:59:38 inferswarm02 kernel: pcieport 0000:00:1d.0: AER: Correctable error message received from 0000:02:00.0
Sep 18 10:59:38 inferswarm02 kernel: pcieport 0000:02:00.0: PCIe Bus Error: severity=Correctable, type=Physical Layer, (Receiver ID)
Sep 18 10:59:38 inferswarm02 kernel: pcieport 0000:02:00.0:   device [11f8:8533] error status/mask=00000001/0000e000
Sep 18 10:59:38 inferswarm02 kernel: pcieport 0000:02:00.0:    [ 0] RxErr                  (First)
Sep 18 10:59:39 inferswarm02 kernel: pcieport 0000:00:1d.0: AER: Correctable error message received from 0000:02:00.0
Sep 18 10:59:39 inferswarm02 kernel: pcieport 0000:02:00.0: PCIe Bus Error: severity=Correctable, type=Physical Layer, (Receiver ID)
Sep 18 10:59:39 inferswarm02 kernel: pcieport 0000:02:00.0:   device [11f8:8533] error status/mask=00000001/0000e000
Sep 18 10:59:39 inferswarm02 kernel: pcieport 0000:02:00.0:    [ 0] RxErr                  (First)
Sep 18 10:59:39 inferswarm02 kernel: pcieport 0000:00:1d.0: AER: Correctable error message received from 0000:02:00.0
Sep 18 10:59:39 inferswarm02 kernel: pcieport 0000:02:00.0: PCIe Bus Error: severity=Correctable, type=Physical Layer, (Receiver ID)
Sep 18 10:59:39 inferswarm02 kernel: pcieport 0000:02:00.0:   device [11f8:8533] error status/mask=00000001/0000e000
Sep 18 10:59:39 inferswarm02 kernel: pcieport 0000:02:00.0:    [ 0] RxErr                  (First)
Sep 18 10:59:39 inferswarm02 kernel: pcieport 0000:00:1d.0: AER: Correctable error message received from 0000:02:00.0
Sep 18 10:59:39 inferswarm02 kernel: pcieport 0000:02:00.0: PCIe Bus Error: severity=Correctable, type=Physical Layer, (Receiver ID)
Sep 18 10:59:39 inferswarm02 kernel: pcieport 0000:02:00.0:   device [11f8:8533] error status/mask=00000001/0000e000
Sep 18 10:59:39 inferswarm02 kernel: pcieport 0000:02:00.0:    [ 0] RxErr                  (First)
Sep 18 10:59:39 inferswarm02 kernel: pcieport 0000:00:1d.0: AER: Correctable error message received from 0000:02:00.0
Sep 18 10:59:39 inferswarm02 kernel: pcieport 0000:02:00.0: PCIe Bus Error: severity=Correctable, type=Physical Layer, (Receiver ID)
Sep 18 10:59:39 inferswarm02 kernel: pcieport 0000:02:00.0:   device [11f8:8533] error status/mask=00000001/0000e000
Sep 18 10:59:39 inferswarm02 kernel: pcieport 0000:02:00.0:    [ 0] RxErr                  (First)
Sep 18 10:59:39 inferswarm02 kernel: pcieport 0000:00:1d.0: AER: Correctable error message received from 0000:02:00.0
Sep 18 10:59:39 inferswarm02 kernel: pcieport 0000:02:00.0: PCIe Bus Error: severity=Correctable, type=Physical Layer, (Receiver ID)
Sep 18 10:59:39 inferswarm02 kernel: pcieport 0000:02:00.0:   device [11f8:8533] error status/mask=00000001/0000e000
Sep 18 10:59:39 inferswarm02 kernel: pcieport 0000:02:00.0:    [ 0] RxErr                  (First)
Sep 18 10:59:39 inferswarm02 kernel: pcieport 0000:00:1d.0: AER: Correctable error message received from 0000:02:00.0
Sep 18 10:59:39 inferswarm02 kernel: pcieport 0000:02:00.0: PCIe Bus Error: severity=Correctable, type=Physical Layer, (Receiver ID)
Sep 18 10:59:39 inferswarm02 kernel: pcieport 0000:02:00.0:   device [11f8:8533] error status/mask=00000001/0000e000
Sep 18 10:59:39 inferswarm02 kernel: pcieport 0000:02:00.0:    [ 0] RxErr                  (First)
Sep 18 10:59:43 inferswarm02 kernel: pcieport 0000:00:1d.0: AER: Correctable error message received from 0000:02:00.0
Sep 18 10:59:43 inferswarm02 kernel: pcieport 0000:02:00.0: PCIe Bus Error: severity=Correctable, type=Physical Layer, (Receiver ID)
Sep 18 10:59:43 inferswarm02 kernel: pcieport 0000:02:00.0:   device [11f8:8533] error status/mask=00000001/0000e000
Sep 18 10:59:43 inferswarm02 kernel: pcieport 0000:02:00.0:    [ 0] RxErr                  (First)
Sep 18 10:59:43 inferswarm02 kernel: pcieport 0000:00:1d.0: AER: Correctable error message received from 0000:02:00.0
Sep 18 10:59:43 inferswarm02 kernel: pcieport 0000:02:00.0: PCIe Bus Error: severity=Correctable, type=Physical Layer, (Receiver ID)
Sep 18 10:59:43 inferswarm02 kernel: pcieport 0000:02:00.0:   device [11f8:8533] error status/mask=00000001/0000e000
Sep 18 10:59:43 inferswarm02 kernel: pcieport 0000:02:00.0:    [ 0] RxErr                  (First)
Sep 18 10:59:43 inferswarm02 kernel: pcieport 0000:00:1d.0: AER: Correctable error message received from 0000:02:00.0
Sep 18 10:59:43 inferswarm02 kernel: pcieport 0000:02:00.0: PCIe Bus Error: severity=Correctable, type=Physical Layer, (Receiver ID)
Sep 18 10:59:43 inferswarm02 kernel: pcieport 0000:02:00.0:   device [11f8:8533] error status/mask=00000001/0000e000
Sep 18 10:59:43 inferswarm02 kernel: pcieport 0000:02:00.0:    [ 0] RxErr                  (First)
Sep 18 10:59:43 inferswarm02 kernel: pcieport 0000:00:1d.0: AER: Correctable error message received from 0000:02:00.0
Sep 18 10:59:43 inferswarm02 kernel: pcieport 0000:02:00.0: PCIe Bus Error: severity=Correctable, type=Physical Layer, (Receiver ID)
Sep 18 10:59:43 inferswarm02 kernel: pcieport 0000:02:00.0:   device [11f8:8533] error status/mask=00000001/0000e000
Sep 18 10:59:43 inferswarm02 kernel: pcieport 0000:02:00.0:    [ 0] RxErr                  (First)
Sep 18 10:59:43 inferswarm02 kernel: pcieport 0000:00:1d.0: AER: Correctable error message received from 0000:02:00.0
Sep 18 10:59:43 inferswarm02 kernel: pcieport 0000:02:00.0: PCIe Bus Error: severity=Correctable, type=Physical Layer, (Receiver ID)
Sep 18 10:59:43 inferswarm02 kernel: pcieport 0000:02:00.0:   device [11f8:8533] error status/mask=00000001/0000e000
Sep 18 10:59:43 inferswarm02 kernel: pcieport 0000:02:00.0:    [ 0] RxErr                  (First)
Sep 18 10:59:43 inferswarm02 kernel: pcieport 0000:00:1d.0: AER: Correctable error message received from 0000:02:00.0
Sep 18 10:59:43 inferswarm02 kernel: pcieport 0000:02:00.0: PCIe Bus Error: severity=Correctable, type=Physical Layer, (Receiver ID)
Sep 18 10:59:43 inferswarm02 kernel: pcieport 0000:02:00.0:   device [11f8:8533] error status/mask=00000001/0000e000
Sep 18 10:59:43 inferswarm02 kernel: pcieport 0000:02:00.0:    [ 0] RxErr                  (First)
Sep 18 10:59:43 inferswarm02 kernel: pcieport 0000:00:1d.0: AER: Correctable error message received from 0000:02:00.0
Sep 18 10:59:43 inferswarm02 kernel: pcieport 0000:02:00.0: PCIe Bus Error: severity=Correctable, type=Physical Layer, (Receiver ID)
Sep 18 10:59:43 inferswarm02 kernel: pcieport 0000:02:00.0:   device [11f8:8533] error status/mask=00000001/0000e000
Sep 18 10:59:43 inferswarm02 kernel: pcieport 0000:02:00.0:    [ 0] RxErr                  (First)
Sep 18 10:59:43 inferswarm02 kernel: pcieport 0000:00:1d.0: AER: Correctable error message received from 0000:02:00.0
Sep 18 10:59:43 inferswarm02 kernel: pcieport 0000:02:00.0: PCIe Bus Error: severity=Correctable, type=Physical Layer, (Receiver ID)
Sep 18 10:59:43 inferswarm02 kernel: pcieport 0000:02:00.0:   device [11f8:8533] error status/mask=00000001/0000e000
Sep 18 10:59:43 inferswarm02 kernel: pcieport 0000:02:00.0:    [ 0] RxErr                  (First)
Sep 18 10:59:43 inferswarm02 kernel: pcieport 0000:00:1d.0: AER: Correctable error message received from 0000:02:00.0
Sep 18 10:59:43 inferswarm02 kernel: pcieport 0000:02:00.0: PCIe Bus Error: severity=Correctable, type=Physical Layer, (Receiver ID)
Sep 18 10:59:43 inferswarm02 kernel: pcieport 0000:02:00.0:   device [11f8:8533] error status/mask=00000001/0000e000
Sep 18 10:59:43 inferswarm02 kernel: pcieport 0000:02:00.0:    [ 0] RxErr                  (First)
Sep 18 10:59:43 inferswarm02 kernel: pcieport 0000:00:1d.0: AER: Correctable error message received from 0000:02:00.0
Sep 18 10:59:43 inferswarm02 kernel: pcieport 0000:02:00.0: PCIe Bus Error: severity=Correctable, type=Physical Layer, (Receiver ID)
Sep 18 10:59:43 inferswarm02 kernel: pcieport 0000:02:00.0:   device [11f8:8533] error status/mask=00000001/0000e000
Sep 18 10:59:44 inferswarm02 kernel: pcieport 0000:02:00.0:    [ 0] RxErr                  (First)
Sep 18 10:59:48 inferswarm02 kernel: pcieport 0000:00:1d.0: AER: Correctable error message received from 0000:02:00.0
Sep 18 10:59:48 inferswarm02 kernel: pcieport 0000:02:00.0: PCIe Bus Error: severity=Correctable, type=Physical Layer, (Receiver ID)
Sep 18 10:59:48 inferswarm02 kernel: pcieport 0000:02:00.0:   device [11f8:8533] error status/mask=00000001/0000e000
Sep 18 10:59:48 inferswarm02 kernel: pcieport 0000:02:00.0:    [ 0] RxErr                  (First)
Sep 18 10:59:48 inferswarm02 kernel: pcieport 0000:00:1d.0: AER: Correctable error message received from 0000:02:00.0
Sep 18 10:59:48 inferswarm02 kernel: pcieport 0000:02:00.0: PCIe Bus Error: severity=Correctable, type=Physical Layer, (Receiver ID)
Sep 18 10:59:48 inferswarm02 kernel: pcieport 0000:02:00.0:   device [11f8:8533] error status/mask=00000001/0000e000
Sep 18 10:59:48 inferswarm02 kernel: pcieport 0000:02:00.0:    [ 0] RxErr                  (First)
Sep 18 10:59:48 inferswarm02 kernel: pcieport 0000:00:1d.0: AER: Correctable error message received from 0000:02:00.0
Sep 18 10:59:48 inferswarm02 kernel: pcieport 0000:02:00.0: PCIe Bus Error: severity=Correctable, type=Physical Layer, (Receiver ID)
Sep 18 10:59:48 inferswarm02 kernel: pcieport 0000:02:00.0:   device [11f8:8533] error status/mask=00000001/0000e000
Sep 18 10:59:48 inferswarm02 kernel: pcieport 0000:02:00.0:    [ 0] RxErr                  (First)
Sep 18 10:59:48 inferswarm02 kernel: pcieport 0000:00:1d.0: AER: Correctable error message received from 0000:02:00.0
Sep 18 10:59:48 inferswarm02 kernel: pcieport 0000:02:00.0: PCIe Bus Error: severity=Correctable, type=Physical Layer, (Receiver ID)
Sep 18 10:59:48 inferswarm02 kernel: pcieport 0000:02:00.0:   device [11f8:8533] error status/mask=00000001/0000e000
Sep 18 10:59:48 inferswarm02 kernel: pcieport 0000:02:00.0:    [ 0] RxErr                  (First)
Sep 18 10:59:48 inferswarm02 kernel: pcieport 0000:00:1d.0: AER: Correctable error message received from 0000:02:00.0
Sep 18 10:59:48 inferswarm02 kernel: pcieport 0000:02:00.0: PCIe Bus Error: severity=Correctable, type=Physical Layer, (Receiver ID)
Sep 18 10:59:48 inferswarm02 kernel: pcieport 0000:02:00.0:   device [11f8:8533] error status/mask=00000001/0000e000
Sep 18 10:59:48 inferswarm02 kernel: pcieport 0000:02:00.0:    [ 0] RxErr                  (First)
Sep 18 10:59:48 inferswarm02 kernel: pcieport 0000:00:1d.0: AER: Correctable error message received from 0000:02:00.0
Sep 18 10:59:48 inferswarm02 kernel: pcieport 0000:02:00.0: PCIe Bus Error: severity=Correctable, type=Physical Layer, (Receiver ID)
Sep 18 10:59:48 inferswarm02 kernel: pcieport 0000:02:00.0:   device [11f8:8533] error status/mask=00000001/0000e000
Sep 18 10:59:48 inferswarm02 kernel: pcieport 0000:02:00.0:    [ 0] RxErr                  (First)
Sep 18 10:59:48 inferswarm02 kernel: pcieport 0000:00:1d.0: AER: Correctable error message received from 0000:02:00.0
Sep 18 10:59:48 inferswarm02 kernel: pcieport 0000:02:00.0: PCIe Bus Error: severity=Correctable, type=Physical Layer, (Receiver ID)
Sep 18 10:59:48 inferswarm02 kernel: pcieport 0000:02:00.0:   device [11f8:8533] error status/mask=00000001/0000e000
Sep 18 10:59:48 inferswarm02 kernel: pcieport 0000:02:00.0:    [ 0] RxErr                  (First)
Sep 18 10:59:48 inferswarm02 kernel: pcieport 0000:00:1d.0: AER: Correctable error message received from 0000:02:00.0
Sep 18 10:59:48 inferswarm02 kernel: pcieport 0000:02:00.0: PCIe Bus Error: severity=Correctable, type=Physical Layer, (Receiver ID)
Sep 18 10:59:48 inferswarm02 kernel: pcieport 0000:02:00.0:   device [11f8:8533] error status/mask=00000001/0000e000
Sep 18 10:59:48 inferswarm02 kernel: pcieport 0000:02:00.0:    [ 0] RxErr                  (First)
Sep 18 10:59:48 inferswarm02 kernel: pcieport 0000:00:1d.0: AER: Correctable error message received from 0000:02:00.0
Sep 18 10:59:48 inferswarm02 kernel: pcieport 0000:02:00.0: PCIe Bus Error: severity=Correctable, type=Physical Layer, (Receiver ID)
Sep 18 10:59:48 inferswarm02 kernel: pcieport 0000:02:00.0:   device [11f8:8533] error status/mask=00000001/0000e000
Sep 18 10:59:48 inferswarm02 kernel: pcieport 0000:02:00.0:    [ 0] RxErr                  (First)
Sep 18 10:59:48 inferswarm02 kernel: pcieport 0000:00:1d.0: AER: Correctable error message received from 0000:02:00.0
Sep 18 10:59:48 inferswarm02 kernel: pcieport 0000:02:00.0: PCIe Bus Error: severity=Correctable, type=Physical Layer, (Receiver ID)
Sep 18 10:59:48 inferswarm02 kernel: pcieport 0000:02:00.0:   device [11f8:8533] error status/mask=00000001/0000e000
Sep 18 10:59:48 inferswarm02 kernel: pcieport 0000:02:00.0:    [ 0] RxErr                  (First)
Sep 18 10:59:53 inferswarm02 kernel: pcieport 0000:00:1d.0: AER: Correctable error message received from 0000:02:00.0
Sep 18 10:59:53 inferswarm02 kernel: pcieport 0000:02:00.0: PCIe Bus Error: severity=Correctable, type=Physical Layer, (Receiver ID)
Sep 18 10:59:53 inferswarm02 kernel: pcieport 0000:02:00.0:   device [11f8:8533] error status/mask=00000001/0000e000
Sep 18 10:59:53 inferswarm02 kernel: pcieport 0000:02:00.0:    [ 0] RxErr                  (First)
Sep 18 10:59:53 inferswarm02 kernel: pcieport 0000:00:1d.0: AER: Correctable error message received from 0000:02:00.0
Sep 18 10:59:53 inferswarm02 kernel: pcieport 0000:02:00.0: PCIe Bus Error: severity=Correctable, type=Physical Layer, (Receiver ID)
Sep 18 10:59:53 inferswarm02 kernel: pcieport 0000:02:00.0:   device [11f8:8533] error status/mask=00000001/0000e000
Sep 18 10:59:53 inferswarm02 kernel: pcieport 0000:02:00.0:    [ 0] RxErr                  (First)
Sep 18 10:59:53 inferswarm02 kernel: pcieport 0000:00:1d.0: AER: Correctable error message received from 0000:02:00.0
Sep 18 10:59:53 inferswarm02 kernel: pcieport 0000:02:00.0: PCIe Bus Error: severity=Correctable, type=Physical Layer, (Receiver ID)
Sep 18 10:59:53 inferswarm02 kernel: pcieport 0000:02:00.0:   device [11f8:8533] error status/mask=00000001/0000e000
Sep 18 10:59:53 inferswarm02 kernel: pcieport 0000:02:00.0:    [ 0] RxErr                  (First)
Sep 18 10:59:53 inferswarm02 kernel: pcieport 0000:00:1d.0: AER: Correctable error message received from 0000:02:00.0
Sep 18 10:59:53 inferswarm02 kernel: pcieport 0000:02:00.0: PCIe Bus Error: severity=Correctable, type=Physical Layer, (Receiver ID)
Sep 18 10:59:53 inferswarm02 kernel: pcieport 0000:02:00.0:   device [11f8:8533] error status/mask=00000001/0000e000
Sep 18 10:59:53 inferswarm02 kernel: pcieport 0000:02:00.0:    [ 0] RxErr                  (First)
Sep 18 10:59:54 inferswarm02 kernel: pcieport 0000:00:1d.0: AER: Correctable error message received from 0000:02:00.0
Sep 18 10:59:54 inferswarm02 kernel: pcieport 0000:02:00.0: PCIe Bus Error: severity=Correctable, type=Physical Layer, (Receiver ID)
Sep 18 10:59:54 inferswarm02 kernel: pcieport 0000:02:00.0:   device [11f8:8533] error status/mask=00000001/0000e000
Sep 18 10:59:54 inferswarm02 kernel: pcieport 0000:02:00.0:    [ 0] RxErr                  (First)
Sep 18 10:59:54 inferswarm02 kernel: pcieport 0000:00:1d.0: AER: Correctable error message received from 0000:02:00.0
Sep 18 10:59:54 inferswarm02 kernel: pcieport 0000:02:00.0: PCIe Bus Error: severity=Correctable, type=Physical Layer, (Receiver ID)
Sep 18 10:59:54 inferswarm02 kernel: pcieport 0000:02:00.0:   device [11f8:8533] error status/mask=00000001/0000e000
Sep 18 10:59:54 inferswarm02 kernel: pcieport 0000:02:00.0:    [ 0] RxErr                  (First)
Sep 18 10:59:54 inferswarm02 kernel: pcieport 0000:00:1d.0: AER: Correctable error message received from 0000:02:00.0
Sep 18 10:59:54 inferswarm02 kernel: pcieport 0000:02:00.0: PCIe Bus Error: severity=Correctable, type=Physical Layer, (Receiver ID)
Sep 18 10:59:54 inferswarm02 kernel: pcieport 0000:02:00.0:   device [11f8:8533] error status/mask=00000001/0000e000
Sep 18 10:59:54 inferswarm02 kernel: pcieport 0000:02:00.0:    [ 0] RxErr                  (First)
Sep 18 10:59:54 inferswarm02 kernel: pcieport 0000:00:1d.0: AER: Correctable error message received from 0000:02:00.0
Sep 18 10:59:54 inferswarm02 kernel: pcieport 0000:02:00.0: PCIe Bus Error: severity=Correctable, type=Physical Layer, (Receiver ID)
Sep 18 10:59:54 inferswarm02 kernel: pcieport 0000:02:00.0:   device [11f8:8533] error status/mask=00000001/0000e000
Sep 18 10:59:54 inferswarm02 kernel: pcieport 0000:02:00.0:    [ 0] RxErr                  (First)
Sep 18 10:59:54 inferswarm02 kernel: pcieport 0000:00:1d.0: AER: Correctable error message received from 0000:02:00.0
Sep 18 10:59:54 inferswarm02 kernel: pcieport 0000:02:00.0: PCIe Bus Error: severity=Correctable, type=Physical Layer, (Receiver ID)
Sep 18 10:59:54 inferswarm02 kernel: pcieport 0000:02:00.0:   device [11f8:8533] error status/mask=00000001/0000e000
Sep 18 10:59:54 inferswarm02 kernel: pcieport 0000:02:00.0:    [ 0] RxErr                  (First)
Sep 18 10:59:54 inferswarm02 kernel: pcieport 0000:00:1d.0: AER: Correctable error message received from 0000:02:00.0
Sep 18 10:59:54 inferswarm02 kernel: pcieport 0000:02:00.0: PCIe Bus Error: severity=Correctable, type=Physical Layer, (Receiver ID)
Sep 18 10:59:54 inferswarm02 kernel: pcieport 0000:02:00.0:   device [11f8:8533] error status/mask=00000001/0000e000
Sep 18 10:59:54 inferswarm02 kernel: pcieport 0000:02:00.0:    [ 0] RxErr                  (First)
Sep 18 10:59:58 inferswarm02 kernel: pcieport 0000:00:1d.0: AER: Correctable error message received from 0000:02:00.0
Sep 18 10:59:58 inferswarm02 kernel: pcieport 0000:02:00.0: PCIe Bus Error: severity=Correctable, type=Physical Layer, (Receiver ID)
Sep 18 10:59:58 inferswarm02 kernel: pcieport 0000:02:00.0:   device [11f8:8533] error status/mask=00000001/0000e000
Sep 18 10:59:58 inferswarm02 kernel: pcieport 0000:02:00.0:    [ 0] RxErr                  (First)
Sep 18 10:59:58 inferswarm02 kernel: pcieport 0000:00:1d.0: AER: Correctable error message received from 0000:02:00.0
Sep 18 10:59:58 inferswarm02 kernel: pcieport 0000:02:00.0: PCIe Bus Error: severity=Correctable, type=Physical Layer, (Receiver ID)
Sep 18 10:59:58 inferswarm02 kernel: pcieport 0000:02:00.0:   device [11f8:8533] error status/mask=00000001/0000e000
Sep 18 10:59:58 inferswarm02 kernel: pcieport 0000:02:00.0:    [ 0] RxErr                  (First)
Sep 18 10:59:59 inferswarm02 kernel: pcieport 0000:00:1d.0: AER: Correctable error message received from 0000:02:00.0
Sep 18 10:59:59 inferswarm02 kernel: pcieport 0000:02:00.0: PCIe Bus Error: severity=Correctable, type=Physical Layer, (Receiver ID)
Sep 18 10:59:59 inferswarm02 kernel: pcieport 0000:02:00.0:   device [11f8:8533] error status/mask=00000001/0000e000
Sep 18 10:59:59 inferswarm02 kernel: pcieport 0000:02:00.0:    [ 0] RxErr                  (First)
Sep 18 10:59:59 inferswarm02 kernel: pcieport 0000:00:1d.0: AER: Correctable error message received from 0000:02:00.0
Sep 18 10:59:59 inferswarm02 kernel: pcieport 0000:02:00.0: PCIe Bus Error: severity=Correctable, type=Physical Layer, (Receiver ID)
Sep 18 10:59:59 inferswarm02 kernel: pcieport 0000:02:00.0:   device [11f8:8533] error status/mask=00000001/0000e000
Sep 18 10:59:59 inferswarm02 kernel: pcieport 0000:02:00.0:    [ 0] RxErr                  (First)
Sep 18 10:59:59 inferswarm02 kernel: pcieport 0000:00:1d.0: AER: Correctable error message received from 0000:02:00.0
Sep 18 10:59:59 inferswarm02 kernel: pcieport 0000:02:00.0: PCIe Bus Error: severity=Correctable, type=Physical Layer, (Receiver ID)
Sep 18 10:59:59 inferswarm02 kernel: pcieport 0000:02:00.0:   device [11f8:8533] error status/mask=00000001/0000e000
Sep 18 10:59:59 inferswarm02 kernel: pcieport 0000:02:00.0:    [ 0] RxErr                  (First)
Sep 18 10:59:59 inferswarm02 kernel: pcieport 0000:00:1d.0: AER: Correctable error message received from 0000:02:00.0
Sep 18 10:59:59 inferswarm02 kernel: pcieport 0000:02:00.0: PCIe Bus Error: severity=Correctable, type=Physical Layer, (Receiver ID)
Sep 18 10:59:59 inferswarm02 kernel: pcieport 0000:02:00.0:   device [11f8:8533] error status/mask=00000001/0000e000
Sep 18 10:59:59 inferswarm02 kernel: pcieport 0000:02:00.0:    [ 0] RxErr                  (First)
Sep 18 10:59:59 inferswarm02 kernel: pcieport 0000:00:1d.0: AER: Correctable error message received from 0000:02:00.0
Sep 18 10:59:59 inferswarm02 kernel: pcieport 0000:02:00.0: PCIe Bus Error: severity=Correctable, type=Physical Layer, (Receiver ID)
Sep 18 10:59:59 inferswarm02 kernel: pcieport 0000:02:00.0:   device [11f8:8533] error status/mask=00000001/0000e000
Sep 18 10:59:59 inferswarm02 kernel: pcieport 0000:02:00.0:    [ 0] RxErr                  (First)
Sep 18 10:59:59 inferswarm02 kernel: pcieport 0000:00:1d.0: AER: Correctable error message received from 0000:02:00.0
Sep 18 10:59:59 inferswarm02 kernel: pcieport 0000:02:00.0: PCIe Bus Error: severity=Correctable, type=Physical Layer, (Receiver ID)
Sep 18 10:59:59 inferswarm02 kernel: pcieport 0000:02:00.0:   device [11f8:8533] error status/mask=00000001/0000e000
Sep 18 10:59:59 inferswarm02 kernel: pcieport 0000:02:00.0:    [ 0] RxErr                  (First)
Sep 18 10:59:59 inferswarm02 kernel: pcieport 0000:00:1d.0: AER: Correctable error message received from 0000:02:00.0
Sep 18 10:59:59 inferswarm02 kernel: pcieport 0000:02:00.0: PCIe Bus Error: severity=Correctable, type=Physical Layer, (Receiver ID)
Sep 18 10:59:59 inferswarm02 kernel: pcieport 0000:02:00.0:   device [11f8:8533] error status/mask=00000001/0000e000
Sep 18 10:59:59 inferswarm02 kernel: pcieport 0000:02:00.0:    [ 0] RxErr                  (First)
Sep 18 10:59:59 inferswarm02 kernel: pcieport 0000:00:1d.0: AER: Correctable error message received from 0000:02:00.0
Sep 18 10:59:59 inferswarm02 kernel: pcieport 0000:02:00.0: PCIe Bus Error: severity=Correctable, type=Physical Layer, (Receiver ID)
Sep 18 10:59:59 inferswarm02 kernel: pcieport 0000:02:00.0:   device [11f8:8533] error status/mask=00000001/0000e000
Sep 18 10:59:59 inferswarm02 kernel: pcieport 0000:02:00.0:    [ 0] RxErr                  (First)
Sep 18 11:00:03 inferswarm02 kernel: pcieport 0000:00:1d.0: AER: Correctable error message received from 0000:02:00.0
Sep 18 11:00:03 inferswarm02 kernel: pcieport 0000:02:00.0: PCIe Bus Error: severity=Correctable, type=Physical Layer, (Receiver ID)
Sep 18 11:00:03 inferswarm02 kernel: pcieport 0000:02:00.0:   device [11f8:8533] error status/mask=00000001/0000e000
Sep 18 11:00:03 inferswarm02 kernel: pcieport 0000:02:00.0:    [ 0] RxErr                  (First)
Sep 18 11:00:03 inferswarm02 kernel: pcieport 0000:00:1d.0: AER: Correctable error message received from 0000:02:00.0
Sep 18 11:00:03 inferswarm02 kernel: pcieport 0000:02:00.0: PCIe Bus Error: severity=Correctable, type=Physical Layer, (Receiver ID)
Sep 18 11:00:03 inferswarm02 kernel: pcieport 0000:02:00.0:   device [11f8:8533] error status/mask=00000001/0000e000
Sep 18 11:00:03 inferswarm02 kernel: pcieport 0000:02:00.0:    [ 0] RxErr                  (First)
Sep 18 11:00:04 inferswarm02 kernel: pcieport 0000:00:1d.0: AER: Correctable error message received from 0000:02:00.0
Sep 18 11:00:04 inferswarm02 kernel: pcieport 0000:02:00.0: PCIe Bus Error: severity=Correctable, type=Physical Layer, (Receiver ID)
Sep 18 11:00:04 inferswarm02 kernel: pcieport 0000:02:00.0:   device [11f8:8533] error status/mask=00000001/0000e000
Sep 18 11:00:04 inferswarm02 kernel: pcieport 0000:02:00.0:    [ 0] RxErr                  (First)
Sep 18 11:00:04 inferswarm02 kernel: pcieport 0000:00:1d.0: AER: Correctable error message received from 0000:02:00.0
Sep 18 11:00:04 inferswarm02 kernel: pcieport 0000:02:00.0: PCIe Bus Error: severity=Correctable, type=Physical Layer, (Receiver ID)
Sep 18 11:00:04 inferswarm02 kernel: pcieport 0000:02:00.0:   device [11f8:8533] error status/mask=00000001/0000e000
Sep 18 11:00:04 inferswarm02 kernel: pcieport 0000:02:00.0:    [ 0] RxErr                  (First)
Sep 18 11:00:04 inferswarm02 kernel: pcieport 0000:00:1d.0: AER: Correctable error message received from 0000:02:00.0
Sep 18 11:00:04 inferswarm02 kernel: pcieport 0000:02:00.0: PCIe Bus Error: severity=Correctable, type=Physical Layer, (Receiver ID)
Sep 18 11:00:04 inferswarm02 kernel: pcieport 0000:02:00.0:   device [11f8:8533] error status/mask=00000001/0000e000
Sep 18 11:00:04 inferswarm02 kernel: pcieport 0000:02:00.0:    [ 0] RxErr                  (First)
Sep 18 11:00:04 inferswarm02 kernel: pcieport 0000:00:1d.0: AER: Correctable error message received from 0000:02:00.0
Sep 18 11:00:04 inferswarm02 kernel: pcieport 0000:02:00.0: PCIe Bus Error: severity=Correctable, type=Physical Layer, (Receiver ID)
Sep 18 11:00:04 inferswarm02 kernel: pcieport 0000:02:00.0:   device [11f8:8533] error status/mask=00000001/0000e000
Sep 18 11:00:04 inferswarm02 kernel: pcieport 0000:02:00.0:    [ 0] RxErr                  (First)
Sep 18 11:00:04 inferswarm02 kernel: pcieport 0000:00:1d.0: AER: Correctable error message received from 0000:02:00.0
Sep 18 11:00:04 inferswarm02 kernel: pcieport 0000:02:00.0: PCIe Bus Error: severity=Correctable, type=Physical Layer, (Receiver ID)
Sep 18 11:00:04 inferswarm02 kernel: pcieport 0000:02:00.0:   device [11f8:8533] error status/mask=00000001/0000e000
Sep 18 11:00:04 inferswarm02 kernel: pcieport 0000:02:00.0:    [ 0] RxErr                  (First)
Sep 18 11:00:04 inferswarm02 kernel: pcieport 0000:00:1d.0: AER: Correctable error message received from 0000:02:00.0
Sep 18 11:00:04 inferswarm02 kernel: pcieport 0000:02:00.0: PCIe Bus Error: severity=Correctable, type=Physical Layer, (Receiver ID)
Sep 18 11:00:04 inferswarm02 kernel: pcieport 0000:02:00.0:   device [11f8:8533] error status/mask=00000001/0000e000
Sep 18 11:00:04 inferswarm02 kernel: pcieport 0000:02:00.0:    [ 0] RxErr                  (First)
Sep 18 11:00:04 inferswarm02 kernel: pcieport 0000:00:1d.0: AER: Correctable error message received from 0000:02:00.0
Sep 18 11:00:04 inferswarm02 kernel: pcieport 0000:02:00.0: PCIe Bus Error: severity=Correctable, type=Physical Layer, (Receiver ID)
Sep 18 11:00:04 inferswarm02 kernel: pcieport 0000:02:00.0:   device [11f8:8533] error status/mask=00000001/0000e000
Sep 18 11:00:04 inferswarm02 kernel: pcieport 0000:02:00.0:    [ 0] RxErr                  (First)
Sep 18 11:00:04 inferswarm02 kernel: pcieport 0000:00:1d.0: AER: Correctable error message received from 0000:02:00.0
Sep 18 11:00:04 inferswarm02 kernel: pcieport 0000:02:00.0: PCIe Bus Error: severity=Correctable, type=Physical Layer, (Receiver ID)
Sep 18 11:00:04 inferswarm02 kernel: pcieport 0000:02:00.0:   device [11f8:8533] error status/mask=00000001/0000e000
Sep 18 11:00:04 inferswarm02 kernel: pcieport 0000:02:00.0:    [ 0] RxErr                  (First)
Sep 18 11:00:09 inferswarm02 kernel: pcieport 0000:00:1d.0: AER: Correctable error message received from 0000:02:00.0
Sep 18 11:00:09 inferswarm02 kernel: pcieport 0000:02:00.0: PCIe Bus Error: severity=Correctable, type=Physical Layer, (Receiver ID)
Sep 18 11:00:09 inferswarm02 kernel: pcieport 0000:02:00.0:   device [11f8:8533] error status/mask=00000001/0000e000
Sep 18 11:00:09 inferswarm02 kernel: pcieport 0000:02:00.0:    [ 0] RxErr                  (First)
Sep 18 11:00:09 inferswarm02 kernel: pcieport 0000:00:1d.0: AER: Correctable error message received from 0000:02:00.0
Sep 18 11:00:09 inferswarm02 kernel: pcieport 0000:02:00.0: PCIe Bus Error: severity=Correctable, type=Physical Layer, (Receiver ID)
Sep 18 11:00:09 inferswarm02 kernel: pcieport 0000:02:00.0:   device [11f8:8533] error status/mask=00000001/0000e000
Sep 18 11:00:09 inferswarm02 kernel: pcieport 0000:02:00.0:    [ 0] RxErr                  (First)
Sep 18 11:00:09 inferswarm02 kernel: pcieport 0000:00:1d.0: AER: Correctable error message received from 0000:02:00.0
Sep 18 11:00:09 inferswarm02 kernel: pcieport 0000:02:00.0: PCIe Bus Error: severity=Correctable, type=Physical Layer, (Receiver ID)
Sep 18 11:00:09 inferswarm02 kernel: pcieport 0000:02:00.0:   device [11f8:8533] error status/mask=00000001/0000e000
Sep 18 11:00:09 inferswarm02 kernel: pcieport 0000:02:00.0:    [ 0] RxErr                  (First)
Sep 18 11:00:09 inferswarm02 kernel: pcieport 0000:00:1d.0: AER: Correctable error message received from 0000:02:00.0
Sep 18 11:00:09 inferswarm02 kernel: pcieport 0000:02:00.0: PCIe Bus Error: severity=Correctable, type=Physical Layer, (Receiver ID)
Sep 18 11:00:09 inferswarm02 kernel: pcieport 0000:02:00.0:   device [11f8:8533] error status/mask=00000001/0000e000
Sep 18 11:00:09 inferswarm02 kernel: pcieport 0000:02:00.0:    [ 0] RxErr                  (First)
Sep 18 11:00:09 inferswarm02 kernel: pcieport 0000:00:1d.0: AER: Correctable error message received from 0000:02:00.0
Sep 18 11:00:09 inferswarm02 kernel: pcieport 0000:02:00.0: PCIe Bus Error: severity=Correctable, type=Physical Layer, (Receiver ID)
Sep 18 11:00:09 inferswarm02 kernel: pcieport 0000:02:00.0:   device [11f8:8533] error status/mask=00000001/0000e000
Sep 18 11:00:09 inferswarm02 kernel: pcieport 0000:02:00.0:    [ 0] RxErr                  (First)
Sep 18 11:00:09 inferswarm02 kernel: pcieport 0000:00:1d.0: AER: Correctable error message received from 0000:02:00.0
Sep 18 11:00:09 inferswarm02 kernel: pcieport 0000:02:00.0: PCIe Bus Error: severity=Correctable, type=Physical Layer, (Receiver ID)
Sep 18 11:00:09 inferswarm02 kernel: pcieport 0000:02:00.0:   device [11f8:8533] error status/mask=00000001/0000e000
Sep 18 11:00:09 inferswarm02 kernel: pcieport 0000:02:00.0:    [ 0] RxErr                  (First)
Sep 18 11:00:09 inferswarm02 kernel: pcieport 0000:00:1d.0: AER: Correctable error message received from 0000:02:00.0
Sep 18 11:00:09 inferswarm02 kernel: pcieport 0000:02:00.0: PCIe Bus Error: severity=Correctable, type=Physical Layer, (Receiver ID)
Sep 18 11:00:09 inferswarm02 kernel: pcieport 0000:02:00.0:   device [11f8:8533] error status/mask=00000001/0000e000
Sep 18 11:00:09 inferswarm02 kernel: pcieport 0000:02:00.0:    [ 0] RxErr                  (First)
Sep 18 11:00:09 inferswarm02 kernel: pcieport 0000:00:1d.0: AER: Correctable error message received from 0000:02:00.0
Sep 18 11:00:09 inferswarm02 kernel: pcieport 0000:02:00.0: PCIe Bus Error: severity=Correctable, type=Physical Layer, (Receiver ID)
Sep 18 11:00:09 inferswarm02 kernel: pcieport 0000:02:00.0:   device [11f8:8533] error status/mask=00000001/0000e000
Sep 18 11:00:09 inferswarm02 kernel: pcieport 0000:02:00.0:    [ 0] RxErr                  (First)
Sep 18 11:00:09 inferswarm02 kernel: pcieport 0000:00:1d.0: AER: Correctable error message received from 0000:02:00.0
Sep 18 11:00:09 inferswarm02 kernel: pcieport 0000:02:00.0: PCIe Bus Error: severity=Correctable, type=Physical Layer, (Receiver ID)
Sep 18 11:00:09 inferswarm02 kernel: pcieport 0000:02:00.0:   device [11f8:8533] error status/mask=00000001/0000e000
Sep 18 11:00:09 inferswarm02 kernel: pcieport 0000:02:00.0:    [ 0] RxErr                  (First)
Sep 18 11:00:09 inferswarm02 kernel: pcieport 0000:00:1d.0: AER: Correctable error message received from 0000:02:00.0
Sep 18 11:00:09 inferswarm02 kernel: pcieport 0000:02:00.0: PCIe Bus Error: severity=Correctable, type=Physical Layer, (Receiver ID)
Sep 18 11:00:09 inferswarm02 kernel: pcieport 0000:02:00.0:   device [11f8:8533] error status/mask=00000001/0000e000
Sep 18 11:00:09 inferswarm02 kernel: pcieport 0000:02:00.0:    [ 0] RxErr                  (First)
Sep 18 11:00:14 inferswarm02 kernel: pcieport 0000:00:1d.0: AER: Correctable error message received from 0000:02:00.0
Sep 18 11:00:14 inferswarm02 kernel: pcieport 0000:02:00.0: PCIe Bus Error: severity=Correctable, type=Physical Layer, (Receiver ID)
Sep 18 11:00:14 inferswarm02 kernel: pcieport 0000:02:00.0:   device [11f8:8533] error status/mask=00000001/0000e000
Sep 18 11:00:14 inferswarm02 kernel: pcieport 0000:02:00.0:    [ 0] RxErr                  (First)
Sep 18 11:00:14 inferswarm02 kernel: pcieport 0000:00:1d.0: AER: Correctable error message received from 0000:02:00.0
Sep 18 11:00:14 inferswarm02 kernel: pcieport 0000:02:00.0: PCIe Bus Error: severity=Correctable, type=Physical Layer, (Receiver ID)
Sep 18 11:00:14 inferswarm02 kernel: pcieport 0000:02:00.0:   device [11f8:8533] error status/mask=00000001/0000e000
Sep 18 11:00:14 inferswarm02 kernel: pcieport 0000:02:00.0:    [ 0] RxErr                  (First)
Sep 18 11:00:14 inferswarm02 kernel: pcieport 0000:00:1d.0: AER: Correctable error message received from 0000:02:00.0
Sep 18 11:00:14 inferswarm02 kernel: pcieport 0000:02:00.0: PCIe Bus Error: severity=Correctable, type=Physical Layer, (Receiver ID)
Sep 18 11:00:14 inferswarm02 kernel: pcieport 0000:02:00.0:   device [11f8:8533] error status/mask=00000001/0000e000
Sep 18 11:00:14 inferswarm02 kernel: pcieport 0000:02:00.0:    [ 0] RxErr                  (First)
Sep 18 11:00:14 inferswarm02 kernel: pcieport 0000:00:1d.0: AER: Correctable error message received from 0000:02:00.0
Sep 18 11:00:14 inferswarm02 kernel: pcieport 0000:02:00.0: PCIe Bus Error: severity=Correctable, type=Physical Layer, (Receiver ID)
Sep 18 11:00:14 inferswarm02 kernel: pcieport 0000:02:00.0:   device [11f8:8533] error status/mask=00000001/0000e000
Sep 18 11:00:14 inferswarm02 kernel: pcieport 0000:02:00.0:    [ 0] RxErr                  (First)
Sep 18 11:00:14 inferswarm02 kernel: pcieport 0000:00:1d.0: AER: Correctable error message received from 0000:02:00.0
Sep 18 11:00:14 inferswarm02 kernel: pcieport 0000:02:00.0: PCIe Bus Error: severity=Correctable, type=Physical Layer, (Receiver ID)
Sep 18 11:00:14 inferswarm02 kernel: pcieport 0000:02:00.0:   device [11f8:8533] error status/mask=00000001/0000e000
Sep 18 11:00:14 inferswarm02 kernel: pcieport 0000:02:00.0:    [ 0] RxErr                  (First)
Sep 18 11:00:14 inferswarm02 kernel: pcieport 0000:00:1d.0: AER: Correctable error message received from 0000:02:00.0
Sep 18 11:00:14 inferswarm02 kernel: pcieport 0000:02:00.0: PCIe Bus Error: severity=Correctable, type=Physical Layer, (Receiver ID)
Sep 18 11:00:14 inferswarm02 kernel: pcieport 0000:02:00.0:   device [11f8:8533] error status/mask=00000001/0000e000
Sep 18 11:00:14 inferswarm02 kernel: pcieport 0000:02:00.0:    [ 0] RxErr                  (First)
Sep 18 11:00:14 inferswarm02 kernel: pcieport 0000:00:1d.0: AER: Correctable error message received from 0000:02:00.0
Sep 18 11:00:14 inferswarm02 kernel: pcieport 0000:02:00.0: PCIe Bus Error: severity=Correctable, type=Physical Layer, (Receiver ID)
Sep 18 11:00:14 inferswarm02 kernel: pcieport 0000:02:00.0:   device [11f8:8533] error status/mask=00000001/0000e000
Sep 18 11:00:14 inferswarm02 kernel: pcieport 0000:02:00.0:    [ 0] RxErr                  (First)
Sep 18 11:00:14 inferswarm02 kernel: pcieport 0000:00:1d.0: AER: Correctable error message received from 0000:02:00.0
Sep 18 11:00:14 inferswarm02 kernel: pcieport 0000:02:00.0: PCIe Bus Error: severity=Correctable, type=Physical Layer, (Receiver ID)
Sep 18 11:00:14 inferswarm02 kernel: pcieport 0000:02:00.0:   device [11f8:8533] error status/mask=00000001/0000e000
Sep 18 11:00:14 inferswarm02 kernel: pcieport 0000:02:00.0:    [ 0] RxErr                  (First)
Sep 18 11:00:14 inferswarm02 kernel: pcieport 0000:00:1d.0: AER: Correctable error message received from 0000:02:00.0
Sep 18 11:00:14 inferswarm02 kernel: pcieport 0000:02:00.0: PCIe Bus Error: severity=Correctable, type=Physical Layer, (Receiver ID)
Sep 18 11:00:14 inferswarm02 kernel: pcieport 0000:02:00.0:   device [11f8:8533] error status/mask=00000001/0000e000
Sep 18 11:00:14 inferswarm02 kernel: pcieport 0000:02:00.0:    [ 0] RxErr                  (First)
Sep 18 11:00:14 inferswarm02 kernel: pcieport 0000:00:1d.0: AER: Correctable error message received from 0000:02:00.0
Sep 18 11:00:14 inferswarm02 kernel: pcieport 0000:02:00.0: PCIe Bus Error: severity=Correctable, type=Physical Layer, (Receiver ID)
Sep 18 11:00:14 inferswarm02 kernel: pcieport 0000:02:00.0:   device [11f8:8533] error status/mask=00000001/0000e000
Sep 18 11:00:14 inferswarm02 kernel: pcieport 0000:02:00.0:    [ 0] RxErr                  (First)
Sep 18 11:00:19 inferswarm02 kernel: pcieport 0000:00:1d.0: AER: Correctable error message received from 0000:02:00.0
Sep 18 11:00:19 inferswarm02 kernel: pcieport 0000:02:00.0: PCIe Bus Error: severity=Correctable, type=Physical Layer, (Receiver ID)
Sep 18 11:00:19 inferswarm02 kernel: pcieport 0000:02:00.0:   device [11f8:8533] error status/mask=00000001/0000e000
Sep 18 11:00:19 inferswarm02 kernel: pcieport 0000:02:00.0:    [ 0] RxErr                  (First)
Sep 18 11:00:19 inferswarm02 kernel: pcieport 0000:00:1d.0: AER: Correctable error message received from 0000:02:00.0
Sep 18 11:00:19 inferswarm02 kernel: pcieport 0000:02:00.0: PCIe Bus Error: severity=Correctable, type=Physical Layer, (Receiver ID)
Sep 18 11:00:19 inferswarm02 kernel: pcieport 0000:02:00.0:   device [11f8:8533] error status/mask=00000001/0000e000
Sep 18 11:00:19 inferswarm02 kernel: pcieport 0000:02:00.0:    [ 0] RxErr                  (First)
Sep 18 11:00:19 inferswarm02 kernel: pcieport 0000:00:1d.0: AER: Correctable error message received from 0000:02:00.0
Sep 18 11:00:19 inferswarm02 kernel: pcieport 0000:02:00.0: PCIe Bus Error: severity=Correctable, type=Physical Layer, (Receiver ID)
Sep 18 11:00:19 inferswarm02 kernel: pcieport 0000:02:00.0:   device [11f8:8533] error status/mask=00000001/0000e000
Sep 18 11:00:19 inferswarm02 kernel: pcieport 0000:02:00.0:    [ 0] RxErr                  (First)
Sep 18 11:00:19 inferswarm02 kernel: pcieport 0000:00:1d.0: AER: Correctable error message received from 0000:02:00.0
Sep 18 11:00:19 inferswarm02 kernel: pcieport 0000:02:00.0: PCIe Bus Error: severity=Correctable, type=Physical Layer, (Receiver ID)
Sep 18 11:00:19 inferswarm02 kernel: pcieport 0000:02:00.0:   device [11f8:8533] error status/mask=00000001/0000e000
Sep 18 11:00:19 inferswarm02 kernel: pcieport 0000:02:00.0:    [ 0] RxErr                  (First)
Sep 18 11:00:19 inferswarm02 kernel: pcieport 0000:00:1d.0: AER: Correctable error message received from 0000:02:00.0
Sep 18 11:00:19 inferswarm02 kernel: pcieport 0000:02:00.0: PCIe Bus Error: severity=Correctable, type=Physical Layer, (Receiver ID)
Sep 18 11:00:19 inferswarm02 kernel: pcieport 0000:02:00.0:   device [11f8:8533] error status/mask=00000001/0000e000
Sep 18 11:00:19 inferswarm02 kernel: pcieport 0000:02:00.0:    [ 0] RxErr                  (First)
Sep 18 11:00:19 inferswarm02 kernel: pcieport 0000:00:1d.0: AER: Correctable error message received from 0000:02:00.0
Sep 18 11:00:19 inferswarm02 kernel: pcieport 0000:02:00.0: PCIe Bus Error: severity=Correctable, type=Physical Layer, (Receiver ID)
Sep 18 11:00:19 inferswarm02 kernel: pcieport 0000:02:00.0:   device [11f8:8533] error status/mask=00000001/0000e000
Sep 18 11:00:19 inferswarm02 kernel: pcieport 0000:02:00.0:    [ 0] RxErr                  (First)
Sep 18 11:00:19 inferswarm02 kernel: pcieport 0000:00:1d.0: AER: Correctable error message received from 0000:02:00.0
Sep 18 11:00:19 inferswarm02 kernel: pcieport 0000:02:00.0: PCIe Bus Error: severity=Correctable, type=Physical Layer, (Receiver ID)
Sep 18 11:00:19 inferswarm02 kernel: pcieport 0000:02:00.0:   device [11f8:8533] error status/mask=00000001/0000e000
Sep 18 11:00:19 inferswarm02 kernel: pcieport 0000:02:00.0:    [ 0] RxErr                  (First)
Sep 18 11:00:19 inferswarm02 kernel: pcieport 0000:00:1d.0: AER: Correctable error message received from 0000:02:00.0
Sep 18 11:00:19 inferswarm02 kernel: pcieport 0000:02:00.0: PCIe Bus Error: severity=Correctable, type=Physical Layer, (Receiver ID)
Sep 18 11:00:19 inferswarm02 kernel: pcieport 0000:02:00.0:   device [11f8:8533] error status/mask=00000001/0000e000
Sep 18 11:00:19 inferswarm02 kernel: pcieport 0000:02:00.0:    [ 0] RxErr                  (First)
Sep 18 11:00:19 inferswarm02 kernel: pcieport 0000:00:1d.0: AER: Correctable error message received from 0000:02:00.0
Sep 18 11:00:19 inferswarm02 kernel: pcieport 0000:02:00.0: PCIe Bus Error: severity=Correctable, type=Physical Layer, (Receiver ID)
Sep 18 11:00:19 inferswarm02 kernel: pcieport 0000:02:00.0:   device [11f8:8533] error status/mask=00000001/0000e000
Sep 18 11:00:19 inferswarm02 kernel: pcieport 0000:02:00.0:    [ 0] RxErr                  (First)
Sep 18 11:00:19 inferswarm02 kernel: pcieport 0000:00:1d.0: AER: Correctable error message received from 0000:02:00.0
Sep 18 11:00:19 inferswarm02 kernel: pcieport 0000:02:00.0: PCIe Bus Error: severity=Correctable, type=Physical Layer, (Receiver ID)
Sep 18 11:00:19 inferswarm02 kernel: pcieport 0000:02:00.0:   device [11f8:8533] error status/mask=00000001/0000e000
Sep 18 11:00:19 inferswarm02 kernel: pcieport 0000:02:00.0:    [ 0] RxErr                  (First)
Sep 18 11:00:24 inferswarm02 kernel: pcieport 0000:00:1d.0: AER: Correctable error message received from 0000:02:00.0
Sep 18 11:00:24 inferswarm02 kernel: pcieport 0000:02:00.0: PCIe Bus Error: severity=Correctable, type=Physical Layer, (Receiver ID)
Sep 18 11:00:24 inferswarm02 kernel: pcieport 0000:02:00.0:   device [11f8:8533] error status/mask=00000001/0000e000
Sep 18 11:00:24 inferswarm02 kernel: pcieport 0000:02:00.0:    [ 0] RxErr                  (First)
Sep 18 11:00:24 inferswarm02 kernel: pcieport 0000:00:1d.0: AER: Correctable error message received from 0000:02:00.0
Sep 18 11:00:24 inferswarm02 kernel: pcieport 0000:02:00.0: PCIe Bus Error: severity=Correctable, type=Physical Layer, (Receiver ID)
Sep 18 11:00:24 inferswarm02 kernel: pcieport 0000:02:00.0:   device [11f8:8533] error status/mask=00000001/0000e000
Sep 18 11:00:24 inferswarm02 kernel: pcieport 0000:02:00.0:    [ 0] RxErr                  (First)
Sep 18 11:00:24 inferswarm02 kernel: pcieport 0000:00:1d.0: AER: Correctable error message received from 0000:02:00.0
Sep 18 11:00:24 inferswarm02 kernel: pcieport 0000:02:00.0: PCIe Bus Error: severity=Correctable, type=Physical Layer, (Receiver ID)
Sep 18 11:00:24 inferswarm02 kernel: pcieport 0000:02:00.0:   device [11f8:8533] error status/mask=00000001/0000e000
Sep 18 11:00:24 inferswarm02 kernel: pcieport 0000:02:00.0:    [ 0] RxErr                  (First)
Sep 18 11:00:24 inferswarm02 kernel: pcieport 0000:00:1d.0: AER: Correctable error message received from 0000:02:00.0
Sep 18 11:00:24 inferswarm02 kernel: pcieport 0000:02:00.0: PCIe Bus Error: severity=Correctable, type=Physical Layer, (Receiver ID)
Sep 18 11:00:24 inferswarm02 kernel: pcieport 0000:02:00.0:   device [11f8:8533] error status/mask=00000001/0000e000
Sep 18 11:00:24 inferswarm02 kernel: pcieport 0000:02:00.0:    [ 0] RxErr                  (First)
Sep 18 11:00:24 inferswarm02 kernel: pcieport 0000:00:1d.0: AER: Correctable error message received from 0000:02:00.0
Sep 18 11:00:24 inferswarm02 kernel: pcieport 0000:02:00.0: PCIe Bus Error: severity=Correctable, type=Physical Layer, (Receiver ID)
Sep 18 11:00:24 inferswarm02 kernel: pcieport 0000:02:00.0:   device [11f8:8533] error status/mask=00000001/0000e000
Sep 18 11:00:24 inferswarm02 kernel: pcieport 0000:02:00.0:    [ 0] RxErr                  (First)
Sep 18 11:00:24 inferswarm02 kernel: pcieport 0000:00:1d.0: AER: Correctable error message received from 0000:02:00.0
Sep 18 11:00:24 inferswarm02 kernel: pcieport 0000:02:00.0: PCIe Bus Error: severity=Correctable, type=Physical Layer, (Receiver ID)
Sep 18 11:00:24 inferswarm02 kernel: pcieport 0000:02:00.0:   device [11f8:8533] error status/mask=00000001/0000e000
Sep 18 11:00:24 inferswarm02 kernel: pcieport 0000:02:00.0:    [ 0] RxErr                  (First)
Sep 18 11:00:24 inferswarm02 kernel: pcieport 0000:00:1d.0: AER: Correctable error message received from 0000:02:00.0
Sep 18 11:00:24 inferswarm02 kernel: pcieport 0000:02:00.0: PCIe Bus Error: severity=Correctable, type=Physical Layer, (Receiver ID)
Sep 18 11:00:24 inferswarm02 kernel: pcieport 0000:02:00.0:   device [11f8:8533] error status/mask=00000001/0000e000
Sep 18 11:00:24 inferswarm02 kernel: pcieport 0000:02:00.0:    [ 0] RxErr                  (First)
Sep 18 11:00:24 inferswarm02 kernel: pcieport 0000:00:1d.0: AER: Correctable error message received from 0000:02:00.0
Sep 18 11:00:24 inferswarm02 kernel: pcieport 0000:02:00.0: PCIe Bus Error: severity=Correctable, type=Physical Layer, (Receiver ID)
Sep 18 11:00:24 inferswarm02 kernel: pcieport 0000:02:00.0:   device [11f8:8533] error status/mask=00000001/0000e000
Sep 18 11:00:24 inferswarm02 kernel: pcieport 0000:02:00.0:    [ 0] RxErr                  (First)
Sep 18 11:00:24 inferswarm02 kernel: pcieport 0000:00:1d.0: AER: Correctable error message received from 0000:02:00.0
Sep 18 11:00:24 inferswarm02 kernel: pcieport 0000:02:00.0: PCIe Bus Error: severity=Correctable, type=Physical Layer, (Receiver ID)
Sep 18 11:00:24 inferswarm02 kernel: pcieport 0000:02:00.0:   device [11f8:8533] error status/mask=00000001/0000e000
Sep 18 11:00:24 inferswarm02 kernel: pcieport 0000:02:00.0:    [ 0] RxErr                  (First)
Sep 18 11:00:24 inferswarm02 kernel: pcieport 0000:00:1d.0: AER: Correctable error message received from 0000:02:00.0
Sep 18 11:00:24 inferswarm02 kernel: pcieport 0000:02:00.0: PCIe Bus Error: severity=Correctable, type=Physical Layer, (Receiver ID)
Sep 18 11:00:24 inferswarm02 kernel: pcieport 0000:02:00.0:   device [11f8:8533] error status/mask=00000001/0000e000
Sep 18 11:00:24 inferswarm02 kernel: pcieport 0000:02:00.0:    [ 0] RxErr                  (First)
