Sep 18 11:32:30 inferswarm02 kernel: pcieport 0000:00:1d.0: AER: Multiple Correctable error message received from 0000:07:00.0
Sep 18 11:32:30 inferswarm02 kernel: pcieport 0000:07:00.0: PCIe Bus Error: severity=Correctable, type=Data Link Layer, (Receiver ID)
Sep 18 11:32:30 inferswarm02 kernel: pcieport 0000:07:00.0:   device [1022:1470] error status/mask=00000040/00002000
Sep 18 11:32:30 inferswarm02 kernel: pcieport 0000:07:00.0:    [ 6] BadTLP                
Sep 18 11:32:30 inferswarm02 kernel: pcieport 0000:07:00.0: AER:   Error of this Agent is reported first
Sep 18 11:32:30 inferswarm02 kernel: pcieport 0000:00:1d.0: AER: Correctable error message received from 0000:04:00.0
Sep 18 11:32:30 inferswarm02 kernel: pcieport 0000:04:00.0: PCIe Bus Error: severity=Correctable, type=Data Link Layer, (Receiver ID)
Sep 18 11:32:30 inferswarm02 kernel: pcieport 0000:04:00.0:   device [1022:1470] error status/mask=00000040/00002000
Sep 18 11:32:30 inferswarm02 kernel: pcieport 0000:04:00.0:    [ 6] BadTLP                
Sep 18 11:32:31 inferswarm02 kernel: pcieport 0000:00:1d.0: AER: Correctable error message received from 0000:02:00.0
Sep 18 11:32:31 inferswarm02 kernel: pcieport 0000:02:00.0: PCIe Bus Error: severity=Correctable, type=Data Link Layer, (Receiver ID)
Sep 18 11:32:31 inferswarm02 kernel: pcieport 0000:02:00.0:   device [11f8:8533] error status/mask=00000040/0000e000
Sep 18 11:32:31 inferswarm02 kernel: pcieport 0000:02:00.0:    [ 6] BadTLP                
Sep 18 11:32:31 inferswarm02 kernel: pcieport 0000:00:1d.0: AER: Correctable error message received from 0000:02:00.0
Sep 18 11:32:31 inferswarm02 kernel: pcieport 0000:02:00.0: PCIe Bus Error: severity=Correctable, type=Data Link Layer, (Receiver ID)
Sep 18 11:32:31 inferswarm02 kernel: pcieport 0000:02:00.0:   device [11f8:8533] error status/mask=00000040/0000e000
Sep 18 11:32:31 inferswarm02 kernel: pcieport 0000:02:00.0:    [ 6] BadTLP                
Sep 18 11:32:31 inferswarm02 kernel: pcieport 0000:00:1d.0: AER: Correctable error message received from 0000:02:00.0
Sep 18 11:32:31 inferswarm02 kernel: pcieport 0000:02:00.0: PCIe Bus Error: severity=Correctable, type=Data Link Layer, (Receiver ID)
Sep 18 11:32:31 inferswarm02 kernel: pcieport 0000:02:00.0:   device [11f8:8533] error status/mask=00000040/0000e000
Sep 18 11:32:31 inferswarm02 kernel: pcieport 0000:02:00.0:    [ 6] BadTLP                
Sep 18 11:32:31 inferswarm02 kernel: pcieport 0000:00:1d.0: AER: Correctable error message received from 0000:02:00.0
Sep 18 11:32:31 inferswarm02 kernel: pcieport 0000:02:00.0: PCIe Bus Error: severity=Correctable, type=Data Link Layer, (Receiver ID)
Sep 18 11:32:31 inferswarm02 kernel: pcieport 0000:02:00.0:   device [11f8:8533] error status/mask=00000040/0000e000
Sep 18 11:32:31 inferswarm02 kernel: pcieport 0000:02:00.0:    [ 6] BadTLP                
Sep 18 11:32:31 inferswarm02 kernel: pcieport 0000:00:1d.0: AER: Correctable error message received from 0000:02:00.0
Sep 18 11:32:31 inferswarm02 kernel: pcieport 0000:02:00.0: PCIe Bus Error: severity=Correctable, type=Data Link Layer, (Receiver ID)
Sep 18 11:32:31 inferswarm02 kernel: pcieport 0000:02:00.0:   device [11f8:8533] error status/mask=00000040/0000e000
Sep 18 11:32:31 inferswarm02 kernel: pcieport 0000:02:00.0:    [ 6] BadTLP                
Sep 18 11:32:31 inferswarm02 kernel: pcieport 0000:00:1d.0: AER: Correctable error message received from 0000:02:00.0
Sep 18 11:32:31 inferswarm02 kernel: pcieport 0000:02:00.0: PCIe Bus Error: severity=Correctable, type=Data Link Layer, (Receiver ID)
Sep 18 11:32:31 inferswarm02 kernel: pcieport 0000:02:00.0:   device [11f8:8533] error status/mask=00000040/0000e000
Sep 18 11:32:31 inferswarm02 kernel: pcieport 0000:02:00.0:    [ 6] BadTLP                
Sep 18 11:32:31 inferswarm02 kernel: pcieport 0000:00:1d.0: AER: Correctable error message received from 0000:02:00.0
Sep 18 11:32:31 inferswarm02 kernel: pcieport 0000:02:00.0: PCIe Bus Error: severity=Correctable, type=Data Link Layer, (Receiver ID)
Sep 18 11:32:31 inferswarm02 kernel: pcieport 0000:02:00.0:   device [11f8:8533] error status/mask=00000040/0000e000
Sep 18 11:32:31 inferswarm02 kernel: pcieport 0000:02:00.0:    [ 6] BadTLP                
Sep 18 11:32:31 inferswarm02 kernel: pcieport 0000:00:1d.0: AER: Correctable error message received from 0000:02:00.0
Sep 18 11:32:31 inferswarm02 kernel: pcieport 0000:02:00.0: PCIe Bus Error: severity=Correctable, type=Data Link Layer, (Receiver ID)
Sep 18 11:32:31 inferswarm02 kernel: pcieport 0000:02:00.0:   device [11f8:8533] error status/mask=00000040/0000e000
Sep 18 11:32:31 inferswarm02 kernel: pcieport 0000:02:00.0:    [ 6] BadTLP                
Sep 18 11:32:31 inferswarm02 kernel: pcieport 0000:00:1d.0: AER: Correctable error message received from 0000:02:00.0
Sep 18 11:32:31 inferswarm02 kernel: pcieport 0000:02:00.0: PCIe Bus Error: severity=Correctable, type=Data Link Layer, (Receiver ID)
Sep 18 11:32:31 inferswarm02 kernel: pcieport 0000:02:00.0:   device [11f8:8533] error status/mask=00000040/0000e000
Sep 18 11:32:31 inferswarm02 kernel: pcieport 0000:02:00.0:    [ 6] BadTLP                
Sep 18 11:32:31 inferswarm02 kernel: pcieport 0000:00:1d.0: AER: Correctable error message received from 0000:02:00.0
Sep 18 11:32:31 inferswarm02 kernel: pcieport 0000:02:00.0: PCIe Bus Error: severity=Correctable, type=Data Link Layer, (Receiver ID)
Sep 18 11:32:31 inferswarm02 kernel: pcieport 0000:02:00.0:   device [11f8:8533] error status/mask=00000040/0000e000
Sep 18 11:32:31 inferswarm02 kernel: pcieport 0000:02:00.0:    [ 6] BadTLP                
Sep 18 11:32:34 inferswarm02 kernel: pcieport 0000:00:1d.0: AER: Correctable error message received from 0000:00:1d.0
Sep 18 11:32:34 inferswarm02 kernel: pcieport 0000:00:1d.0: PCIe Bus Error: severity=Correctable, type=Data Link Layer, (Transmitter ID)
Sep 18 11:32:34 inferswarm02 kernel: pcieport 0000:00:1d.0:   device [8086:a29a] error status/mask=00001000/00002000
Sep 18 11:32:34 inferswarm02 kernel: pcieport 0000:00:1d.0:    [12] Timeout               
Sep 18 11:32:36 inferswarm02 kernel: pcieport 0000:00:1d.0: AER: Correctable error message received from 0000:02:00.0
Sep 18 11:32:36 inferswarm02 kernel: pcieport 0000:02:00.0: PCIe Bus Error: severity=Correctable, type=Physical Layer, (Receiver ID)
Sep 18 11:32:36 inferswarm02 kernel: pcieport 0000:02:00.0:   device [11f8:8533] error status/mask=00000001/0000e000
Sep 18 11:32:36 inferswarm02 kernel: pcieport 0000:02:00.0:    [ 0] RxErr                  (First)
Sep 18 11:32:36 inferswarm02 kernel: pcieport 0000:00:1d.0: AER: Correctable error message received from 0000:02:00.0
Sep 18 11:32:36 inferswarm02 kernel: pcieport 0000:02:00.0: PCIe Bus Error: severity=Correctable, type=Physical Layer, (Receiver ID)
Sep 18 11:32:36 inferswarm02 kernel: pcieport 0000:02:00.0:   device [11f8:8533] error status/mask=00000001/0000e000
Sep 18 11:32:36 inferswarm02 kernel: pcieport 0000:02:00.0:    [ 0] RxErr                  (First)
Sep 18 11:32:36 inferswarm02 kernel: pcieport 0000:00:1d.0: AER: Correctable error message received from 0000:02:00.0
Sep 18 11:32:36 inferswarm02 kernel: pcieport 0000:02:00.0: PCIe Bus Error: severity=Correctable, type=Physical Layer, (Receiver ID)
Sep 18 11:32:36 inferswarm02 kernel: pcieport 0000:02:00.0:   device [11f8:8533] error status/mask=00000001/0000e000
Sep 18 11:32:36 inferswarm02 kernel: pcieport 0000:02:00.0:    [ 0] RxErr                  (First)
Sep 18 11:32:36 inferswarm02 kernel: pcieport 0000:00:1d.0: AER: Correctable error message received from 0000:02:00.0
Sep 18 11:32:36 inferswarm02 kernel: pcieport 0000:02:00.0: PCIe Bus Error: severity=Correctable, type=Physical Layer, (Receiver ID)
Sep 18 11:32:36 inferswarm02 kernel: pcieport 0000:02:00.0:   device [11f8:8533] error status/mask=00000001/0000e000
Sep 18 11:32:36 inferswarm02 kernel: pcieport 0000:02:00.0:    [ 0] RxErr                  (First)
Sep 18 11:32:36 inferswarm02 kernel: pcieport 0000:00:1d.0: AER: Correctable error message received from 0000:02:00.0
Sep 18 11:32:36 inferswarm02 kernel: pcieport 0000:02:00.0: PCIe Bus Error: severity=Correctable, type=Physical Layer, (Receiver ID)
Sep 18 11:32:36 inferswarm02 kernel: pcieport 0000:02:00.0:   device [11f8:8533] error status/mask=00000001/0000e000
Sep 18 11:32:36 inferswarm02 kernel: pcieport 0000:02:00.0:    [ 0] RxErr                  (First)
Sep 18 11:32:36 inferswarm02 kernel: pcieport 0000:00:1d.0: AER: Correctable error message received from 0000:02:00.0
Sep 18 11:32:36 inferswarm02 kernel: pcieport 0000:02:00.0: PCIe Bus Error: severity=Correctable, type=Physical Layer, (Receiver ID)
Sep 18 11:32:36 inferswarm02 kernel: pcieport 0000:02:00.0:   device [11f8:8533] error status/mask=00000001/0000e000
Sep 18 11:32:36 inferswarm02 kernel: pcieport 0000:02:00.0:    [ 0] RxErr                  (First)
Sep 18 11:32:36 inferswarm02 kernel: pcieport 0000:00:1d.0: AER: Correctable error message received from 0000:02:00.0
Sep 18 11:32:36 inferswarm02 kernel: pcieport 0000:02:00.0: PCIe Bus Error: severity=Correctable, type=Physical Layer, (Receiver ID)
Sep 18 11:32:36 inferswarm02 kernel: pcieport 0000:02:00.0:   device [11f8:8533] error status/mask=00000001/0000e000
Sep 18 11:32:36 inferswarm02 kernel: pcieport 0000:02:00.0:    [ 0] RxErr                  (First)
Sep 18 11:32:36 inferswarm02 kernel: pcieport 0000:00:1d.0: AER: Correctable error message received from 0000:02:00.0
Sep 18 11:32:36 inferswarm02 kernel: pcieport 0000:02:00.0: PCIe Bus Error: severity=Correctable, type=Physical Layer, (Receiver ID)
Sep 18 11:32:36 inferswarm02 kernel: pcieport 0000:02:00.0:   device [11f8:8533] error status/mask=00000001/0000e000
Sep 18 11:32:36 inferswarm02 kernel: pcieport 0000:02:00.0:    [ 0] RxErr                  (First)
Sep 18 11:32:36 inferswarm02 kernel: pcieport 0000:00:1d.0: AER: Correctable error message received from 0000:02:00.0
Sep 18 11:32:36 inferswarm02 kernel: pcieport 0000:02:00.0: PCIe Bus Error: severity=Correctable, type=Physical Layer, (Receiver ID)
Sep 18 11:32:36 inferswarm02 kernel: pcieport 0000:02:00.0:   device [11f8:8533] error status/mask=00000001/0000e000
Sep 18 11:32:36 inferswarm02 kernel: pcieport 0000:02:00.0:    [ 0] RxErr                  (First)
Sep 18 11:32:36 inferswarm02 kernel: pcieport 0000:00:1d.0: AER: Correctable error message received from 0000:02:00.0
Sep 18 11:32:36 inferswarm02 kernel: pcieport 0000:02:00.0: PCIe Bus Error: severity=Correctable, type=Physical Layer, (Receiver ID)
Sep 18 11:32:36 inferswarm02 kernel: pcieport 0000:02:00.0:   device [11f8:8533] error status/mask=00000001/0000e000
Sep 18 11:32:36 inferswarm02 kernel: pcieport 0000:02:00.0:    [ 0] RxErr                  (First)
Sep 18 11:32:41 inferswarm02 kernel: pcieport 0000:00:1d.0: AER: Correctable error message received from 0000:02:00.0
Sep 18 11:32:41 inferswarm02 kernel: pcieport 0000:02:00.0: PCIe Bus Error: severity=Correctable, type=Physical Layer, (Receiver ID)
Sep 18 11:32:41 inferswarm02 kernel: pcieport 0000:02:00.0:   device [11f8:8533] error status/mask=00000001/0000e000
Sep 18 11:32:41 inferswarm02 kernel: pcieport 0000:02:00.0:    [ 0] RxErr                  (First)
Sep 18 11:32:41 inferswarm02 kernel: pcieport 0000:00:1d.0: AER: Correctable error message received from 0000:02:00.0
Sep 18 11:32:41 inferswarm02 kernel: pcieport 0000:02:00.0: PCIe Bus Error: severity=Correctable, type=Physical Layer, (Receiver ID)
Sep 18 11:32:41 inferswarm02 kernel: pcieport 0000:02:00.0:   device [11f8:8533] error status/mask=00000001/0000e000
Sep 18 11:32:41 inferswarm02 kernel: pcieport 0000:02:00.0:    [ 0] RxErr                  (First)
Sep 18 11:32:41 inferswarm02 kernel: pcieport 0000:00:1d.0: AER: Correctable error message received from 0000:02:00.0
Sep 18 11:32:41 inferswarm02 kernel: pcieport 0000:02:00.0: PCIe Bus Error: severity=Correctable, type=Physical Layer, (Receiver ID)
Sep 18 11:32:41 inferswarm02 kernel: pcieport 0000:02:00.0:   device [11f8:8533] error status/mask=00000001/0000e000
Sep 18 11:32:41 inferswarm02 kernel: pcieport 0000:02:00.0:    [ 0] RxErr                  (First)
Sep 18 11:32:41 inferswarm02 kernel: pcieport 0000:00:1d.0: AER: Correctable error message received from 0000:02:00.0
Sep 18 11:32:41 inferswarm02 kernel: pcieport 0000:02:00.0: PCIe Bus Error: severity=Correctable, type=Physical Layer, (Receiver ID)
Sep 18 11:32:41 inferswarm02 kernel: pcieport 0000:02:00.0:   device [11f8:8533] error status/mask=00000001/0000e000
Sep 18 11:32:41 inferswarm02 kernel: pcieport 0000:02:00.0:    [ 0] RxErr                  (First)
Sep 18 11:32:41 inferswarm02 kernel: pcieport 0000:00:1d.0: AER: Correctable error message received from 0000:02:00.0
Sep 18 11:32:41 inferswarm02 kernel: pcieport 0000:02:00.0: PCIe Bus Error: severity=Correctable, type=Physical Layer, (Receiver ID)
Sep 18 11:32:41 inferswarm02 kernel: pcieport 0000:02:00.0:   device [11f8:8533] error status/mask=00000001/0000e000
Sep 18 11:32:41 inferswarm02 kernel: pcieport 0000:02:00.0:    [ 0] RxErr                  (First)
Sep 18 11:32:41 inferswarm02 kernel: pcieport 0000:00:1d.0: AER: Correctable error message received from 0000:02:00.0
Sep 18 11:32:41 inferswarm02 kernel: pcieport 0000:02:00.0: PCIe Bus Error: severity=Correctable, type=Physical Layer, (Receiver ID)
Sep 18 11:32:41 inferswarm02 kernel: pcieport 0000:02:00.0:   device [11f8:8533] error status/mask=00000001/0000e000
Sep 18 11:32:41 inferswarm02 kernel: pcieport 0000:02:00.0:    [ 0] RxErr                  (First)
Sep 18 11:32:41 inferswarm02 kernel: pcieport 0000:00:1d.0: AER: Correctable error message received from 0000:02:00.0
Sep 18 11:32:41 inferswarm02 kernel: pcieport 0000:02:00.0: PCIe Bus Error: severity=Correctable, type=Physical Layer, (Receiver ID)
Sep 18 11:32:41 inferswarm02 kernel: pcieport 0000:02:00.0:   device [11f8:8533] error status/mask=00000001/0000e000
Sep 18 11:32:41 inferswarm02 kernel: pcieport 0000:02:00.0:    [ 0] RxErr                  (First)
Sep 18 11:32:41 inferswarm02 kernel: pcieport 0000:00:1d.0: AER: Correctable error message received from 0000:02:00.0
Sep 18 11:32:41 inferswarm02 kernel: pcieport 0000:02:00.0: PCIe Bus Error: severity=Correctable, type=Physical Layer, (Receiver ID)
Sep 18 11:32:41 inferswarm02 kernel: pcieport 0000:02:00.0:   device [11f8:8533] error status/mask=00000001/0000e000
Sep 18 11:32:41 inferswarm02 kernel: pcieport 0000:02:00.0:    [ 0] RxErr                  (First)
Sep 18 11:32:41 inferswarm02 kernel: pcieport 0000:00:1d.0: AER: Correctable error message received from 0000:02:00.0
Sep 18 11:32:41 inferswarm02 kernel: pcieport 0000:02:00.0: PCIe Bus Error: severity=Correctable, type=Physical Layer, (Receiver ID)
Sep 18 11:32:41 inferswarm02 kernel: pcieport 0000:02:00.0:   device [11f8:8533] error status/mask=00000001/0000e000
Sep 18 11:32:41 inferswarm02 kernel: pcieport 0000:02:00.0:    [ 0] RxErr                  (First)
Sep 18 11:32:41 inferswarm02 kernel: pcieport 0000:00:1d.0: AER: Correctable error message received from 0000:02:00.0
Sep 18 11:32:41 inferswarm02 kernel: pcieport 0000:02:00.0: PCIe Bus Error: severity=Correctable, type=Physical Layer, (Receiver ID)
Sep 18 11:32:41 inferswarm02 kernel: pcieport 0000:02:00.0:   device [11f8:8533] error status/mask=00000001/0000e000
Sep 18 11:32:41 inferswarm02 kernel: pcieport 0000:02:00.0:    [ 0] RxErr                  (First)
Sep 18 11:32:46 inferswarm02 kernel: pcieport 0000:00:1d.0: AER: Correctable error message received from 0000:02:00.0
Sep 18 11:32:46 inferswarm02 kernel: pcieport 0000:02:00.0: PCIe Bus Error: severity=Correctable, type=Physical Layer, (Receiver ID)
Sep 18 11:32:46 inferswarm02 kernel: pcieport 0000:02:00.0:   device [11f8:8533] error status/mask=00000001/0000e000
Sep 18 11:32:46 inferswarm02 kernel: pcieport 0000:02:00.0:    [ 0] RxErr                  (First)
Sep 18 11:32:46 inferswarm02 kernel: pcieport 0000:00:1d.0: AER: Correctable error message received from 0000:02:00.0
Sep 18 11:32:46 inferswarm02 kernel: pcieport 0000:02:00.0: PCIe Bus Error: severity=Correctable, type=Physical Layer, (Receiver ID)
Sep 18 11:32:46 inferswarm02 kernel: pcieport 0000:02:00.0:   device [11f8:8533] error status/mask=00000001/0000e000
Sep 18 11:32:46 inferswarm02 kernel: pcieport 0000:02:00.0:    [ 0] RxErr                  (First)
Sep 18 11:32:46 inferswarm02 kernel: pcieport 0000:00:1d.0: AER: Correctable error message received from 0000:02:00.0
Sep 18 11:32:46 inferswarm02 kernel: pcieport 0000:02:00.0: PCIe Bus Error: severity=Correctable, type=Physical Layer, (Receiver ID)
Sep 18 11:32:46 inferswarm02 kernel: pcieport 0000:02:00.0:   device [11f8:8533] error status/mask=00000001/0000e000
Sep 18 11:32:46 inferswarm02 kernel: pcieport 0000:02:00.0:    [ 0] RxErr                  (First)
Sep 18 11:32:46 inferswarm02 kernel: pcieport 0000:00:1d.0: AER: Correctable error message received from 0000:02:00.0
Sep 18 11:32:46 inferswarm02 kernel: pcieport 0000:02:00.0: PCIe Bus Error: severity=Correctable, type=Physical Layer, (Receiver ID)
Sep 18 11:32:46 inferswarm02 kernel: pcieport 0000:02:00.0:   device [11f8:8533] error status/mask=00000001/0000e000
Sep 18 11:32:46 inferswarm02 kernel: pcieport 0000:02:00.0:    [ 0] RxErr                  (First)
Sep 18 11:32:46 inferswarm02 kernel: pcieport 0000:00:1d.0: AER: Correctable error message received from 0000:02:00.0
Sep 18 11:32:46 inferswarm02 kernel: pcieport 0000:02:00.0: PCIe Bus Error: severity=Correctable, type=Physical Layer, (Receiver ID)
Sep 18 11:32:46 inferswarm02 kernel: pcieport 0000:02:00.0:   device [11f8:8533] error status/mask=00000001/0000e000
Sep 18 11:32:46 inferswarm02 kernel: pcieport 0000:02:00.0:    [ 0] RxErr                  (First)
Sep 18 11:32:46 inferswarm02 kernel: pcieport 0000:00:1d.0: AER: Correctable error message received from 0000:02:00.0
Sep 18 11:32:46 inferswarm02 kernel: pcieport 0000:02:00.0: PCIe Bus Error: severity=Correctable, type=Physical Layer, (Receiver ID)
Sep 18 11:32:46 inferswarm02 kernel: pcieport 0000:02:00.0:   device [11f8:8533] error status/mask=00000001/0000e000
Sep 18 11:32:46 inferswarm02 kernel: pcieport 0000:02:00.0:    [ 0] RxErr                  (First)
Sep 18 11:32:46 inferswarm02 kernel: pcieport 0000:00:1d.0: AER: Correctable error message received from 0000:02:00.0
Sep 18 11:32:46 inferswarm02 kernel: pcieport 0000:02:00.0: PCIe Bus Error: severity=Correctable, type=Physical Layer, (Receiver ID)
Sep 18 11:32:46 inferswarm02 kernel: pcieport 0000:02:00.0:   device [11f8:8533] error status/mask=00000001/0000e000
Sep 18 11:32:46 inferswarm02 kernel: pcieport 0000:02:00.0:    [ 0] RxErr                  (First)
Sep 18 11:32:46 inferswarm02 kernel: pcieport 0000:00:1d.0: AER: Correctable error message received from 0000:02:00.0
Sep 18 11:32:46 inferswarm02 kernel: pcieport 0000:02:00.0: PCIe Bus Error: severity=Correctable, type=Physical Layer, (Receiver ID)
Sep 18 11:32:46 inferswarm02 kernel: pcieport 0000:02:00.0:   device [11f8:8533] error status/mask=00000001/0000e000
Sep 18 11:32:46 inferswarm02 kernel: pcieport 0000:02:00.0:    [ 0] RxErr                  (First)
Sep 18 11:32:46 inferswarm02 kernel: pcieport 0000:00:1d.0: AER: Correctable error message received from 0000:02:00.0
Sep 18 11:32:46 inferswarm02 kernel: pcieport 0000:02:00.0: PCIe Bus Error: severity=Correctable, type=Physical Layer, (Receiver ID)
Sep 18 11:32:46 inferswarm02 kernel: pcieport 0000:02:00.0:   device [11f8:8533] error status/mask=00000001/0000e000
Sep 18 11:32:46 inferswarm02 kernel: pcieport 0000:02:00.0:    [ 0] RxErr                  (First)
Sep 18 11:32:46 inferswarm02 kernel: pcieport 0000:00:1d.0: AER: Correctable error message received from 0000:02:00.0
Sep 18 11:32:46 inferswarm02 kernel: pcieport 0000:02:00.0: PCIe Bus Error: severity=Correctable, type=Physical Layer, (Receiver ID)
Sep 18 11:32:46 inferswarm02 kernel: pcieport 0000:02:00.0:   device [11f8:8533] error status/mask=00000001/0000e000
Sep 18 11:32:46 inferswarm02 kernel: pcieport 0000:02:00.0:    [ 0] RxErr                  (First)
Sep 18 11:32:51 inferswarm02 kernel: pcieport 0000:00:1d.0: AER: Correctable error message received from 0000:02:00.0
Sep 18 11:32:51 inferswarm02 kernel: pcieport 0000:02:00.0: PCIe Bus Error: severity=Correctable, type=Physical Layer, (Receiver ID)
Sep 18 11:32:51 inferswarm02 kernel: pcieport 0000:02:00.0:   device [11f8:8533] error status/mask=00000001/0000e000
Sep 18 11:32:51 inferswarm02 kernel: pcieport 0000:02:00.0:    [ 0] RxErr                  (First)
Sep 18 11:32:51 inferswarm02 kernel: pcieport 0000:00:1d.0: AER: Correctable error message received from 0000:02:00.0
Sep 18 11:32:51 inferswarm02 kernel: pcieport 0000:02:00.0: PCIe Bus Error: severity=Correctable, type=Physical Layer, (Receiver ID)
Sep 18 11:32:51 inferswarm02 kernel: pcieport 0000:02:00.0:   device [11f8:8533] error status/mask=00000001/0000e000
Sep 18 11:32:51 inferswarm02 kernel: pcieport 0000:02:00.0:    [ 0] RxErr                  (First)
Sep 18 11:32:51 inferswarm02 kernel: pcieport 0000:00:1d.0: AER: Correctable error message received from 0000:02:00.0
Sep 18 11:32:51 inferswarm02 kernel: pcieport 0000:02:00.0: PCIe Bus Error: severity=Correctable, type=Physical Layer, (Receiver ID)
Sep 18 11:32:51 inferswarm02 kernel: pcieport 0000:02:00.0:   device [11f8:8533] error status/mask=00000001/0000e000
Sep 18 11:32:51 inferswarm02 kernel: pcieport 0000:02:00.0:    [ 0] RxErr                  (First)
Sep 18 11:32:51 inferswarm02 kernel: pcieport 0000:00:1d.0: AER: Correctable error message received from 0000:02:00.0
Sep 18 11:32:51 inferswarm02 kernel: pcieport 0000:02:00.0: PCIe Bus Error: severity=Correctable, type=Physical Layer, (Receiver ID)
Sep 18 11:32:51 inferswarm02 kernel: pcieport 0000:02:00.0:   device [11f8:8533] error status/mask=00000001/0000e000
Sep 18 11:32:51 inferswarm02 kernel: pcieport 0000:02:00.0:    [ 0] RxErr                  (First)
Sep 18 11:32:51 inferswarm02 kernel: pcieport 0000:00:1d.0: AER: Correctable error message received from 0000:02:00.0
Sep 18 11:32:51 inferswarm02 kernel: pcieport 0000:02:00.0: PCIe Bus Error: severity=Correctable, type=Physical Layer, (Receiver ID)
Sep 18 11:32:51 inferswarm02 kernel: pcieport 0000:02:00.0:   device [11f8:8533] error status/mask=00000001/0000e000
Sep 18 11:32:51 inferswarm02 kernel: pcieport 0000:02:00.0:    [ 0] RxErr                  (First)
Sep 18 11:32:51 inferswarm02 kernel: pcieport 0000:00:1d.0: AER: Correctable error message received from 0000:02:00.0
Sep 18 11:32:51 inferswarm02 kernel: pcieport 0000:02:00.0: PCIe Bus Error: severity=Correctable, type=Physical Layer, (Receiver ID)
Sep 18 11:32:51 inferswarm02 kernel: pcieport 0000:02:00.0:   device [11f8:8533] error status/mask=00000001/0000e000
Sep 18 11:32:51 inferswarm02 kernel: pcieport 0000:02:00.0:    [ 0] RxErr                  (First)
Sep 18 11:32:51 inferswarm02 kernel: pcieport 0000:00:1d.0: AER: Correctable error message received from 0000:02:00.0
Sep 18 11:32:51 inferswarm02 kernel: pcieport 0000:02:00.0: PCIe Bus Error: severity=Correctable, type=Physical Layer, (Receiver ID)
Sep 18 11:32:51 inferswarm02 kernel: pcieport 0000:02:00.0:   device [11f8:8533] error status/mask=00000001/0000e000
Sep 18 11:32:51 inferswarm02 kernel: pcieport 0000:02:00.0:    [ 0] RxErr                  (First)
Sep 18 11:32:51 inferswarm02 kernel: pcieport 0000:00:1d.0: AER: Correctable error message received from 0000:02:00.0
Sep 18 11:32:51 inferswarm02 kernel: pcieport 0000:02:00.0: PCIe Bus Error: severity=Correctable, type=Physical Layer, (Receiver ID)
Sep 18 11:32:51 inferswarm02 kernel: pcieport 0000:02:00.0:   device [11f8:8533] error status/mask=00000001/0000e000
Sep 18 11:32:51 inferswarm02 kernel: pcieport 0000:02:00.0:    [ 0] RxErr                  (First)
Sep 18 11:32:51 inferswarm02 kernel: pcieport 0000:00:1d.0: AER: Correctable error message received from 0000:02:00.0
Sep 18 11:32:51 inferswarm02 kernel: pcieport 0000:02:00.0: PCIe Bus Error: severity=Correctable, type=Physical Layer, (Receiver ID)
Sep 18 11:32:51 inferswarm02 kernel: pcieport 0000:02:00.0:   device [11f8:8533] error status/mask=00000001/0000e000
Sep 18 11:32:51 inferswarm02 kernel: pcieport 0000:02:00.0:    [ 0] RxErr                  (First)
Sep 18 11:32:51 inferswarm02 kernel: pcieport 0000:00:1d.0: AER: Correctable error message received from 0000:02:00.0
Sep 18 11:32:51 inferswarm02 kernel: pcieport 0000:02:00.0: PCIe Bus Error: severity=Correctable, type=Physical Layer, (Receiver ID)
Sep 18 11:32:51 inferswarm02 kernel: pcieport 0000:02:00.0:   device [11f8:8533] error status/mask=00000001/0000e000
Sep 18 11:32:51 inferswarm02 kernel: pcieport 0000:02:00.0:    [ 0] RxErr                  (First)
Sep 18 11:32:56 inferswarm02 kernel: pcieport 0000:00:1d.0: AER: Correctable error message received from 0000:02:00.0
Sep 18 11:32:56 inferswarm02 kernel: pcieport 0000:02:00.0: PCIe Bus Error: severity=Correctable, type=Physical Layer, (Receiver ID)
Sep 18 11:32:56 inferswarm02 kernel: pcieport 0000:02:00.0:   device [11f8:8533] error status/mask=00000001/0000e000
Sep 18 11:32:56 inferswarm02 kernel: pcieport 0000:02:00.0:    [ 0] RxErr                  (First)
Sep 18 11:32:56 inferswarm02 kernel: pcieport 0000:00:1d.0: AER: Correctable error message received from 0000:02:00.0
Sep 18 11:32:56 inferswarm02 kernel: pcieport 0000:02:00.0: PCIe Bus Error: severity=Correctable, type=Physical Layer, (Receiver ID)
Sep 18 11:32:56 inferswarm02 kernel: pcieport 0000:02:00.0:   device [11f8:8533] error status/mask=00000001/0000e000
Sep 18 11:32:56 inferswarm02 kernel: pcieport 0000:02:00.0:    [ 0] RxErr                  (First)
Sep 18 11:32:56 inferswarm02 kernel: pcieport 0000:00:1d.0: AER: Correctable error message received from 0000:02:00.0
Sep 18 11:32:56 inferswarm02 kernel: pcieport 0000:02:00.0: PCIe Bus Error: severity=Correctable, type=Physical Layer, (Receiver ID)
Sep 18 11:32:56 inferswarm02 kernel: pcieport 0000:02:00.0:   device [11f8:8533] error status/mask=00000001/0000e000
Sep 18 11:32:56 inferswarm02 kernel: pcieport 0000:02:00.0:    [ 0] RxErr                  (First)
Sep 18 11:32:56 inferswarm02 kernel: pcieport 0000:00:1d.0: AER: Correctable error message received from 0000:02:00.0
Sep 18 11:32:56 inferswarm02 kernel: pcieport 0000:02:00.0: PCIe Bus Error: severity=Correctable, type=Physical Layer, (Receiver ID)
Sep 18 11:32:56 inferswarm02 kernel: pcieport 0000:02:00.0:   device [11f8:8533] error status/mask=00000001/0000e000
Sep 18 11:32:56 inferswarm02 kernel: pcieport 0000:02:00.0:    [ 0] RxErr                  (First)
Sep 18 11:32:56 inferswarm02 kernel: pcieport 0000:00:1d.0: AER: Correctable error message received from 0000:02:00.0
Sep 18 11:32:56 inferswarm02 kernel: pcieport 0000:02:00.0: PCIe Bus Error: severity=Correctable, type=Physical Layer, (Receiver ID)
Sep 18 11:32:56 inferswarm02 kernel: pcieport 0000:02:00.0:   device [11f8:8533] error status/mask=00000001/0000e000
Sep 18 11:32:56 inferswarm02 kernel: pcieport 0000:02:00.0:    [ 0] RxErr                  (First)
Sep 18 11:32:56 inferswarm02 kernel: pcieport 0000:00:1d.0: AER: Correctable error message received from 0000:02:00.0
Sep 18 11:32:56 inferswarm02 kernel: pcieport 0000:02:00.0: PCIe Bus Error: severity=Correctable, type=Physical Layer, (Receiver ID)
Sep 18 11:32:56 inferswarm02 kernel: pcieport 0000:02:00.0:   device [11f8:8533] error status/mask=00000001/0000e000
Sep 18 11:32:56 inferswarm02 kernel: pcieport 0000:02:00.0:    [ 0] RxErr                  (First)
Sep 18 11:32:56 inferswarm02 kernel: pcieport 0000:00:1d.0: AER: Correctable error message received from 0000:02:00.0
Sep 18 11:32:56 inferswarm02 kernel: pcieport 0000:02:00.0: PCIe Bus Error: severity=Correctable, type=Physical Layer, (Receiver ID)
Sep 18 11:32:56 inferswarm02 kernel: pcieport 0000:02:00.0:   device [11f8:8533] error status/mask=00000001/0000e000
Sep 18 11:32:56 inferswarm02 kernel: pcieport 0000:02:00.0:    [ 0] RxErr                  (First)
Sep 18 11:32:56 inferswarm02 kernel: pcieport 0000:00:1d.0: AER: Correctable error message received from 0000:02:00.0
Sep 18 11:32:56 inferswarm02 kernel: pcieport 0000:02:00.0: PCIe Bus Error: severity=Correctable, type=Physical Layer, (Receiver ID)
Sep 18 11:32:56 inferswarm02 kernel: pcieport 0000:02:00.0:   device [11f8:8533] error status/mask=00000001/0000e000
Sep 18 11:32:56 inferswarm02 kernel: pcieport 0000:02:00.0:    [ 0] RxErr                  (First)
Sep 18 11:32:56 inferswarm02 kernel: pcieport 0000:00:1d.0: AER: Correctable error message received from 0000:02:00.0
Sep 18 11:32:56 inferswarm02 kernel: pcieport 0000:02:00.0: PCIe Bus Error: severity=Correctable, type=Physical Layer, (Receiver ID)
Sep 18 11:32:56 inferswarm02 kernel: pcieport 0000:02:00.0:   device [11f8:8533] error status/mask=00000001/0000e000
Sep 18 11:32:56 inferswarm02 kernel: pcieport 0000:02:00.0:    [ 0] RxErr                  (First)
Sep 18 11:32:56 inferswarm02 kernel: pcieport 0000:00:1d.0: AER: Correctable error message received from 0000:02:00.0
Sep 18 11:32:56 inferswarm02 kernel: pcieport 0000:02:00.0: PCIe Bus Error: severity=Correctable, type=Physical Layer, (Receiver ID)
Sep 18 11:32:56 inferswarm02 kernel: pcieport 0000:02:00.0:   device [11f8:8533] error status/mask=00000001/0000e000
Sep 18 11:32:56 inferswarm02 kernel: pcieport 0000:02:00.0:    [ 0] RxErr                  (First)
Sep 18 11:33:01 inferswarm02 kernel: pcieport 0000:00:1d.0: AER: Correctable error message received from 0000:02:00.0
Sep 18 11:33:01 inferswarm02 kernel: pcieport 0000:02:00.0: PCIe Bus Error: severity=Correctable, type=Physical Layer, (Receiver ID)
Sep 18 11:33:01 inferswarm02 kernel: pcieport 0000:02:00.0:   device [11f8:8533] error status/mask=00000001/0000e000
Sep 18 11:33:01 inferswarm02 kernel: pcieport 0000:02:00.0:    [ 0] RxErr                  (First)
Sep 18 11:33:01 inferswarm02 kernel: pcieport 0000:00:1d.0: AER: Correctable error message received from 0000:02:00.0
Sep 18 11:33:01 inferswarm02 kernel: pcieport 0000:02:00.0: PCIe Bus Error: severity=Correctable, type=Physical Layer, (Receiver ID)
Sep 18 11:33:01 inferswarm02 kernel: pcieport 0000:02:00.0:   device [11f8:8533] error status/mask=00000001/0000e000
Sep 18 11:33:01 inferswarm02 kernel: pcieport 0000:02:00.0:    [ 0] RxErr                  (First)
Sep 18 11:33:01 inferswarm02 kernel: pcieport 0000:00:1d.0: AER: Correctable error message received from 0000:02:00.0
Sep 18 11:33:01 inferswarm02 kernel: pcieport 0000:02:00.0: PCIe Bus Error: severity=Correctable, type=Physical Layer, (Receiver ID)
Sep 18 11:33:01 inferswarm02 kernel: pcieport 0000:02:00.0:   device [11f8:8533] error status/mask=00000001/0000e000
Sep 18 11:33:01 inferswarm02 kernel: pcieport 0000:02:00.0:    [ 0] RxErr                  (First)
Sep 18 11:33:01 inferswarm02 kernel: pcieport 0000:00:1d.0: AER: Correctable error message received from 0000:02:00.0
Sep 18 11:33:01 inferswarm02 kernel: pcieport 0000:02:00.0: PCIe Bus Error: severity=Correctable, type=Physical Layer, (Receiver ID)
Sep 18 11:33:01 inferswarm02 kernel: pcieport 0000:02:00.0:   device [11f8:8533] error status/mask=00000001/0000e000
Sep 18 11:33:01 inferswarm02 kernel: pcieport 0000:02:00.0:    [ 0] RxErr                  (First)
Sep 18 11:33:01 inferswarm02 kernel: pcieport 0000:00:1d.0: AER: Correctable error message received from 0000:02:00.0
Sep 18 11:33:01 inferswarm02 kernel: pcieport 0000:02:00.0: PCIe Bus Error: severity=Correctable, type=Physical Layer, (Receiver ID)
Sep 18 11:33:01 inferswarm02 kernel: pcieport 0000:02:00.0:   device [11f8:8533] error status/mask=00000001/0000e000
Sep 18 11:33:01 inferswarm02 kernel: pcieport 0000:02:00.0:    [ 0] RxErr                  (First)
Sep 18 11:33:01 inferswarm02 kernel: pcieport 0000:00:1d.0: AER: Correctable error message received from 0000:02:00.0
Sep 18 11:33:01 inferswarm02 kernel: pcieport 0000:02:00.0: PCIe Bus Error: severity=Correctable, type=Physical Layer, (Receiver ID)
Sep 18 11:33:01 inferswarm02 kernel: pcieport 0000:02:00.0:   device [11f8:8533] error status/mask=00000001/0000e000
Sep 18 11:33:01 inferswarm02 kernel: pcieport 0000:02:00.0:    [ 0] RxErr                  (First)
Sep 18 11:33:01 inferswarm02 kernel: pcieport 0000:00:1d.0: AER: Correctable error message received from 0000:02:00.0
Sep 18 11:33:01 inferswarm02 kernel: pcieport 0000:02:00.0: PCIe Bus Error: severity=Correctable, type=Physical Layer, (Receiver ID)
Sep 18 11:33:01 inferswarm02 kernel: pcieport 0000:02:00.0:   device [11f8:8533] error status/mask=00000001/0000e000
Sep 18 11:33:01 inferswarm02 kernel: pcieport 0000:02:00.0:    [ 0] RxErr                  (First)
Sep 18 11:33:01 inferswarm02 kernel: pcieport 0000:00:1d.0: AER: Correctable error message received from 0000:02:00.0
Sep 18 11:33:01 inferswarm02 kernel: pcieport 0000:02:00.0: PCIe Bus Error: severity=Correctable, type=Physical Layer, (Receiver ID)
Sep 18 11:33:01 inferswarm02 kernel: pcieport 0000:02:00.0:   device [11f8:8533] error status/mask=00000001/0000e000
Sep 18 11:33:01 inferswarm02 kernel: pcieport 0000:02:00.0:    [ 0] RxErr                  (First)
Sep 18 11:33:01 inferswarm02 kernel: pcieport 0000:00:1d.0: AER: Correctable error message received from 0000:02:00.0
Sep 18 11:33:01 inferswarm02 kernel: pcieport 0000:02:00.0: PCIe Bus Error: severity=Correctable, type=Physical Layer, (Receiver ID)
Sep 18 11:33:01 inferswarm02 kernel: pcieport 0000:02:00.0:   device [11f8:8533] error status/mask=00000001/0000e000
Sep 18 11:33:01 inferswarm02 kernel: pcieport 0000:02:00.0:    [ 0] RxErr                  (First)
Sep 18 11:33:01 inferswarm02 kernel: pcieport 0000:00:1d.0: AER: Correctable error message received from 0000:02:00.0
Sep 18 11:33:01 inferswarm02 kernel: pcieport 0000:02:00.0: PCIe Bus Error: severity=Correctable, type=Physical Layer, (Receiver ID)
Sep 18 11:33:01 inferswarm02 kernel: pcieport 0000:02:00.0:   device [11f8:8533] error status/mask=00000001/0000e000
Sep 18 11:33:01 inferswarm02 kernel: pcieport 0000:02:00.0:    [ 0] RxErr                  (First)
Sep 18 11:33:06 inferswarm02 kernel: pcieport 0000:00:1d.0: AER: Correctable error message received from 0000:02:00.0
Sep 18 11:33:06 inferswarm02 kernel: pcieport 0000:02:00.0: PCIe Bus Error: severity=Correctable, type=Physical Layer, (Receiver ID)
Sep 18 11:33:06 inferswarm02 kernel: pcieport 0000:02:00.0:   device [11f8:8533] error status/mask=00000001/0000e000
Sep 18 11:33:06 inferswarm02 kernel: pcieport 0000:02:00.0:    [ 0] RxErr                  (First)
Sep 18 11:33:06 inferswarm02 kernel: pcieport 0000:00:1d.0: AER: Correctable error message received from 0000:02:00.0
Sep 18 11:33:06 inferswarm02 kernel: pcieport 0000:02:00.0: PCIe Bus Error: severity=Correctable, type=Physical Layer, (Receiver ID)
Sep 18 11:33:06 inferswarm02 kernel: pcieport 0000:02:00.0:   device [11f8:8533] error status/mask=00000001/0000e000
Sep 18 11:33:06 inferswarm02 kernel: pcieport 0000:02:00.0:    [ 0] RxErr                  (First)
Sep 18 11:33:06 inferswarm02 kernel: pcieport 0000:00:1d.0: AER: Correctable error message received from 0000:02:00.0
Sep 18 11:33:06 inferswarm02 kernel: pcieport 0000:02:00.0: PCIe Bus Error: severity=Correctable, type=Physical Layer, (Receiver ID)
Sep 18 11:33:06 inferswarm02 kernel: pcieport 0000:02:00.0:   device [11f8:8533] error status/mask=00000001/0000e000
Sep 18 11:33:06 inferswarm02 kernel: pcieport 0000:02:00.0:    [ 0] RxErr                  (First)
Sep 18 11:33:06 inferswarm02 kernel: pcieport 0000:00:1d.0: AER: Correctable error message received from 0000:02:00.0
Sep 18 11:33:06 inferswarm02 kernel: pcieport 0000:02:00.0: PCIe Bus Error: severity=Correctable, type=Physical Layer, (Receiver ID)
Sep 18 11:33:06 inferswarm02 kernel: pcieport 0000:02:00.0:   device [11f8:8533] error status/mask=00000001/0000e000
Sep 18 11:33:06 inferswarm02 kernel: pcieport 0000:02:00.0:    [ 0] RxErr                  (First)
Sep 18 11:33:06 inferswarm02 kernel: pcieport 0000:00:1d.0: AER: Correctable error message received from 0000:02:00.0
Sep 18 11:33:06 inferswarm02 kernel: pcieport 0000:02:00.0: PCIe Bus Error: severity=Correctable, type=Physical Layer, (Receiver ID)
Sep 18 11:33:06 inferswarm02 kernel: pcieport 0000:02:00.0:   device [11f8:8533] error status/mask=00000001/0000e000
Sep 18 11:33:06 inferswarm02 kernel: pcieport 0000:02:00.0:    [ 0] RxErr                  (First)
Sep 18 11:33:06 inferswarm02 kernel: pcieport 0000:00:1d.0: AER: Correctable error message received from 0000:02:00.0
Sep 18 11:33:06 inferswarm02 kernel: pcieport 0000:02:00.0: PCIe Bus Error: severity=Correctable, type=Physical Layer, (Receiver ID)
Sep 18 11:33:06 inferswarm02 kernel: pcieport 0000:02:00.0:   device [11f8:8533] error status/mask=00000001/0000e000
Sep 18 11:33:06 inferswarm02 kernel: pcieport 0000:02:00.0:    [ 0] RxErr                  (First)
Sep 18 11:33:06 inferswarm02 kernel: pcieport 0000:00:1d.0: AER: Correctable error message received from 0000:02:00.0
Sep 18 11:33:06 inferswarm02 kernel: pcieport 0000:02:00.0: PCIe Bus Error: severity=Correctable, type=Physical Layer, (Receiver ID)
Sep 18 11:33:06 inferswarm02 kernel: pcieport 0000:02:00.0:   device [11f8:8533] error status/mask=00000001/0000e000
Sep 18 11:33:06 inferswarm02 kernel: pcieport 0000:02:00.0:    [ 0] RxErr                  (First)
Sep 18 11:33:06 inferswarm02 kernel: pcieport 0000:00:1d.0: AER: Correctable error message received from 0000:02:00.0
Sep 18 11:33:06 inferswarm02 kernel: pcieport 0000:02:00.0: PCIe Bus Error: severity=Correctable, type=Physical Layer, (Receiver ID)
Sep 18 11:33:06 inferswarm02 kernel: pcieport 0000:02:00.0:   device [11f8:8533] error status/mask=00000001/0000e000
Sep 18 11:33:06 inferswarm02 kernel: pcieport 0000:02:00.0:    [ 0] RxErr                  (First)
Sep 18 11:33:06 inferswarm02 kernel: pcieport 0000:00:1d.0: AER: Correctable error message received from 0000:02:00.0
Sep 18 11:33:06 inferswarm02 kernel: pcieport 0000:02:00.0: PCIe Bus Error: severity=Correctable, type=Physical Layer, (Receiver ID)
Sep 18 11:33:06 inferswarm02 kernel: pcieport 0000:02:00.0:   device [11f8:8533] error status/mask=00000001/0000e000
Sep 18 11:33:06 inferswarm02 kernel: pcieport 0000:02:00.0:    [ 0] RxErr                  (First)
Sep 18 11:33:06 inferswarm02 kernel: pcieport 0000:00:1d.0: AER: Correctable error message received from 0000:02:00.0
Sep 18 11:33:06 inferswarm02 kernel: pcieport 0000:02:00.0: PCIe Bus Error: severity=Correctable, type=Physical Layer, (Receiver ID)
Sep 18 11:33:06 inferswarm02 kernel: pcieport 0000:02:00.0:   device [11f8:8533] error status/mask=00000001/0000e000
Sep 18 11:33:06 inferswarm02 kernel: pcieport 0000:02:00.0:    [ 0] RxErr                  (First)
Sep 18 11:33:11 inferswarm02 kernel: pcieport 0000:00:1d.0: AER: Correctable error message received from 0000:02:00.0
Sep 18 11:33:11 inferswarm02 kernel: pcieport 0000:02:00.0: PCIe Bus Error: severity=Correctable, type=Physical Layer, (Receiver ID)
Sep 18 11:33:11 inferswarm02 kernel: pcieport 0000:02:00.0:   device [11f8:8533] error status/mask=00000001/0000e000
Sep 18 11:33:11 inferswarm02 kernel: pcieport 0000:02:00.0:    [ 0] RxErr                  (First)
Sep 18 11:33:11 inferswarm02 kernel: pcieport 0000:00:1d.0: AER: Correctable error message received from 0000:02:00.0
Sep 18 11:33:11 inferswarm02 kernel: pcieport 0000:02:00.0: PCIe Bus Error: severity=Correctable, type=Physical Layer, (Receiver ID)
Sep 18 11:33:11 inferswarm02 kernel: pcieport 0000:02:00.0:   device [11f8:8533] error status/mask=00000001/0000e000
Sep 18 11:33:11 inferswarm02 kernel: pcieport 0000:02:00.0:    [ 0] RxErr                  (First)
Sep 18 11:33:11 inferswarm02 kernel: pcieport 0000:00:1d.0: AER: Correctable error message received from 0000:02:00.0
Sep 18 11:33:11 inferswarm02 kernel: pcieport 0000:02:00.0: PCIe Bus Error: severity=Correctable, type=Physical Layer, (Receiver ID)
Sep 18 11:33:11 inferswarm02 kernel: pcieport 0000:02:00.0:   device [11f8:8533] error status/mask=00000001/0000e000
Sep 18 11:33:11 inferswarm02 kernel: pcieport 0000:02:00.0:    [ 0] RxErr                  (First)
Sep 18 11:33:11 inferswarm02 kernel: pcieport 0000:00:1d.0: AER: Correctable error message received from 0000:02:00.0
Sep 18 11:33:11 inferswarm02 kernel: pcieport 0000:02:00.0: PCIe Bus Error: severity=Correctable, type=Physical Layer, (Receiver ID)
Sep 18 11:33:11 inferswarm02 kernel: pcieport 0000:02:00.0:   device [11f8:8533] error status/mask=00000001/0000e000
Sep 18 11:33:11 inferswarm02 kernel: pcieport 0000:02:00.0:    [ 0] RxErr                  (First)
Sep 18 11:33:11 inferswarm02 kernel: pcieport 0000:00:1d.0: AER: Correctable error message received from 0000:02:00.0
Sep 18 11:33:11 inferswarm02 kernel: pcieport 0000:02:00.0: PCIe Bus Error: severity=Correctable, type=Physical Layer, (Receiver ID)
Sep 18 11:33:11 inferswarm02 kernel: pcieport 0000:02:00.0:   device [11f8:8533] error status/mask=00000001/0000e000
Sep 18 11:33:11 inferswarm02 kernel: pcieport 0000:02:00.0:    [ 0] RxErr                  (First)
Sep 18 11:33:11 inferswarm02 kernel: pcieport 0000:00:1d.0: AER: Correctable error message received from 0000:02:00.0
Sep 18 11:33:11 inferswarm02 kernel: pcieport 0000:02:00.0: PCIe Bus Error: severity=Correctable, type=Physical Layer, (Receiver ID)
Sep 18 11:33:11 inferswarm02 kernel: pcieport 0000:02:00.0:   device [11f8:8533] error status/mask=00000001/0000e000
Sep 18 11:33:11 inferswarm02 kernel: pcieport 0000:02:00.0:    [ 0] RxErr                  (First)
Sep 18 11:33:11 inferswarm02 kernel: pcieport 0000:00:1d.0: AER: Correctable error message received from 0000:02:00.0
Sep 18 11:33:11 inferswarm02 kernel: pcieport 0000:02:00.0: PCIe Bus Error: severity=Correctable, type=Physical Layer, (Receiver ID)
Sep 18 11:33:11 inferswarm02 kernel: pcieport 0000:02:00.0:   device [11f8:8533] error status/mask=00000001/0000e000
Sep 18 11:33:11 inferswarm02 kernel: pcieport 0000:02:00.0:    [ 0] RxErr                  (First)
Sep 18 11:33:11 inferswarm02 kernel: pcieport 0000:00:1d.0: AER: Correctable error message received from 0000:02:00.0
Sep 18 11:33:11 inferswarm02 kernel: pcieport 0000:02:00.0: PCIe Bus Error: severity=Correctable, type=Physical Layer, (Receiver ID)
Sep 18 11:33:11 inferswarm02 kernel: pcieport 0000:02:00.0:   device [11f8:8533] error status/mask=00000001/0000e000
Sep 18 11:33:11 inferswarm02 kernel: pcieport 0000:02:00.0:    [ 0] RxErr                  (First)
Sep 18 11:33:11 inferswarm02 kernel: pcieport 0000:00:1d.0: AER: Correctable error message received from 0000:02:00.0
Sep 18 11:33:11 inferswarm02 kernel: pcieport 0000:02:00.0: PCIe Bus Error: severity=Correctable, type=Physical Layer, (Receiver ID)
Sep 18 11:33:11 inferswarm02 kernel: pcieport 0000:02:00.0:   device [11f8:8533] error status/mask=00000001/0000e000
Sep 18 11:33:11 inferswarm02 kernel: pcieport 0000:02:00.0:    [ 0] RxErr                  (First)
Sep 18 11:33:11 inferswarm02 kernel: pcieport 0000:00:1d.0: AER: Correctable error message received from 0000:02:00.0
Sep 18 11:33:11 inferswarm02 kernel: pcieport 0000:02:00.0: PCIe Bus Error: severity=Correctable, type=Physical Layer, (Receiver ID)
Sep 18 11:33:11 inferswarm02 kernel: pcieport 0000:02:00.0:   device [11f8:8533] error status/mask=00000001/0000e000
Sep 18 11:33:11 inferswarm02 kernel: pcieport 0000:02:00.0:    [ 0] RxErr                  (First)
Sep 18 11:33:16 inferswarm02 kernel: pcieport 0000:00:1d.0: AER: Correctable error message received from 0000:02:00.0
Sep 18 11:33:16 inferswarm02 kernel: pcieport 0000:02:00.0: PCIe Bus Error: severity=Correctable, type=Physical Layer, (Receiver ID)
Sep 18 11:33:16 inferswarm02 kernel: pcieport 0000:02:00.0:   device [11f8:8533] error status/mask=00000001/0000e000
Sep 18 11:33:16 inferswarm02 kernel: pcieport 0000:02:00.0:    [ 0] RxErr                  (First)
Sep 18 11:33:16 inferswarm02 kernel: pcieport 0000:00:1d.0: AER: Correctable error message received from 0000:02:00.0
Sep 18 11:33:16 inferswarm02 kernel: pcieport 0000:02:00.0: PCIe Bus Error: severity=Correctable, type=Physical Layer, (Receiver ID)
Sep 18 11:33:16 inferswarm02 kernel: pcieport 0000:02:00.0:   device [11f8:8533] error status/mask=00000001/0000e000
Sep 18 11:33:16 inferswarm02 kernel: pcieport 0000:02:00.0:    [ 0] RxErr                  (First)
Sep 18 11:33:16 inferswarm02 kernel: pcieport 0000:00:1d.0: AER: Correctable error message received from 0000:02:00.0
Sep 18 11:33:16 inferswarm02 kernel: pcieport 0000:02:00.0: PCIe Bus Error: severity=Correctable, type=Physical Layer, (Receiver ID)
Sep 18 11:33:16 inferswarm02 kernel: pcieport 0000:02:00.0:   device [11f8:8533] error status/mask=00000001/0000e000
Sep 18 11:33:16 inferswarm02 kernel: pcieport 0000:02:00.0:    [ 0] RxErr                  (First)
Sep 18 11:33:16 inferswarm02 kernel: pcieport 0000:00:1d.0: AER: Correctable error message received from 0000:02:00.0
Sep 18 11:33:16 inferswarm02 kernel: pcieport 0000:02:00.0: PCIe Bus Error: severity=Correctable, type=Physical Layer, (Receiver ID)
Sep 18 11:33:16 inferswarm02 kernel: pcieport 0000:02:00.0:   device [11f8:8533] error status/mask=00000001/0000e000
Sep 18 11:33:16 inferswarm02 kernel: pcieport 0000:02:00.0:    [ 0] RxErr                  (First)
Sep 18 11:33:16 inferswarm02 kernel: pcieport 0000:00:1d.0: AER: Correctable error message received from 0000:02:00.0
Sep 18 11:33:16 inferswarm02 kernel: pcieport 0000:02:00.0: PCIe Bus Error: severity=Correctable, type=Physical Layer, (Receiver ID)
Sep 18 11:33:16 inferswarm02 kernel: pcieport 0000:02:00.0:   device [11f8:8533] error status/mask=00000001/0000e000
Sep 18 11:33:16 inferswarm02 kernel: pcieport 0000:02:00.0:    [ 0] RxErr                  (First)
Sep 18 11:33:16 inferswarm02 kernel: pcieport 0000:00:1d.0: AER: Correctable error message received from 0000:02:00.0
Sep 18 11:33:16 inferswarm02 kernel: pcieport 0000:02:00.0: PCIe Bus Error: severity=Correctable, type=Physical Layer, (Receiver ID)
Sep 18 11:33:16 inferswarm02 kernel: pcieport 0000:02:00.0:   device [11f8:8533] error status/mask=00000001/0000e000
Sep 18 11:33:16 inferswarm02 kernel: pcieport 0000:02:00.0:    [ 0] RxErr                  (First)
Sep 18 11:33:16 inferswarm02 kernel: pcieport 0000:00:1d.0: AER: Correctable error message received from 0000:02:00.0
Sep 18 11:33:16 inferswarm02 kernel: pcieport 0000:02:00.0: PCIe Bus Error: severity=Correctable, type=Physical Layer, (Receiver ID)
Sep 18 11:33:16 inferswarm02 kernel: pcieport 0000:02:00.0:   device [11f8:8533] error status/mask=00000001/0000e000
Sep 18 11:33:16 inferswarm02 kernel: pcieport 0000:02:00.0:    [ 0] RxErr                  (First)
Sep 18 11:33:16 inferswarm02 kernel: pcieport 0000:00:1d.0: AER: Correctable error message received from 0000:02:00.0
Sep 18 11:33:16 inferswarm02 kernel: pcieport 0000:02:00.0: PCIe Bus Error: severity=Correctable, type=Physical Layer, (Receiver ID)
Sep 18 11:33:16 inferswarm02 kernel: pcieport 0000:02:00.0:   device [11f8:8533] error status/mask=00000001/0000e000
Sep 18 11:33:16 inferswarm02 kernel: pcieport 0000:02:00.0:    [ 0] RxErr                  (First)
Sep 18 11:33:16 inferswarm02 kernel: pcieport 0000:00:1d.0: AER: Correctable error message received from 0000:02:00.0
Sep 18 11:33:16 inferswarm02 kernel: pcieport 0000:02:00.0: PCIe Bus Error: severity=Correctable, type=Physical Layer, (Receiver ID)
Sep 18 11:33:16 inferswarm02 kernel: pcieport 0000:02:00.0:   device [11f8:8533] error status/mask=00000001/0000e000
Sep 18 11:33:16 inferswarm02 kernel: pcieport 0000:02:00.0:    [ 0] RxErr                  (First)
Sep 18 11:33:16 inferswarm02 kernel: pcieport 0000:00:1d.0: AER: Correctable error message received from 0000:02:00.0
Sep 18 11:33:16 inferswarm02 kernel: pcieport 0000:02:00.0: PCIe Bus Error: severity=Correctable, type=Physical Layer, (Receiver ID)
Sep 18 11:33:16 inferswarm02 kernel: pcieport 0000:02:00.0:   device [11f8:8533] error status/mask=00000001/0000e000
Sep 18 11:33:16 inferswarm02 kernel: pcieport 0000:02:00.0:    [ 0] RxErr                  (First)
Sep 18 11:33:21 inferswarm02 kernel: pcieport 0000:00:1d.0: AER: Correctable error message received from 0000:02:00.0
Sep 18 11:33:21 inferswarm02 kernel: pcieport 0000:02:00.0: PCIe Bus Error: severity=Correctable, type=Physical Layer, (Receiver ID)
Sep 18 11:33:21 inferswarm02 kernel: pcieport 0000:02:00.0:   device [11f8:8533] error status/mask=00000001/0000e000
Sep 18 11:33:21 inferswarm02 kernel: pcieport 0000:02:00.0:    [ 0] RxErr                  (First)
Sep 18 11:33:21 inferswarm02 kernel: pcieport 0000:00:1d.0: AER: Correctable error message received from 0000:02:00.0
Sep 18 11:33:21 inferswarm02 kernel: pcieport 0000:02:00.0: PCIe Bus Error: severity=Correctable, type=Physical Layer, (Receiver ID)
Sep 18 11:33:21 inferswarm02 kernel: pcieport 0000:02:00.0:   device [11f8:8533] error status/mask=00000001/0000e000
Sep 18 11:33:21 inferswarm02 kernel: pcieport 0000:02:00.0:    [ 0] RxErr                  (First)
Sep 18 11:33:21 inferswarm02 kernel: pcieport 0000:00:1d.0: AER: Correctable error message received from 0000:02:00.0
Sep 18 11:33:21 inferswarm02 kernel: pcieport 0000:02:00.0: PCIe Bus Error: severity=Correctable, type=Physical Layer, (Receiver ID)
Sep 18 11:33:21 inferswarm02 kernel: pcieport 0000:02:00.0:   device [11f8:8533] error status/mask=00000001/0000e000
Sep 18 11:33:21 inferswarm02 kernel: pcieport 0000:02:00.0:    [ 0] RxErr                  (First)
Sep 18 11:33:21 inferswarm02 kernel: pcieport 0000:00:1d.0: AER: Correctable error message received from 0000:02:00.0
Sep 18 11:33:21 inferswarm02 kernel: pcieport 0000:02:00.0: PCIe Bus Error: severity=Correctable, type=Physical Layer, (Receiver ID)
Sep 18 11:33:21 inferswarm02 kernel: pcieport 0000:02:00.0:   device [11f8:8533] error status/mask=00000001/0000e000
Sep 18 11:33:21 inferswarm02 kernel: pcieport 0000:02:00.0:    [ 0] RxErr                  (First)
Sep 18 11:33:21 inferswarm02 kernel: pcieport 0000:00:1d.0: AER: Correctable error message received from 0000:02:00.0
Sep 18 11:33:21 inferswarm02 kernel: pcieport 0000:02:00.0: PCIe Bus Error: severity=Correctable, type=Physical Layer, (Receiver ID)
Sep 18 11:33:21 inferswarm02 kernel: pcieport 0000:02:00.0:   device [11f8:8533] error status/mask=00000001/0000e000
Sep 18 11:33:21 inferswarm02 kernel: pcieport 0000:02:00.0:    [ 0] RxErr                  (First)
Sep 18 11:33:21 inferswarm02 kernel: pcieport 0000:00:1d.0: AER: Correctable error message received from 0000:02:00.0
Sep 18 11:33:21 inferswarm02 kernel: pcieport 0000:02:00.0: PCIe Bus Error: severity=Correctable, type=Physical Layer, (Receiver ID)
Sep 18 11:33:21 inferswarm02 kernel: pcieport 0000:02:00.0:   device [11f8:8533] error status/mask=00000001/0000e000
Sep 18 11:33:21 inferswarm02 kernel: pcieport 0000:02:00.0:    [ 0] RxErr                  (First)
Sep 18 11:33:22 inferswarm02 kernel: pcieport 0000:00:1d.0: AER: Correctable error message received from 0000:02:00.0
Sep 18 11:33:22 inferswarm02 kernel: pcieport 0000:02:00.0: PCIe Bus Error: severity=Correctable, type=Physical Layer, (Receiver ID)
Sep 18 11:33:22 inferswarm02 kernel: pcieport 0000:02:00.0:   device [11f8:8533] error status/mask=00000001/0000e000
Sep 18 11:33:22 inferswarm02 kernel: pcieport 0000:02:00.0:    [ 0] RxErr                  (First)
Sep 18 11:33:22 inferswarm02 kernel: pcieport 0000:00:1d.0: AER: Correctable error message received from 0000:02:00.0
Sep 18 11:33:22 inferswarm02 kernel: pcieport 0000:02:00.0: PCIe Bus Error: severity=Correctable, type=Physical Layer, (Receiver ID)
Sep 18 11:33:22 inferswarm02 kernel: pcieport 0000:02:00.0:   device [11f8:8533] error status/mask=00000001/0000e000
Sep 18 11:33:22 inferswarm02 kernel: pcieport 0000:02:00.0:    [ 0] RxErr                  (First)
Sep 18 11:33:22 inferswarm02 kernel: pcieport 0000:00:1d.0: AER: Correctable error message received from 0000:02:00.0
Sep 18 11:33:22 inferswarm02 kernel: pcieport 0000:02:00.0: PCIe Bus Error: severity=Correctable, type=Physical Layer, (Receiver ID)
Sep 18 11:33:22 inferswarm02 kernel: pcieport 0000:02:00.0:   device [11f8:8533] error status/mask=00000001/0000e000
Sep 18 11:33:22 inferswarm02 kernel: pcieport 0000:02:00.0:    [ 0] RxErr                  (First)
Sep 18 11:33:22 inferswarm02 kernel: pcieport 0000:00:1d.0: AER: Correctable error message received from 0000:02:00.0
Sep 18 11:33:22 inferswarm02 kernel: pcieport 0000:02:00.0: PCIe Bus Error: severity=Correctable, type=Physical Layer, (Receiver ID)
Sep 18 11:33:22 inferswarm02 kernel: pcieport 0000:02:00.0:   device [11f8:8533] error status/mask=00000001/0000e000
Sep 18 11:33:22 inferswarm02 kernel: pcieport 0000:02:00.0:    [ 0] RxErr                  (First)
Sep 18 11:33:26 inferswarm02 kernel: pcieport 0000:00:1d.0: AER: Correctable error message received from 0000:02:00.0
Sep 18 11:33:26 inferswarm02 kernel: pcieport 0000:02:00.0: PCIe Bus Error: severity=Correctable, type=Physical Layer, (Receiver ID)
Sep 18 11:33:26 inferswarm02 kernel: pcieport 0000:02:00.0:   device [11f8:8533] error status/mask=00000001/0000e000
Sep 18 11:33:26 inferswarm02 kernel: pcieport 0000:02:00.0:    [ 0] RxErr                  (First)
Sep 18 11:33:26 inferswarm02 kernel: pcieport 0000:00:1d.0: AER: Correctable error message received from 0000:02:00.0
Sep 18 11:33:26 inferswarm02 kernel: pcieport 0000:02:00.0: PCIe Bus Error: severity=Correctable, type=Physical Layer, (Receiver ID)
Sep 18 11:33:26 inferswarm02 kernel: pcieport 0000:02:00.0:   device [11f8:8533] error status/mask=00000001/0000e000
Sep 18 11:33:26 inferswarm02 kernel: pcieport 0000:02:00.0:    [ 0] RxErr                  (First)
Sep 18 11:33:26 inferswarm02 kernel: pcieport 0000:00:1d.0: AER: Correctable error message received from 0000:02:00.0
Sep 18 11:33:26 inferswarm02 kernel: pcieport 0000:02:00.0: PCIe Bus Error: severity=Correctable, type=Physical Layer, (Receiver ID)
Sep 18 11:33:26 inferswarm02 kernel: pcieport 0000:02:00.0:   device [11f8:8533] error status/mask=00000001/0000e000
Sep 18 11:33:26 inferswarm02 kernel: pcieport 0000:02:00.0:    [ 0] RxErr                  (First)
Sep 18 11:33:26 inferswarm02 kernel: pcieport 0000:00:1d.0: AER: Correctable error message received from 0000:02:00.0
Sep 18 11:33:26 inferswarm02 kernel: pcieport 0000:02:00.0: PCIe Bus Error: severity=Correctable, type=Physical Layer, (Receiver ID)
Sep 18 11:33:26 inferswarm02 kernel: pcieport 0000:02:00.0:   device [11f8:8533] error status/mask=00000001/0000e000
Sep 18 11:33:26 inferswarm02 kernel: pcieport 0000:02:00.0:    [ 0] RxErr                  (First)
Sep 18 11:33:26 inferswarm02 kernel: pcieport 0000:00:1d.0: AER: Correctable error message received from 0000:02:00.0
Sep 18 11:33:26 inferswarm02 kernel: pcieport 0000:02:00.0: PCIe Bus Error: severity=Correctable, type=Physical Layer, (Receiver ID)
Sep 18 11:33:26 inferswarm02 kernel: pcieport 0000:02:00.0:   device [11f8:8533] error status/mask=00000001/0000e000
Sep 18 11:33:26 inferswarm02 kernel: pcieport 0000:02:00.0:    [ 0] RxErr                  (First)
Sep 18 11:33:26 inferswarm02 kernel: pcieport 0000:00:1d.0: AER: Correctable error message received from 0000:02:00.0
Sep 18 11:33:26 inferswarm02 kernel: pcieport 0000:02:00.0: PCIe Bus Error: severity=Correctable, type=Physical Layer, (Receiver ID)
Sep 18 11:33:26 inferswarm02 kernel: pcieport 0000:02:00.0:   device [11f8:8533] error status/mask=00000001/0000e000
Sep 18 11:33:26 inferswarm02 kernel: pcieport 0000:02:00.0:    [ 0] RxErr                  (First)
Sep 18 11:33:26 inferswarm02 kernel: pcieport 0000:00:1d.0: AER: Correctable error message received from 0000:02:00.0
Sep 18 11:33:26 inferswarm02 kernel: pcieport 0000:02:00.0: PCIe Bus Error: severity=Correctable, type=Physical Layer, (Receiver ID)
Sep 18 11:33:26 inferswarm02 kernel: pcieport 0000:02:00.0:   device [11f8:8533] error status/mask=00000001/0000e000
Sep 18 11:33:26 inferswarm02 kernel: pcieport 0000:02:00.0:    [ 0] RxErr                  (First)
Sep 18 11:33:26 inferswarm02 kernel: pcieport 0000:00:1d.0: AER: Correctable error message received from 0000:02:00.0
Sep 18 11:33:26 inferswarm02 kernel: pcieport 0000:02:00.0: PCIe Bus Error: severity=Correctable, type=Physical Layer, (Receiver ID)
Sep 18 11:33:26 inferswarm02 kernel: pcieport 0000:02:00.0:   device [11f8:8533] error status/mask=00000001/0000e000
Sep 18 11:33:26 inferswarm02 kernel: pcieport 0000:02:00.0:    [ 0] RxErr                  (First)
Sep 18 11:33:26 inferswarm02 kernel: pcieport 0000:00:1d.0: AER: Correctable error message received from 0000:02:00.0
Sep 18 11:33:26 inferswarm02 kernel: pcieport 0000:02:00.0: PCIe Bus Error: severity=Correctable, type=Physical Layer, (Receiver ID)
Sep 18 11:33:26 inferswarm02 kernel: pcieport 0000:02:00.0:   device [11f8:8533] error status/mask=00000001/0000e000
Sep 18 11:33:26 inferswarm02 kernel: pcieport 0000:02:00.0:    [ 0] RxErr                  (First)
Sep 18 11:33:26 inferswarm02 kernel: pcieport 0000:00:1d.0: AER: Correctable error message received from 0000:02:00.0
Sep 18 11:33:26 inferswarm02 kernel: pcieport 0000:02:00.0: PCIe Bus Error: severity=Correctable, type=Physical Layer, (Receiver ID)
Sep 18 11:33:26 inferswarm02 kernel: pcieport 0000:02:00.0:   device [11f8:8533] error status/mask=00000001/0000e000
Sep 18 11:33:26 inferswarm02 kernel: pcieport 0000:02:00.0:    [ 0] RxErr                  (First)
