Sep 18 11:30:30 inferswarm02 kernel: pcieport 0000:00:1d.0: AER: Correctable error message received from 0000:02:00.0
Sep 18 11:30:30 inferswarm02 kernel: pcieport 0000:02:00.0: PCIe Bus Error: severity=Correctable, type=Data Link Layer, (Receiver ID)
Sep 18 11:30:30 inferswarm02 kernel: pcieport 0000:02:00.0:   device [11f8:8533] error status/mask=00000040/0000e000
Sep 18 11:30:30 inferswarm02 kernel: pcieport 0000:02:00.0:    [ 6] BadTLP                
Sep 18 11:30:30 inferswarm02 kernel: pcieport 0000:00:1d.0: AER: Correctable error message received from 0000:02:00.0
Sep 18 11:30:30 inferswarm02 kernel: pcieport 0000:02:00.0: PCIe Bus Error: severity=Correctable, type=Data Link Layer, (Receiver ID)
Sep 18 11:30:30 inferswarm02 kernel: pcieport 0000:02:00.0:   device [11f8:8533] error status/mask=00000040/0000e000
Sep 18 11:30:30 inferswarm02 kernel: pcieport 0000:02:00.0:    [ 6] BadTLP                
Sep 18 11:30:30 inferswarm02 kernel: pcieport 0000:00:1d.0: AER: Correctable error message received from 0000:02:00.0
Sep 18 11:30:30 inferswarm02 kernel: pcieport 0000:02:00.0: PCIe Bus Error: severity=Correctable, type=Data Link Layer, (Receiver ID)
Sep 18 11:30:30 inferswarm02 kernel: pcieport 0000:02:00.0:   device [11f8:8533] error status/mask=00000040/0000e000
Sep 18 11:30:30 inferswarm02 kernel: pcieport 0000:02:00.0:    [ 6] BadTLP                
Sep 18 11:30:30 inferswarm02 kernel: pcieport 0000:00:1d.0: AER: Correctable error message received from 0000:02:00.0
Sep 18 11:30:30 inferswarm02 kernel: pcieport 0000:02:00.0: PCIe Bus Error: severity=Correctable, type=Data Link Layer, (Receiver ID)
Sep 18 11:30:30 inferswarm02 kernel: pcieport 0000:02:00.0:   device [11f8:8533] error status/mask=00000040/0000e000
Sep 18 11:30:30 inferswarm02 kernel: pcieport 0000:02:00.0:    [ 6] BadTLP                
Sep 18 11:30:30 inferswarm02 kernel: pcieport 0000:00:1d.0: AER: Correctable error message received from 0000:02:00.0
Sep 18 11:30:30 inferswarm02 kernel: pcieport 0000:02:00.0: PCIe Bus Error: severity=Correctable, type=Data Link Layer, (Receiver ID)
Sep 18 11:30:30 inferswarm02 kernel: pcieport 0000:02:00.0:   device [11f8:8533] error status/mask=00000040/0000e000
Sep 18 11:30:30 inferswarm02 kernel: pcieport 0000:02:00.0:    [ 6] BadTLP                
Sep 18 11:30:30 inferswarm02 kernel: pcieport 0000:00:1d.0: AER: Correctable error message received from 0000:02:00.0
Sep 18 11:30:30 inferswarm02 kernel: pcieport 0000:02:00.0: PCIe Bus Error: severity=Correctable, type=Data Link Layer, (Receiver ID)
Sep 18 11:30:30 inferswarm02 kernel: pcieport 0000:02:00.0:   device [11f8:8533] error status/mask=00000040/0000e000
Sep 18 11:30:30 inferswarm02 kernel: pcieport 0000:02:00.0:    [ 6] BadTLP                
Sep 18 11:30:30 inferswarm02 kernel: pcieport 0000:00:1d.0: AER: Correctable error message received from 0000:02:00.0
Sep 18 11:30:30 inferswarm02 kernel: pcieport 0000:02:00.0: PCIe Bus Error: severity=Correctable, type=Data Link Layer, (Receiver ID)
Sep 18 11:30:30 inferswarm02 kernel: pcieport 0000:02:00.0:   device [11f8:8533] error status/mask=00000040/0000e000
Sep 18 11:30:30 inferswarm02 kernel: pcieport 0000:02:00.0:    [ 6] BadTLP                
Sep 18 11:30:30 inferswarm02 kernel: pcieport 0000:00:1d.0: AER: Correctable error message received from 0000:02:00.0
Sep 18 11:30:30 inferswarm02 kernel: pcieport 0000:02:00.0: PCIe Bus Error: severity=Correctable, type=Data Link Layer, (Receiver ID)
Sep 18 11:30:30 inferswarm02 kernel: pcieport 0000:02:00.0:   device [11f8:8533] error status/mask=00000040/0000e000
Sep 18 11:30:30 inferswarm02 kernel: pcieport 0000:02:00.0:    [ 6] BadTLP                
Sep 18 11:30:30 inferswarm02 kernel: pcieport 0000:00:1d.0: AER: Correctable error message received from 0000:02:00.0
Sep 18 11:30:30 inferswarm02 kernel: pcieport 0000:02:00.0: PCIe Bus Error: severity=Correctable, type=Data Link Layer, (Receiver ID)
Sep 18 11:30:30 inferswarm02 kernel: pcieport 0000:02:00.0:   device [11f8:8533] error status/mask=00000040/0000e000
Sep 18 11:30:30 inferswarm02 kernel: pcieport 0000:02:00.0:    [ 6] BadTLP                
Sep 18 11:30:30 inferswarm02 kernel: pcieport 0000:00:1d.0: AER: Correctable error message received from 0000:02:00.0
Sep 18 11:30:30 inferswarm02 kernel: pcieport 0000:02:00.0: PCIe Bus Error: severity=Correctable, type=Data Link Layer, (Receiver ID)
Sep 18 11:30:30 inferswarm02 kernel: pcieport 0000:02:00.0:   device [11f8:8533] error status/mask=00000040/0000e000
Sep 18 11:30:30 inferswarm02 kernel: pcieport 0000:02:00.0:    [ 6] BadTLP                
Sep 18 11:30:32 inferswarm02 kernel: pcieport 0000:00:1d.0: AER: Correctable error message received from 0000:07:00.0
Sep 18 11:30:32 inferswarm02 kernel: pcieport 0000:07:00.0: PCIe Bus Error: severity=Correctable, type=Data Link Layer, (Receiver ID)
Sep 18 11:30:32 inferswarm02 kernel: pcieport 0000:07:00.0:   device [1022:1470] error status/mask=00000040/00002000
Sep 18 11:30:32 inferswarm02 kernel: pcieport 0000:07:00.0:    [ 6] BadTLP                
Sep 18 11:30:34 inferswarm02 kernel: pcieport 0000:00:1d.0: AER: Correctable error message received from 0000:00:1d.0
Sep 18 11:30:34 inferswarm02 kernel: pcieport 0000:00:1d.0: PCIe Bus Error: severity=Correctable, type=Data Link Layer, (Transmitter ID)
Sep 18 11:30:34 inferswarm02 kernel: pcieport 0000:00:1d.0:   device [8086:a29a] error status/mask=00001000/00002000
Sep 18 11:30:34 inferswarm02 kernel: pcieport 0000:00:1d.0:    [12] Timeout               
Sep 18 11:30:34 inferswarm02 kernel: pcieport 0000:00:1d.0: AER: Multiple Correctable error message received from 0000:00:1d.0
Sep 18 11:30:34 inferswarm02 kernel: pcieport 0000:00:1d.0: PCIe Bus Error: severity=Correctable, type=Data Link Layer, (Transmitter ID)
Sep 18 11:30:34 inferswarm02 kernel: pcieport 0000:00:1d.0:   device [8086:a29a] error status/mask=00001000/00002000
Sep 18 11:30:34 inferswarm02 kernel: pcieport 0000:00:1d.0:    [12] Timeout               
Sep 18 11:30:34 inferswarm02 kernel: pcieport 0000:00:1d.0: AER:   Error of this Agent is reported first
Sep 18 11:30:35 inferswarm02 kernel: pcieport 0000:00:1d.0: AER: Correctable error message received from 0000:02:00.0
Sep 18 11:30:35 inferswarm02 kernel: pcieport 0000:02:00.0: PCIe Bus Error: severity=Correctable, type=Physical Layer, (Receiver ID)
Sep 18 11:30:35 inferswarm02 kernel: pcieport 0000:02:00.0:   device [11f8:8533] error status/mask=00000001/0000e000
Sep 18 11:30:35 inferswarm02 kernel: pcieport 0000:02:00.0:    [ 0] RxErr                  (First)
Sep 18 11:30:35 inferswarm02 kernel: pcieport 0000:00:1d.0: AER: Correctable error message received from 0000:02:00.0
Sep 18 11:30:35 inferswarm02 kernel: pcieport 0000:02:00.0: PCIe Bus Error: severity=Correctable, type=Physical Layer, (Receiver ID)
Sep 18 11:30:35 inferswarm02 kernel: pcieport 0000:02:00.0:   device [11f8:8533] error status/mask=00000001/0000e000
Sep 18 11:30:35 inferswarm02 kernel: pcieport 0000:02:00.0:    [ 0] RxErr                  (First)
Sep 18 11:30:35 inferswarm02 kernel: pcieport 0000:00:1d.0: AER: Correctable error message received from 0000:02:00.0
Sep 18 11:30:35 inferswarm02 kernel: pcieport 0000:02:00.0: PCIe Bus Error: severity=Correctable, type=Physical Layer, (Receiver ID)
Sep 18 11:30:35 inferswarm02 kernel: pcieport 0000:02:00.0:   device [11f8:8533] error status/mask=00000001/0000e000
Sep 18 11:30:35 inferswarm02 kernel: pcieport 0000:02:00.0:    [ 0] RxErr                  (First)
Sep 18 11:30:35 inferswarm02 kernel: pcieport 0000:00:1d.0: AER: Correctable error message received from 0000:02:00.0
Sep 18 11:30:35 inferswarm02 kernel: pcieport 0000:02:00.0: PCIe Bus Error: severity=Correctable, type=Physical Layer, (Receiver ID)
Sep 18 11:30:35 inferswarm02 kernel: pcieport 0000:02:00.0:   device [11f8:8533] error status/mask=00000001/0000e000
Sep 18 11:30:35 inferswarm02 kernel: pcieport 0000:02:00.0:    [ 0] RxErr                  (First)
Sep 18 11:30:35 inferswarm02 kernel: pcieport 0000:00:1d.0: AER: Correctable error message received from 0000:02:00.0
Sep 18 11:30:35 inferswarm02 kernel: pcieport 0000:02:00.0: PCIe Bus Error: severity=Correctable, type=Physical Layer, (Receiver ID)
Sep 18 11:30:35 inferswarm02 kernel: pcieport 0000:02:00.0:   device [11f8:8533] error status/mask=00000001/0000e000
Sep 18 11:30:35 inferswarm02 kernel: pcieport 0000:02:00.0:    [ 0] RxErr                  (First)
Sep 18 11:30:35 inferswarm02 kernel: pcieport 0000:00:1d.0: AER: Correctable error message received from 0000:02:00.0
Sep 18 11:30:35 inferswarm02 kernel: pcieport 0000:02:00.0: PCIe Bus Error: severity=Correctable, type=Physical Layer, (Receiver ID)
Sep 18 11:30:35 inferswarm02 kernel: pcieport 0000:02:00.0:   device [11f8:8533] error status/mask=00000001/0000e000
Sep 18 11:30:35 inferswarm02 kernel: pcieport 0000:02:00.0:    [ 0] RxErr                  (First)
Sep 18 11:30:36 inferswarm02 kernel: pcieport 0000:00:1d.0: AER: Correctable error message received from 0000:02:00.0
Sep 18 11:30:36 inferswarm02 kernel: pcieport 0000:02:00.0: PCIe Bus Error: severity=Correctable, type=Physical Layer, (Receiver ID)
Sep 18 11:30:36 inferswarm02 kernel: pcieport 0000:02:00.0:   device [11f8:8533] error status/mask=00000001/0000e000
Sep 18 11:30:36 inferswarm02 kernel: pcieport 0000:02:00.0:    [ 0] RxErr                  (First)
Sep 18 11:30:36 inferswarm02 kernel: pcieport 0000:00:1d.0: AER: Correctable error message received from 0000:02:00.0
Sep 18 11:30:36 inferswarm02 kernel: pcieport 0000:02:00.0: PCIe Bus Error: severity=Correctable, type=Physical Layer, (Receiver ID)
Sep 18 11:30:36 inferswarm02 kernel: pcieport 0000:02:00.0:   device [11f8:8533] error status/mask=00000001/0000e000
Sep 18 11:30:36 inferswarm02 kernel: pcieport 0000:02:00.0:    [ 0] RxErr                  (First)
Sep 18 11:30:36 inferswarm02 kernel: pcieport 0000:00:1d.0: AER: Correctable error message received from 0000:02:00.0
Sep 18 11:30:36 inferswarm02 kernel: pcieport 0000:02:00.0: PCIe Bus Error: severity=Correctable, type=Physical Layer, (Receiver ID)
Sep 18 11:30:36 inferswarm02 kernel: pcieport 0000:02:00.0:   device [11f8:8533] error status/mask=00000001/0000e000
Sep 18 11:30:36 inferswarm02 kernel: pcieport 0000:02:00.0:    [ 0] RxErr                  (First)
Sep 18 11:30:36 inferswarm02 kernel: pcieport 0000:00:1d.0: AER: Correctable error message received from 0000:02:00.0
Sep 18 11:30:36 inferswarm02 kernel: pcieport 0000:02:00.0: PCIe Bus Error: severity=Correctable, type=Physical Layer, (Receiver ID)
Sep 18 11:30:36 inferswarm02 kernel: pcieport 0000:02:00.0:   device [11f8:8533] error status/mask=00000001/0000e000
Sep 18 11:30:36 inferswarm02 kernel: pcieport 0000:02:00.0:    [ 0] RxErr                  (First)
Sep 18 11:30:40 inferswarm02 kernel: pcieport 0000:00:1d.0: AER: Correctable error message received from 0000:02:00.0
Sep 18 11:30:40 inferswarm02 kernel: pcieport 0000:02:00.0: PCIe Bus Error: severity=Correctable, type=Physical Layer, (Receiver ID)
Sep 18 11:30:40 inferswarm02 kernel: pcieport 0000:02:00.0:   device [11f8:8533] error status/mask=00000001/0000e000
Sep 18 11:30:40 inferswarm02 kernel: pcieport 0000:02:00.0:    [ 0] RxErr                  (First)
Sep 18 11:30:40 inferswarm02 kernel: pcieport 0000:00:1d.0: AER: Correctable error message received from 0000:02:00.0
Sep 18 11:30:40 inferswarm02 kernel: pcieport 0000:02:00.0: PCIe Bus Error: severity=Correctable, type=Physical Layer, (Receiver ID)
Sep 18 11:30:40 inferswarm02 kernel: pcieport 0000:02:00.0:   device [11f8:8533] error status/mask=00000001/0000e000
Sep 18 11:30:40 inferswarm02 kernel: pcieport 0000:02:00.0:    [ 0] RxErr                  (First)
Sep 18 11:30:40 inferswarm02 kernel: pcieport 0000:00:1d.0: AER: Correctable error message received from 0000:02:00.0
Sep 18 11:30:40 inferswarm02 kernel: pcieport 0000:02:00.0: PCIe Bus Error: severity=Correctable, type=Physical Layer, (Receiver ID)
Sep 18 11:30:40 inferswarm02 kernel: pcieport 0000:02:00.0:   device [11f8:8533] error status/mask=00000001/0000e000
Sep 18 11:30:40 inferswarm02 kernel: pcieport 0000:02:00.0:    [ 0] RxErr                  (First)
Sep 18 11:30:40 inferswarm02 kernel: pcieport 0000:00:1d.0: AER: Correctable error message received from 0000:02:00.0
Sep 18 11:30:40 inferswarm02 kernel: pcieport 0000:02:00.0: PCIe Bus Error: severity=Correctable, type=Physical Layer, (Receiver ID)
Sep 18 11:30:40 inferswarm02 kernel: pcieport 0000:02:00.0:   device [11f8:8533] error status/mask=00000001/0000e000
Sep 18 11:30:40 inferswarm02 kernel: pcieport 0000:02:00.0:    [ 0] RxErr                  (First)
Sep 18 11:30:40 inferswarm02 kernel: pcieport 0000:00:1d.0: AER: Correctable error message received from 0000:02:00.0
Sep 18 11:30:40 inferswarm02 kernel: pcieport 0000:02:00.0: PCIe Bus Error: severity=Correctable, type=Physical Layer, (Receiver ID)
Sep 18 11:30:40 inferswarm02 kernel: pcieport 0000:02:00.0:   device [11f8:8533] error status/mask=00000001/0000e000
Sep 18 11:30:40 inferswarm02 kernel: pcieport 0000:02:00.0:    [ 0] RxErr                  (First)
Sep 18 11:30:40 inferswarm02 kernel: pcieport 0000:00:1d.0: AER: Correctable error message received from 0000:02:00.0
Sep 18 11:30:40 inferswarm02 kernel: pcieport 0000:02:00.0: PCIe Bus Error: severity=Correctable, type=Physical Layer, (Receiver ID)
Sep 18 11:30:40 inferswarm02 kernel: pcieport 0000:02:00.0:   device [11f8:8533] error status/mask=00000001/0000e000
Sep 18 11:30:40 inferswarm02 kernel: pcieport 0000:02:00.0:    [ 0] RxErr                  (First)
Sep 18 11:30:41 inferswarm02 kernel: pcieport 0000:00:1d.0: AER: Correctable error message received from 0000:02:00.0
Sep 18 11:30:41 inferswarm02 kernel: pcieport 0000:02:00.0: PCIe Bus Error: severity=Correctable, type=Physical Layer, (Receiver ID)
Sep 18 11:30:41 inferswarm02 kernel: pcieport 0000:02:00.0:   device [11f8:8533] error status/mask=00000001/0000e000
Sep 18 11:30:41 inferswarm02 kernel: pcieport 0000:02:00.0:    [ 0] RxErr                  (First)
Sep 18 11:30:41 inferswarm02 kernel: pcieport 0000:00:1d.0: AER: Correctable error message received from 0000:02:00.0
Sep 18 11:30:41 inferswarm02 kernel: pcieport 0000:02:00.0: PCIe Bus Error: severity=Correctable, type=Physical Layer, (Receiver ID)
Sep 18 11:30:41 inferswarm02 kernel: pcieport 0000:02:00.0:   device [11f8:8533] error status/mask=00000001/0000e000
Sep 18 11:30:41 inferswarm02 kernel: pcieport 0000:02:00.0:    [ 0] RxErr                  (First)
Sep 18 11:30:41 inferswarm02 kernel: pcieport 0000:00:1d.0: AER: Correctable error message received from 0000:02:00.0
Sep 18 11:30:41 inferswarm02 kernel: pcieport 0000:02:00.0: PCIe Bus Error: severity=Correctable, type=Physical Layer, (Receiver ID)
Sep 18 11:30:41 inferswarm02 kernel: pcieport 0000:02:00.0:   device [11f8:8533] error status/mask=00000001/0000e000
Sep 18 11:30:41 inferswarm02 kernel: pcieport 0000:02:00.0:    [ 0] RxErr                  (First)
Sep 18 11:30:41 inferswarm02 kernel: pcieport 0000:00:1d.0: AER: Correctable error message received from 0000:02:00.0
Sep 18 11:30:41 inferswarm02 kernel: pcieport 0000:02:00.0: PCIe Bus Error: severity=Correctable, type=Physical Layer, (Receiver ID)
Sep 18 11:30:41 inferswarm02 kernel: pcieport 0000:02:00.0:   device [11f8:8533] error status/mask=00000001/0000e000
Sep 18 11:30:41 inferswarm02 kernel: pcieport 0000:02:00.0:    [ 0] RxErr                  (First)
Sep 18 11:30:45 inferswarm02 kernel: pcieport 0000:00:1d.0: AER: Correctable error message received from 0000:02:00.0
Sep 18 11:30:45 inferswarm02 kernel: pcieport 0000:02:00.0: PCIe Bus Error: severity=Correctable, type=Physical Layer, (Receiver ID)
Sep 18 11:30:45 inferswarm02 kernel: pcieport 0000:02:00.0:   device [11f8:8533] error status/mask=00000001/0000e000
Sep 18 11:30:45 inferswarm02 kernel: pcieport 0000:02:00.0:    [ 0] RxErr                  (First)
Sep 18 11:30:45 inferswarm02 kernel: pcieport 0000:00:1d.0: AER: Correctable error message received from 0000:02:00.0
Sep 18 11:30:45 inferswarm02 kernel: pcieport 0000:02:00.0: PCIe Bus Error: severity=Correctable, type=Physical Layer, (Receiver ID)
Sep 18 11:30:45 inferswarm02 kernel: pcieport 0000:02:00.0:   device [11f8:8533] error status/mask=00000001/0000e000
Sep 18 11:30:45 inferswarm02 kernel: pcieport 0000:02:00.0:    [ 0] RxErr                  (First)
Sep 18 11:30:45 inferswarm02 kernel: pcieport 0000:00:1d.0: AER: Correctable error message received from 0000:02:00.0
Sep 18 11:30:45 inferswarm02 kernel: pcieport 0000:02:00.0: PCIe Bus Error: severity=Correctable, type=Physical Layer, (Receiver ID)
Sep 18 11:30:45 inferswarm02 kernel: pcieport 0000:02:00.0:   device [11f8:8533] error status/mask=00000001/0000e000
Sep 18 11:30:45 inferswarm02 kernel: pcieport 0000:02:00.0:    [ 0] RxErr                  (First)
Sep 18 11:30:45 inferswarm02 kernel: pcieport 0000:00:1d.0: AER: Correctable error message received from 0000:02:00.0
Sep 18 11:30:45 inferswarm02 kernel: pcieport 0000:02:00.0: PCIe Bus Error: severity=Correctable, type=Physical Layer, (Receiver ID)
Sep 18 11:30:45 inferswarm02 kernel: pcieport 0000:02:00.0:   device [11f8:8533] error status/mask=00000001/0000e000
Sep 18 11:30:45 inferswarm02 kernel: pcieport 0000:02:00.0:    [ 0] RxErr                  (First)
Sep 18 11:30:45 inferswarm02 kernel: pcieport 0000:00:1d.0: AER: Correctable error message received from 0000:02:00.0
Sep 18 11:30:45 inferswarm02 kernel: pcieport 0000:02:00.0: PCIe Bus Error: severity=Correctable, type=Physical Layer, (Receiver ID)
Sep 18 11:30:45 inferswarm02 kernel: pcieport 0000:02:00.0:   device [11f8:8533] error status/mask=00000001/0000e000
Sep 18 11:30:45 inferswarm02 kernel: pcieport 0000:02:00.0:    [ 0] RxErr                  (First)
Sep 18 11:30:46 inferswarm02 kernel: pcieport 0000:00:1d.0: AER: Correctable error message received from 0000:02:00.0
Sep 18 11:30:46 inferswarm02 kernel: pcieport 0000:02:00.0: PCIe Bus Error: severity=Correctable, type=Physical Layer, (Receiver ID)
Sep 18 11:30:46 inferswarm02 kernel: pcieport 0000:02:00.0:   device [11f8:8533] error status/mask=00000001/0000e000
Sep 18 11:30:46 inferswarm02 kernel: pcieport 0000:02:00.0:    [ 0] RxErr                  (First)
Sep 18 11:30:46 inferswarm02 kernel: pcieport 0000:00:1d.0: AER: Correctable error message received from 0000:02:00.0
Sep 18 11:30:46 inferswarm02 kernel: pcieport 0000:02:00.0: PCIe Bus Error: severity=Correctable, type=Physical Layer, (Receiver ID)
Sep 18 11:30:46 inferswarm02 kernel: pcieport 0000:02:00.0:   device [11f8:8533] error status/mask=00000001/0000e000
Sep 18 11:30:46 inferswarm02 kernel: pcieport 0000:02:00.0:    [ 0] RxErr                  (First)
Sep 18 11:30:46 inferswarm02 kernel: pcieport 0000:00:1d.0: AER: Correctable error message received from 0000:02:00.0
Sep 18 11:30:46 inferswarm02 kernel: pcieport 0000:02:00.0: PCIe Bus Error: severity=Correctable, type=Physical Layer, (Receiver ID)
Sep 18 11:30:46 inferswarm02 kernel: pcieport 0000:02:00.0:   device [11f8:8533] error status/mask=00000001/0000e000
Sep 18 11:30:46 inferswarm02 kernel: pcieport 0000:02:00.0:    [ 0] RxErr                  (First)
Sep 18 11:30:46 inferswarm02 kernel: pcieport 0000:00:1d.0: AER: Correctable error message received from 0000:02:00.0
Sep 18 11:30:46 inferswarm02 kernel: pcieport 0000:02:00.0: PCIe Bus Error: severity=Correctable, type=Physical Layer, (Receiver ID)
Sep 18 11:30:46 inferswarm02 kernel: pcieport 0000:02:00.0:   device [11f8:8533] error status/mask=00000001/0000e000
Sep 18 11:30:46 inferswarm02 kernel: pcieport 0000:02:00.0:    [ 0] RxErr                  (First)
Sep 18 11:30:46 inferswarm02 kernel: pcieport 0000:00:1d.0: AER: Correctable error message received from 0000:02:00.0
Sep 18 11:30:46 inferswarm02 kernel: pcieport 0000:02:00.0: PCIe Bus Error: severity=Correctable, type=Physical Layer, (Receiver ID)
Sep 18 11:30:46 inferswarm02 kernel: pcieport 0000:02:00.0:   device [11f8:8533] error status/mask=00000001/0000e000
Sep 18 11:30:46 inferswarm02 kernel: pcieport 0000:02:00.0:    [ 0] RxErr                  (First)
Sep 18 11:30:50 inferswarm02 kernel: pcieport 0000:00:1d.0: AER: Correctable error message received from 0000:02:00.0
Sep 18 11:30:50 inferswarm02 kernel: pcieport 0000:02:00.0: PCIe Bus Error: severity=Correctable, type=Physical Layer, (Receiver ID)
Sep 18 11:30:50 inferswarm02 kernel: pcieport 0000:02:00.0:   device [11f8:8533] error status/mask=00000001/0000e000
Sep 18 11:30:50 inferswarm02 kernel: pcieport 0000:02:00.0:    [ 0] RxErr                  (First)
Sep 18 11:30:50 inferswarm02 kernel: pcieport 0000:00:1d.0: AER: Correctable error message received from 0000:02:00.0
Sep 18 11:30:50 inferswarm02 kernel: pcieport 0000:02:00.0: PCIe Bus Error: severity=Correctable, type=Physical Layer, (Receiver ID)
Sep 18 11:30:50 inferswarm02 kernel: pcieport 0000:02:00.0:   device [11f8:8533] error status/mask=00000001/0000e000
Sep 18 11:30:50 inferswarm02 kernel: pcieport 0000:02:00.0:    [ 0] RxErr                  (First)
Sep 18 11:30:50 inferswarm02 kernel: pcieport 0000:00:1d.0: AER: Correctable error message received from 0000:02:00.0
Sep 18 11:30:50 inferswarm02 kernel: pcieport 0000:02:00.0: PCIe Bus Error: severity=Correctable, type=Physical Layer, (Receiver ID)
Sep 18 11:30:50 inferswarm02 kernel: pcieport 0000:02:00.0:   device [11f8:8533] error status/mask=00000001/0000e000
Sep 18 11:30:50 inferswarm02 kernel: pcieport 0000:02:00.0:    [ 0] RxErr                  (First)
Sep 18 11:30:50 inferswarm02 kernel: pcieport 0000:00:1d.0: AER: Correctable error message received from 0000:02:00.0
Sep 18 11:30:50 inferswarm02 kernel: pcieport 0000:02:00.0: PCIe Bus Error: severity=Correctable, type=Physical Layer, (Receiver ID)
Sep 18 11:30:50 inferswarm02 kernel: pcieport 0000:02:00.0:   device [11f8:8533] error status/mask=00000001/0000e000
Sep 18 11:30:50 inferswarm02 kernel: pcieport 0000:02:00.0:    [ 0] RxErr                  (First)
Sep 18 11:30:50 inferswarm02 kernel: pcieport 0000:00:1d.0: AER: Correctable error message received from 0000:02:00.0
Sep 18 11:30:50 inferswarm02 kernel: pcieport 0000:02:00.0: PCIe Bus Error: severity=Correctable, type=Physical Layer, (Receiver ID)
Sep 18 11:30:50 inferswarm02 kernel: pcieport 0000:02:00.0:   device [11f8:8533] error status/mask=00000001/0000e000
Sep 18 11:30:50 inferswarm02 kernel: pcieport 0000:02:00.0:    [ 0] RxErr                  (First)
Sep 18 11:30:50 inferswarm02 kernel: pcieport 0000:00:1d.0: AER: Correctable error message received from 0000:02:00.0
Sep 18 11:30:50 inferswarm02 kernel: pcieport 0000:02:00.0: PCIe Bus Error: severity=Correctable, type=Physical Layer, (Receiver ID)
Sep 18 11:30:50 inferswarm02 kernel: pcieport 0000:02:00.0:   device [11f8:8533] error status/mask=00000001/0000e000
Sep 18 11:30:50 inferswarm02 kernel: pcieport 0000:02:00.0:    [ 0] RxErr                  (First)
Sep 18 11:30:50 inferswarm02 kernel: pcieport 0000:00:1d.0: AER: Correctable error message received from 0000:02:00.0
Sep 18 11:30:50 inferswarm02 kernel: pcieport 0000:02:00.0: PCIe Bus Error: severity=Correctable, type=Physical Layer, (Receiver ID)
Sep 18 11:30:50 inferswarm02 kernel: pcieport 0000:02:00.0:   device [11f8:8533] error status/mask=00000001/0000e000
Sep 18 11:30:50 inferswarm02 kernel: pcieport 0000:02:00.0:    [ 0] RxErr                  (First)
Sep 18 11:30:51 inferswarm02 kernel: pcieport 0000:00:1d.0: AER: Correctable error message received from 0000:02:00.0
Sep 18 11:30:51 inferswarm02 kernel: pcieport 0000:02:00.0: PCIe Bus Error: severity=Correctable, type=Physical Layer, (Receiver ID)
Sep 18 11:30:51 inferswarm02 kernel: pcieport 0000:02:00.0:   device [11f8:8533] error status/mask=00000001/0000e000
Sep 18 11:30:51 inferswarm02 kernel: pcieport 0000:02:00.0:    [ 0] RxErr                  (First)
Sep 18 11:30:51 inferswarm02 kernel: pcieport 0000:00:1d.0: AER: Correctable error message received from 0000:02:00.0
Sep 18 11:30:51 inferswarm02 kernel: pcieport 0000:02:00.0: PCIe Bus Error: severity=Correctable, type=Physical Layer, (Receiver ID)
Sep 18 11:30:51 inferswarm02 kernel: pcieport 0000:02:00.0:   device [11f8:8533] error status/mask=00000001/0000e000
Sep 18 11:30:51 inferswarm02 kernel: pcieport 0000:02:00.0:    [ 0] RxErr                  (First)
Sep 18 11:30:51 inferswarm02 kernel: pcieport 0000:00:1d.0: AER: Correctable error message received from 0000:02:00.0
Sep 18 11:30:51 inferswarm02 kernel: pcieport 0000:02:00.0: PCIe Bus Error: severity=Correctable, type=Physical Layer, (Receiver ID)
Sep 18 11:30:51 inferswarm02 kernel: pcieport 0000:02:00.0:   device [11f8:8533] error status/mask=00000001/0000e000
Sep 18 11:30:51 inferswarm02 kernel: pcieport 0000:02:00.0:    [ 0] RxErr                  (First)
Sep 18 11:30:55 inferswarm02 kernel: pcieport 0000:00:1d.0: AER: Correctable error message received from 0000:02:00.0
Sep 18 11:30:55 inferswarm02 kernel: pcieport 0000:02:00.0: PCIe Bus Error: severity=Correctable, type=Physical Layer, (Receiver ID)
Sep 18 11:30:55 inferswarm02 kernel: pcieport 0000:02:00.0:   device [11f8:8533] error status/mask=00000001/0000e000
Sep 18 11:30:55 inferswarm02 kernel: pcieport 0000:02:00.0:    [ 0] RxErr                  (First)
Sep 18 11:30:55 inferswarm02 kernel: pcieport 0000:00:1d.0: AER: Correctable error message received from 0000:02:00.0
Sep 18 11:30:55 inferswarm02 kernel: pcieport 0000:02:00.0: PCIe Bus Error: severity=Correctable, type=Physical Layer, (Receiver ID)
Sep 18 11:30:55 inferswarm02 kernel: pcieport 0000:02:00.0:   device [11f8:8533] error status/mask=00000001/0000e000
Sep 18 11:30:55 inferswarm02 kernel: pcieport 0000:02:00.0:    [ 0] RxErr                  (First)
Sep 18 11:30:55 inferswarm02 kernel: pcieport 0000:00:1d.0: AER: Correctable error message received from 0000:02:00.0
Sep 18 11:30:55 inferswarm02 kernel: pcieport 0000:02:00.0: PCIe Bus Error: severity=Correctable, type=Physical Layer, (Receiver ID)
Sep 18 11:30:55 inferswarm02 kernel: pcieport 0000:02:00.0:   device [11f8:8533] error status/mask=00000001/0000e000
Sep 18 11:30:55 inferswarm02 kernel: pcieport 0000:02:00.0:    [ 0] RxErr                  (First)
Sep 18 11:30:55 inferswarm02 kernel: pcieport 0000:00:1d.0: AER: Correctable error message received from 0000:02:00.0
Sep 18 11:30:55 inferswarm02 kernel: pcieport 0000:02:00.0: PCIe Bus Error: severity=Correctable, type=Physical Layer, (Receiver ID)
Sep 18 11:30:55 inferswarm02 kernel: pcieport 0000:02:00.0:   device [11f8:8533] error status/mask=00000001/0000e000
Sep 18 11:30:55 inferswarm02 kernel: pcieport 0000:02:00.0:    [ 0] RxErr                  (First)
Sep 18 11:30:55 inferswarm02 kernel: pcieport 0000:00:1d.0: AER: Correctable error message received from 0000:02:00.0
Sep 18 11:30:55 inferswarm02 kernel: pcieport 0000:02:00.0: PCIe Bus Error: severity=Correctable, type=Physical Layer, (Receiver ID)
Sep 18 11:30:55 inferswarm02 kernel: pcieport 0000:02:00.0:   device [11f8:8533] error status/mask=00000001/0000e000
Sep 18 11:30:55 inferswarm02 kernel: pcieport 0000:02:00.0:    [ 0] RxErr                  (First)
Sep 18 11:30:55 inferswarm02 kernel: pcieport 0000:00:1d.0: AER: Correctable error message received from 0000:02:00.0
Sep 18 11:30:55 inferswarm02 kernel: pcieport 0000:02:00.0: PCIe Bus Error: severity=Correctable, type=Physical Layer, (Receiver ID)
Sep 18 11:30:55 inferswarm02 kernel: pcieport 0000:02:00.0:   device [11f8:8533] error status/mask=00000001/0000e000
Sep 18 11:30:55 inferswarm02 kernel: pcieport 0000:02:00.0:    [ 0] RxErr                  (First)
Sep 18 11:30:56 inferswarm02 kernel: pcieport 0000:00:1d.0: AER: Correctable error message received from 0000:02:00.0
Sep 18 11:30:56 inferswarm02 kernel: pcieport 0000:02:00.0: PCIe Bus Error: severity=Correctable, type=Physical Layer, (Receiver ID)
Sep 18 11:30:56 inferswarm02 kernel: pcieport 0000:02:00.0:   device [11f8:8533] error status/mask=00000001/0000e000
Sep 18 11:30:56 inferswarm02 kernel: pcieport 0000:02:00.0:    [ 0] RxErr                  (First)
Sep 18 11:30:56 inferswarm02 kernel: pcieport 0000:00:1d.0: AER: Correctable error message received from 0000:02:00.0
Sep 18 11:30:56 inferswarm02 kernel: pcieport 0000:02:00.0: PCIe Bus Error: severity=Correctable, type=Physical Layer, (Receiver ID)
Sep 18 11:30:56 inferswarm02 kernel: pcieport 0000:02:00.0:   device [11f8:8533] error status/mask=00000001/0000e000
Sep 18 11:30:56 inferswarm02 kernel: pcieport 0000:02:00.0:    [ 0] RxErr                  (First)
Sep 18 11:30:56 inferswarm02 kernel: pcieport 0000:00:1d.0: AER: Correctable error message received from 0000:02:00.0
Sep 18 11:30:56 inferswarm02 kernel: pcieport 0000:02:00.0: PCIe Bus Error: severity=Correctable, type=Physical Layer, (Receiver ID)
Sep 18 11:30:56 inferswarm02 kernel: pcieport 0000:02:00.0:   device [11f8:8533] error status/mask=00000001/0000e000
Sep 18 11:30:56 inferswarm02 kernel: pcieport 0000:02:00.0:    [ 0] RxErr                  (First)
Sep 18 11:30:56 inferswarm02 kernel: pcieport 0000:00:1d.0: AER: Correctable error message received from 0000:02:00.0
Sep 18 11:30:56 inferswarm02 kernel: pcieport 0000:02:00.0: PCIe Bus Error: severity=Correctable, type=Physical Layer, (Receiver ID)
Sep 18 11:30:56 inferswarm02 kernel: pcieport 0000:02:00.0:   device [11f8:8533] error status/mask=00000001/0000e000
Sep 18 11:30:56 inferswarm02 kernel: pcieport 0000:02:00.0:    [ 0] RxErr                  (First)
Sep 18 11:31:00 inferswarm02 kernel: pcieport 0000:00:1d.0: AER: Correctable error message received from 0000:02:00.0
Sep 18 11:31:00 inferswarm02 kernel: pcieport 0000:02:00.0: PCIe Bus Error: severity=Correctable, type=Physical Layer, (Receiver ID)
Sep 18 11:31:00 inferswarm02 kernel: pcieport 0000:02:00.0:   device [11f8:8533] error status/mask=00000001/0000e000
Sep 18 11:31:00 inferswarm02 kernel: pcieport 0000:02:00.0:    [ 0] RxErr                  (First)
Sep 18 11:31:00 inferswarm02 kernel: pcieport 0000:00:1d.0: AER: Correctable error message received from 0000:02:00.0
Sep 18 11:31:00 inferswarm02 kernel: pcieport 0000:02:00.0: PCIe Bus Error: severity=Correctable, type=Physical Layer, (Receiver ID)
Sep 18 11:31:00 inferswarm02 kernel: pcieport 0000:02:00.0:   device [11f8:8533] error status/mask=00000001/0000e000
Sep 18 11:31:00 inferswarm02 kernel: pcieport 0000:02:00.0:    [ 0] RxErr                  (First)
Sep 18 11:31:00 inferswarm02 kernel: pcieport 0000:00:1d.0: AER: Correctable error message received from 0000:02:00.0
Sep 18 11:31:00 inferswarm02 kernel: pcieport 0000:02:00.0: PCIe Bus Error: severity=Correctable, type=Physical Layer, (Receiver ID)
Sep 18 11:31:00 inferswarm02 kernel: pcieport 0000:02:00.0:   device [11f8:8533] error status/mask=00000001/0000e000
Sep 18 11:31:00 inferswarm02 kernel: pcieport 0000:02:00.0:    [ 0] RxErr                  (First)
Sep 18 11:31:00 inferswarm02 kernel: pcieport 0000:00:1d.0: AER: Correctable error message received from 0000:02:00.0
Sep 18 11:31:00 inferswarm02 kernel: pcieport 0000:02:00.0: PCIe Bus Error: severity=Correctable, type=Physical Layer, (Receiver ID)
Sep 18 11:31:00 inferswarm02 kernel: pcieport 0000:02:00.0:   device [11f8:8533] error status/mask=00000001/0000e000
Sep 18 11:31:00 inferswarm02 kernel: pcieport 0000:02:00.0:    [ 0] RxErr                  (First)
Sep 18 11:31:00 inferswarm02 kernel: pcieport 0000:00:1d.0: AER: Correctable error message received from 0000:02:00.0
Sep 18 11:31:00 inferswarm02 kernel: pcieport 0000:02:00.0: PCIe Bus Error: severity=Correctable, type=Physical Layer, (Receiver ID)
Sep 18 11:31:00 inferswarm02 kernel: pcieport 0000:02:00.0:   device [11f8:8533] error status/mask=00000001/0000e000
Sep 18 11:31:00 inferswarm02 kernel: pcieport 0000:02:00.0:    [ 0] RxErr                  (First)
Sep 18 11:31:00 inferswarm02 kernel: pcieport 0000:00:1d.0: AER: Correctable error message received from 0000:02:00.0
Sep 18 11:31:00 inferswarm02 kernel: pcieport 0000:02:00.0: PCIe Bus Error: severity=Correctable, type=Physical Layer, (Receiver ID)
Sep 18 11:31:00 inferswarm02 kernel: pcieport 0000:02:00.0:   device [11f8:8533] error status/mask=00000001/0000e000
Sep 18 11:31:00 inferswarm02 kernel: pcieport 0000:02:00.0:    [ 0] RxErr                  (First)
Sep 18 11:31:01 inferswarm02 kernel: pcieport 0000:00:1d.0: AER: Correctable error message received from 0000:02:00.0
Sep 18 11:31:01 inferswarm02 kernel: pcieport 0000:02:00.0: PCIe Bus Error: severity=Correctable, type=Physical Layer, (Receiver ID)
Sep 18 11:31:01 inferswarm02 kernel: pcieport 0000:02:00.0:   device [11f8:8533] error status/mask=00000001/0000e000
Sep 18 11:31:01 inferswarm02 kernel: pcieport 0000:02:00.0:    [ 0] RxErr                  (First)
Sep 18 11:31:01 inferswarm02 kernel: pcieport 0000:00:1d.0: AER: Correctable error message received from 0000:02:00.0
Sep 18 11:31:01 inferswarm02 kernel: pcieport 0000:02:00.0: PCIe Bus Error: severity=Correctable, type=Physical Layer, (Receiver ID)
Sep 18 11:31:01 inferswarm02 kernel: pcieport 0000:02:00.0:   device [11f8:8533] error status/mask=00000001/0000e000
Sep 18 11:31:01 inferswarm02 kernel: pcieport 0000:02:00.0:    [ 0] RxErr                  (First)
Sep 18 11:31:01 inferswarm02 kernel: pcieport 0000:00:1d.0: AER: Correctable error message received from 0000:02:00.0
Sep 18 11:31:01 inferswarm02 kernel: pcieport 0000:02:00.0: PCIe Bus Error: severity=Correctable, type=Physical Layer, (Receiver ID)
Sep 18 11:31:01 inferswarm02 kernel: pcieport 0000:02:00.0:   device [11f8:8533] error status/mask=00000001/0000e000
Sep 18 11:31:01 inferswarm02 kernel: pcieport 0000:02:00.0:    [ 0] RxErr                  (First)
Sep 18 11:31:01 inferswarm02 kernel: pcieport 0000:00:1d.0: AER: Correctable error message received from 0000:02:00.0
Sep 18 11:31:01 inferswarm02 kernel: pcieport 0000:02:00.0: PCIe Bus Error: severity=Correctable, type=Physical Layer, (Receiver ID)
Sep 18 11:31:01 inferswarm02 kernel: pcieport 0000:02:00.0:   device [11f8:8533] error status/mask=00000001/0000e000
Sep 18 11:31:01 inferswarm02 kernel: pcieport 0000:02:00.0:    [ 0] RxErr                  (First)
Sep 18 11:31:05 inferswarm02 kernel: pcieport 0000:00:1d.0: AER: Correctable error message received from 0000:02:00.0
Sep 18 11:31:05 inferswarm02 kernel: pcieport 0000:02:00.0: PCIe Bus Error: severity=Correctable, type=Physical Layer, (Receiver ID)
Sep 18 11:31:05 inferswarm02 kernel: pcieport 0000:02:00.0:   device [11f8:8533] error status/mask=00000001/0000e000
Sep 18 11:31:05 inferswarm02 kernel: pcieport 0000:02:00.0:    [ 0] RxErr                  (First)
Sep 18 11:31:05 inferswarm02 kernel: pcieport 0000:00:1d.0: AER: Correctable error message received from 0000:02:00.0
Sep 18 11:31:05 inferswarm02 kernel: pcieport 0000:02:00.0: PCIe Bus Error: severity=Correctable, type=Physical Layer, (Receiver ID)
Sep 18 11:31:05 inferswarm02 kernel: pcieport 0000:02:00.0:   device [11f8:8533] error status/mask=00000001/0000e000
Sep 18 11:31:05 inferswarm02 kernel: pcieport 0000:02:00.0:    [ 0] RxErr                  (First)
Sep 18 11:31:05 inferswarm02 kernel: pcieport 0000:00:1d.0: AER: Correctable error message received from 0000:02:00.0
Sep 18 11:31:05 inferswarm02 kernel: pcieport 0000:02:00.0: PCIe Bus Error: severity=Correctable, type=Physical Layer, (Receiver ID)
Sep 18 11:31:06 inferswarm02 kernel: pcieport 0000:02:00.0:   device [11f8:8533] error status/mask=00000001/0000e000
Sep 18 11:31:06 inferswarm02 kernel: pcieport 0000:02:00.0:    [ 0] RxErr                  (First)
Sep 18 11:31:06 inferswarm02 kernel: pcieport 0000:00:1d.0: AER: Correctable error message received from 0000:02:00.0
Sep 18 11:31:06 inferswarm02 kernel: pcieport 0000:02:00.0: PCIe Bus Error: severity=Correctable, type=Physical Layer, (Receiver ID)
Sep 18 11:31:06 inferswarm02 kernel: pcieport 0000:02:00.0:   device [11f8:8533] error status/mask=00000001/0000e000
Sep 18 11:31:06 inferswarm02 kernel: pcieport 0000:02:00.0:    [ 0] RxErr                  (First)
Sep 18 11:31:06 inferswarm02 kernel: pcieport 0000:00:1d.0: AER: Correctable error message received from 0000:02:00.0
Sep 18 11:31:06 inferswarm02 kernel: pcieport 0000:02:00.0: PCIe Bus Error: severity=Correctable, type=Physical Layer, (Receiver ID)
Sep 18 11:31:06 inferswarm02 kernel: pcieport 0000:02:00.0:   device [11f8:8533] error status/mask=00000001/0000e000
Sep 18 11:31:06 inferswarm02 kernel: pcieport 0000:02:00.0:    [ 0] RxErr                  (First)
Sep 18 11:31:06 inferswarm02 kernel: pcieport 0000:00:1d.0: AER: Correctable error message received from 0000:02:00.0
Sep 18 11:31:06 inferswarm02 kernel: pcieport 0000:02:00.0: PCIe Bus Error: severity=Correctable, type=Physical Layer, (Receiver ID)
Sep 18 11:31:06 inferswarm02 kernel: pcieport 0000:02:00.0:   device [11f8:8533] error status/mask=00000001/0000e000
Sep 18 11:31:06 inferswarm02 kernel: pcieport 0000:02:00.0:    [ 0] RxErr                  (First)
Sep 18 11:31:06 inferswarm02 kernel: pcieport 0000:00:1d.0: AER: Correctable error message received from 0000:02:00.0
Sep 18 11:31:06 inferswarm02 kernel: pcieport 0000:02:00.0: PCIe Bus Error: severity=Correctable, type=Physical Layer, (Receiver ID)
Sep 18 11:31:06 inferswarm02 kernel: pcieport 0000:02:00.0:   device [11f8:8533] error status/mask=00000001/0000e000
Sep 18 11:31:06 inferswarm02 kernel: pcieport 0000:02:00.0:    [ 0] RxErr                  (First)
Sep 18 11:31:06 inferswarm02 kernel: pcieport 0000:00:1d.0: AER: Correctable error message received from 0000:02:00.0
Sep 18 11:31:06 inferswarm02 kernel: pcieport 0000:02:00.0: PCIe Bus Error: severity=Correctable, type=Physical Layer, (Receiver ID)
Sep 18 11:31:06 inferswarm02 kernel: pcieport 0000:02:00.0:   device [11f8:8533] error status/mask=00000001/0000e000
Sep 18 11:31:06 inferswarm02 kernel: pcieport 0000:02:00.0:    [ 0] RxErr                  (First)
Sep 18 11:31:06 inferswarm02 kernel: pcieport 0000:00:1d.0: AER: Correctable error message received from 0000:02:00.0
Sep 18 11:31:06 inferswarm02 kernel: pcieport 0000:02:00.0: PCIe Bus Error: severity=Correctable, type=Physical Layer, (Receiver ID)
Sep 18 11:31:06 inferswarm02 kernel: pcieport 0000:02:00.0:   device [11f8:8533] error status/mask=00000001/0000e000
Sep 18 11:31:06 inferswarm02 kernel: pcieport 0000:02:00.0:    [ 0] RxErr                  (First)
Sep 18 11:31:06 inferswarm02 kernel: pcieport 0000:00:1d.0: AER: Correctable error message received from 0000:02:00.0
Sep 18 11:31:06 inferswarm02 kernel: pcieport 0000:02:00.0: PCIe Bus Error: severity=Correctable, type=Physical Layer, (Receiver ID)
Sep 18 11:31:06 inferswarm02 kernel: pcieport 0000:02:00.0:   device [11f8:8533] error status/mask=00000001/0000e000
Sep 18 11:31:06 inferswarm02 kernel: pcieport 0000:02:00.0:    [ 0] RxErr                  (First)
Sep 18 11:31:10 inferswarm02 kernel: pcieport 0000:00:1d.0: AER: Correctable error message received from 0000:02:00.0
Sep 18 11:31:10 inferswarm02 kernel: pcieport 0000:02:00.0: PCIe Bus Error: severity=Correctable, type=Physical Layer, (Receiver ID)
Sep 18 11:31:10 inferswarm02 kernel: pcieport 0000:02:00.0:   device [11f8:8533] error status/mask=00000001/0000e000
Sep 18 11:31:10 inferswarm02 kernel: pcieport 0000:02:00.0:    [ 0] RxErr                  (First)
Sep 18 11:31:10 inferswarm02 kernel: pcieport 0000:00:1d.0: AER: Correctable error message received from 0000:02:00.0
Sep 18 11:31:10 inferswarm02 kernel: pcieport 0000:02:00.0: PCIe Bus Error: severity=Correctable, type=Physical Layer, (Receiver ID)
Sep 18 11:31:10 inferswarm02 kernel: pcieport 0000:02:00.0:   device [11f8:8533] error status/mask=00000001/0000e000
Sep 18 11:31:10 inferswarm02 kernel: pcieport 0000:02:00.0:    [ 0] RxErr                  (First)
Sep 18 11:31:10 inferswarm02 kernel: pcieport 0000:00:1d.0: AER: Correctable error message received from 0000:02:00.0
Sep 18 11:31:10 inferswarm02 kernel: pcieport 0000:02:00.0: PCIe Bus Error: severity=Correctable, type=Physical Layer, (Receiver ID)
Sep 18 11:31:10 inferswarm02 kernel: pcieport 0000:02:00.0:   device [11f8:8533] error status/mask=00000001/0000e000
Sep 18 11:31:10 inferswarm02 kernel: pcieport 0000:02:00.0:    [ 0] RxErr                  (First)
Sep 18 11:31:10 inferswarm02 kernel: pcieport 0000:00:1d.0: AER: Correctable error message received from 0000:02:00.0
Sep 18 11:31:10 inferswarm02 kernel: pcieport 0000:02:00.0: PCIe Bus Error: severity=Correctable, type=Physical Layer, (Receiver ID)
Sep 18 11:31:10 inferswarm02 kernel: pcieport 0000:02:00.0:   device [11f8:8533] error status/mask=00000001/0000e000
Sep 18 11:31:10 inferswarm02 kernel: pcieport 0000:02:00.0:    [ 0] RxErr                  (First)
Sep 18 11:31:10 inferswarm02 kernel: pcieport 0000:00:1d.0: AER: Correctable error message received from 0000:02:00.0
Sep 18 11:31:10 inferswarm02 kernel: pcieport 0000:02:00.0: PCIe Bus Error: severity=Correctable, type=Physical Layer, (Receiver ID)
Sep 18 11:31:10 inferswarm02 kernel: pcieport 0000:02:00.0:   device [11f8:8533] error status/mask=00000001/0000e000
Sep 18 11:31:10 inferswarm02 kernel: pcieport 0000:02:00.0:    [ 0] RxErr                  (First)
Sep 18 11:31:10 inferswarm02 kernel: pcieport 0000:00:1d.0: AER: Correctable error message received from 0000:02:00.0
Sep 18 11:31:10 inferswarm02 kernel: pcieport 0000:02:00.0: PCIe Bus Error: severity=Correctable, type=Physical Layer, (Receiver ID)
Sep 18 11:31:10 inferswarm02 kernel: pcieport 0000:02:00.0:   device [11f8:8533] error status/mask=00000001/0000e000
Sep 18 11:31:10 inferswarm02 kernel: pcieport 0000:02:00.0:    [ 0] RxErr                  (First)
Sep 18 11:31:11 inferswarm02 kernel: pcieport 0000:00:1d.0: AER: Correctable error message received from 0000:02:00.0
Sep 18 11:31:11 inferswarm02 kernel: pcieport 0000:02:00.0: PCIe Bus Error: severity=Correctable, type=Physical Layer, (Receiver ID)
Sep 18 11:31:11 inferswarm02 kernel: pcieport 0000:02:00.0:   device [11f8:8533] error status/mask=00000001/0000e000
Sep 18 11:31:11 inferswarm02 kernel: pcieport 0000:02:00.0:    [ 0] RxErr                  (First)
Sep 18 11:31:11 inferswarm02 kernel: pcieport 0000:00:1d.0: AER: Correctable error message received from 0000:02:00.0
Sep 18 11:31:11 inferswarm02 kernel: pcieport 0000:02:00.0: PCIe Bus Error: severity=Correctable, type=Physical Layer, (Receiver ID)
Sep 18 11:31:11 inferswarm02 kernel: pcieport 0000:02:00.0:   device [11f8:8533] error status/mask=00000001/0000e000
Sep 18 11:31:11 inferswarm02 kernel: pcieport 0000:02:00.0:    [ 0] RxErr                  (First)
Sep 18 11:31:11 inferswarm02 kernel: pcieport 0000:00:1d.0: AER: Correctable error message received from 0000:02:00.0
Sep 18 11:31:11 inferswarm02 kernel: pcieport 0000:02:00.0: PCIe Bus Error: severity=Correctable, type=Physical Layer, (Receiver ID)
Sep 18 11:31:11 inferswarm02 kernel: pcieport 0000:02:00.0:   device [11f8:8533] error status/mask=00000001/0000e000
Sep 18 11:31:11 inferswarm02 kernel: pcieport 0000:02:00.0:    [ 0] RxErr                  (First)
Sep 18 11:31:11 inferswarm02 kernel: pcieport 0000:00:1d.0: AER: Correctable error message received from 0000:02:00.0
Sep 18 11:31:11 inferswarm02 kernel: pcieport 0000:02:00.0: PCIe Bus Error: severity=Correctable, type=Physical Layer, (Receiver ID)
Sep 18 11:31:11 inferswarm02 kernel: pcieport 0000:02:00.0:   device [11f8:8533] error status/mask=00000001/0000e000
Sep 18 11:31:11 inferswarm02 kernel: pcieport 0000:02:00.0:    [ 0] RxErr                  (First)
Sep 18 11:31:15 inferswarm02 kernel: pcieport 0000:00:1d.0: AER: Correctable error message received from 0000:02:00.0
Sep 18 11:31:15 inferswarm02 kernel: pcieport 0000:02:00.0: PCIe Bus Error: severity=Correctable, type=Physical Layer, (Receiver ID)
Sep 18 11:31:15 inferswarm02 kernel: pcieport 0000:02:00.0:   device [11f8:8533] error status/mask=00000001/0000e000
Sep 18 11:31:15 inferswarm02 kernel: pcieport 0000:02:00.0:    [ 0] RxErr                  (First)
Sep 18 11:31:15 inferswarm02 kernel: pcieport 0000:00:1d.0: AER: Correctable error message received from 0000:02:00.0
Sep 18 11:31:15 inferswarm02 kernel: pcieport 0000:02:00.0: PCIe Bus Error: severity=Correctable, type=Physical Layer, (Receiver ID)
Sep 18 11:31:15 inferswarm02 kernel: pcieport 0000:02:00.0:   device [11f8:8533] error status/mask=00000001/0000e000
Sep 18 11:31:15 inferswarm02 kernel: pcieport 0000:02:00.0:    [ 0] RxErr                  (First)
Sep 18 11:31:15 inferswarm02 kernel: pcieport 0000:00:1d.0: AER: Correctable error message received from 0000:02:00.0
Sep 18 11:31:15 inferswarm02 kernel: pcieport 0000:02:00.0: PCIe Bus Error: severity=Correctable, type=Physical Layer, (Receiver ID)
Sep 18 11:31:15 inferswarm02 kernel: pcieport 0000:02:00.0:   device [11f8:8533] error status/mask=00000001/0000e000
Sep 18 11:31:15 inferswarm02 kernel: pcieport 0000:02:00.0:    [ 0] RxErr                  (First)
Sep 18 11:31:16 inferswarm02 kernel: pcieport 0000:00:1d.0: AER: Correctable error message received from 0000:02:00.0
Sep 18 11:31:16 inferswarm02 kernel: pcieport 0000:02:00.0: PCIe Bus Error: severity=Correctable, type=Physical Layer, (Receiver ID)
Sep 18 11:31:16 inferswarm02 kernel: pcieport 0000:02:00.0:   device [11f8:8533] error status/mask=00000001/0000e000
Sep 18 11:31:16 inferswarm02 kernel: pcieport 0000:02:00.0:    [ 0] RxErr                  (First)
Sep 18 11:31:16 inferswarm02 kernel: pcieport 0000:00:1d.0: AER: Correctable error message received from 0000:02:00.0
Sep 18 11:31:16 inferswarm02 kernel: pcieport 0000:02:00.0: PCIe Bus Error: severity=Correctable, type=Physical Layer, (Receiver ID)
Sep 18 11:31:16 inferswarm02 kernel: pcieport 0000:02:00.0:   device [11f8:8533] error status/mask=00000001/0000e000
Sep 18 11:31:16 inferswarm02 kernel: pcieport 0000:02:00.0:    [ 0] RxErr                  (First)
Sep 18 11:31:16 inferswarm02 kernel: pcieport 0000:00:1d.0: AER: Correctable error message received from 0000:02:00.0
Sep 18 11:31:16 inferswarm02 kernel: pcieport 0000:02:00.0: PCIe Bus Error: severity=Correctable, type=Physical Layer, (Receiver ID)
Sep 18 11:31:16 inferswarm02 kernel: pcieport 0000:02:00.0:   device [11f8:8533] error status/mask=00000001/0000e000
Sep 18 11:31:16 inferswarm02 kernel: pcieport 0000:02:00.0:    [ 0] RxErr                  (First)
Sep 18 11:31:16 inferswarm02 kernel: pcieport 0000:00:1d.0: AER: Correctable error message received from 0000:02:00.0
Sep 18 11:31:16 inferswarm02 kernel: pcieport 0000:02:00.0: PCIe Bus Error: severity=Correctable, type=Physical Layer, (Receiver ID)
Sep 18 11:31:16 inferswarm02 kernel: pcieport 0000:02:00.0:   device [11f8:8533] error status/mask=00000001/0000e000
Sep 18 11:31:16 inferswarm02 kernel: pcieport 0000:02:00.0:    [ 0] RxErr                  (First)
Sep 18 11:31:16 inferswarm02 kernel: pcieport 0000:00:1d.0: AER: Correctable error message received from 0000:02:00.0
Sep 18 11:31:16 inferswarm02 kernel: pcieport 0000:02:00.0: PCIe Bus Error: severity=Correctable, type=Physical Layer, (Receiver ID)
Sep 18 11:31:16 inferswarm02 kernel: pcieport 0000:02:00.0:   device [11f8:8533] error status/mask=00000001/0000e000
Sep 18 11:31:16 inferswarm02 kernel: pcieport 0000:02:00.0:    [ 0] RxErr                  (First)
Sep 18 11:31:16 inferswarm02 kernel: pcieport 0000:00:1d.0: AER: Correctable error message received from 0000:02:00.0
Sep 18 11:31:16 inferswarm02 kernel: pcieport 0000:02:00.0: PCIe Bus Error: severity=Correctable, type=Physical Layer, (Receiver ID)
Sep 18 11:31:16 inferswarm02 kernel: pcieport 0000:02:00.0:   device [11f8:8533] error status/mask=00000001/0000e000
Sep 18 11:31:16 inferswarm02 kernel: pcieport 0000:02:00.0:    [ 0] RxErr                  (First)
Sep 18 11:31:16 inferswarm02 kernel: pcieport 0000:00:1d.0: AER: Correctable error message received from 0000:02:00.0
Sep 18 11:31:16 inferswarm02 kernel: pcieport 0000:02:00.0: PCIe Bus Error: severity=Correctable, type=Physical Layer, (Receiver ID)
Sep 18 11:31:16 inferswarm02 kernel: pcieport 0000:02:00.0:   device [11f8:8533] error status/mask=00000001/0000e000
Sep 18 11:31:16 inferswarm02 kernel: pcieport 0000:02:00.0:    [ 0] RxErr                  (First)
Sep 18 11:31:20 inferswarm02 kernel: pcieport 0000:00:1d.0: AER: Correctable error message received from 0000:02:00.0
Sep 18 11:31:20 inferswarm02 kernel: pcieport 0000:02:00.0: PCIe Bus Error: severity=Correctable, type=Physical Layer, (Receiver ID)
Sep 18 11:31:20 inferswarm02 kernel: pcieport 0000:02:00.0:   device [11f8:8533] error status/mask=00000001/0000e000
Sep 18 11:31:20 inferswarm02 kernel: pcieport 0000:02:00.0:    [ 0] RxErr                  (First)
Sep 18 11:31:20 inferswarm02 kernel: pcieport 0000:00:1d.0: AER: Correctable error message received from 0000:02:00.0
Sep 18 11:31:20 inferswarm02 kernel: pcieport 0000:02:00.0: PCIe Bus Error: severity=Correctable, type=Physical Layer, (Receiver ID)
Sep 18 11:31:20 inferswarm02 kernel: pcieport 0000:02:00.0:   device [11f8:8533] error status/mask=00000001/0000e000
Sep 18 11:31:20 inferswarm02 kernel: pcieport 0000:02:00.0:    [ 0] RxErr                  (First)
Sep 18 11:31:20 inferswarm02 kernel: pcieport 0000:00:1d.0: AER: Correctable error message received from 0000:02:00.0
Sep 18 11:31:20 inferswarm02 kernel: pcieport 0000:02:00.0: PCIe Bus Error: severity=Correctable, type=Physical Layer, (Receiver ID)
Sep 18 11:31:20 inferswarm02 kernel: pcieport 0000:02:00.0:   device [11f8:8533] error status/mask=00000001/0000e000
Sep 18 11:31:20 inferswarm02 kernel: pcieport 0000:02:00.0:    [ 0] RxErr                  (First)
Sep 18 11:31:20 inferswarm02 kernel: pcieport 0000:00:1d.0: AER: Correctable error message received from 0000:02:00.0
Sep 18 11:31:20 inferswarm02 kernel: pcieport 0000:02:00.0: PCIe Bus Error: severity=Correctable, type=Physical Layer, (Receiver ID)
Sep 18 11:31:21 inferswarm02 kernel: pcieport 0000:02:00.0:   device [11f8:8533] error status/mask=00000001/0000e000
Sep 18 11:31:21 inferswarm02 kernel: pcieport 0000:02:00.0:    [ 0] RxErr                  (First)
Sep 18 11:31:21 inferswarm02 kernel: pcieport 0000:00:1d.0: AER: Correctable error message received from 0000:02:00.0
Sep 18 11:31:21 inferswarm02 kernel: pcieport 0000:02:00.0: PCIe Bus Error: severity=Correctable, type=Physical Layer, (Receiver ID)
Sep 18 11:31:21 inferswarm02 kernel: pcieport 0000:02:00.0:   device [11f8:8533] error status/mask=00000001/0000e000
Sep 18 11:31:21 inferswarm02 kernel: pcieport 0000:02:00.0:    [ 0] RxErr                  (First)
Sep 18 11:31:21 inferswarm02 kernel: pcieport 0000:00:1d.0: AER: Correctable error message received from 0000:02:00.0
Sep 18 11:31:21 inferswarm02 kernel: pcieport 0000:02:00.0: PCIe Bus Error: severity=Correctable, type=Physical Layer, (Receiver ID)
Sep 18 11:31:21 inferswarm02 kernel: pcieport 0000:02:00.0:   device [11f8:8533] error status/mask=00000001/0000e000
Sep 18 11:31:21 inferswarm02 kernel: pcieport 0000:02:00.0:    [ 0] RxErr                  (First)
Sep 18 11:31:21 inferswarm02 kernel: pcieport 0000:00:1d.0: AER: Correctable error message received from 0000:02:00.0
Sep 18 11:31:21 inferswarm02 kernel: pcieport 0000:02:00.0: PCIe Bus Error: severity=Correctable, type=Physical Layer, (Receiver ID)
Sep 18 11:31:21 inferswarm02 kernel: pcieport 0000:02:00.0:   device [11f8:8533] error status/mask=00000001/0000e000
Sep 18 11:31:21 inferswarm02 kernel: pcieport 0000:02:00.0:    [ 0] RxErr                  (First)
Sep 18 11:31:21 inferswarm02 kernel: pcieport 0000:00:1d.0: AER: Correctable error message received from 0000:02:00.0
Sep 18 11:31:21 inferswarm02 kernel: pcieport 0000:02:00.0: PCIe Bus Error: severity=Correctable, type=Physical Layer, (Receiver ID)
Sep 18 11:31:21 inferswarm02 kernel: pcieport 0000:02:00.0:   device [11f8:8533] error status/mask=00000001/0000e000
Sep 18 11:31:21 inferswarm02 kernel: pcieport 0000:02:00.0:    [ 0] RxErr                  (First)
Sep 18 11:31:21 inferswarm02 kernel: pcieport 0000:00:1d.0: AER: Correctable error message received from 0000:02:00.0
Sep 18 11:31:21 inferswarm02 kernel: pcieport 0000:02:00.0: PCIe Bus Error: severity=Correctable, type=Physical Layer, (Receiver ID)
Sep 18 11:31:21 inferswarm02 kernel: pcieport 0000:02:00.0:   device [11f8:8533] error status/mask=00000001/0000e000
Sep 18 11:31:21 inferswarm02 kernel: pcieport 0000:02:00.0:    [ 0] RxErr                  (First)
Sep 18 11:31:21 inferswarm02 kernel: pcieport 0000:00:1d.0: AER: Correctable error message received from 0000:02:00.0
Sep 18 11:31:21 inferswarm02 kernel: pcieport 0000:02:00.0: PCIe Bus Error: severity=Correctable, type=Physical Layer, (Receiver ID)
Sep 18 11:31:21 inferswarm02 kernel: pcieport 0000:02:00.0:   device [11f8:8533] error status/mask=00000001/0000e000
Sep 18 11:31:21 inferswarm02 kernel: pcieport 0000:02:00.0:    [ 0] RxErr                  (First)
Sep 18 11:31:25 inferswarm02 kernel: pcieport 0000:00:1d.0: AER: Correctable error message received from 0000:02:00.0
Sep 18 11:31:25 inferswarm02 kernel: pcieport 0000:02:00.0: PCIe Bus Error: severity=Correctable, type=Physical Layer, (Receiver ID)
Sep 18 11:31:25 inferswarm02 kernel: pcieport 0000:02:00.0:   device [11f8:8533] error status/mask=00000001/0000e000
Sep 18 11:31:25 inferswarm02 kernel: pcieport 0000:02:00.0:    [ 0] RxErr                  (First)
Sep 18 11:31:26 inferswarm02 kernel: pcieport 0000:00:1d.0: AER: Correctable error message received from 0000:02:00.0
Sep 18 11:31:26 inferswarm02 kernel: pcieport 0000:02:00.0: PCIe Bus Error: severity=Correctable, type=Physical Layer, (Receiver ID)
Sep 18 11:31:26 inferswarm02 kernel: pcieport 0000:02:00.0:   device [11f8:8533] error status/mask=00000001/0000e000
Sep 18 11:31:26 inferswarm02 kernel: pcieport 0000:02:00.0:    [ 0] RxErr                  (First)
Sep 18 11:31:26 inferswarm02 kernel: pcieport 0000:00:1d.0: AER: Correctable error message received from 0000:02:00.0
Sep 18 11:31:26 inferswarm02 kernel: pcieport 0000:02:00.0: PCIe Bus Error: severity=Correctable, type=Physical Layer, (Receiver ID)
Sep 18 11:31:26 inferswarm02 kernel: pcieport 0000:02:00.0:   device [11f8:8533] error status/mask=00000001/0000e000
Sep 18 11:31:26 inferswarm02 kernel: pcieport 0000:02:00.0:    [ 0] RxErr                  (First)
Sep 18 11:31:26 inferswarm02 kernel: pcieport 0000:00:1d.0: AER: Correctable error message received from 0000:02:00.0
Sep 18 11:31:26 inferswarm02 kernel: pcieport 0000:02:00.0: PCIe Bus Error: severity=Correctable, type=Physical Layer, (Receiver ID)
Sep 18 11:31:26 inferswarm02 kernel: pcieport 0000:02:00.0:   device [11f8:8533] error status/mask=00000001/0000e000
Sep 18 11:31:26 inferswarm02 kernel: pcieport 0000:02:00.0:    [ 0] RxErr                  (First)
Sep 18 11:31:26 inferswarm02 kernel: pcieport 0000:00:1d.0: AER: Correctable error message received from 0000:02:00.0
Sep 18 11:31:26 inferswarm02 kernel: pcieport 0000:02:00.0: PCIe Bus Error: severity=Correctable, type=Physical Layer, (Receiver ID)
Sep 18 11:31:26 inferswarm02 kernel: pcieport 0000:02:00.0:   device [11f8:8533] error status/mask=00000001/0000e000
Sep 18 11:31:26 inferswarm02 kernel: pcieport 0000:02:00.0:    [ 0] RxErr                  (First)
Sep 18 11:31:26 inferswarm02 kernel: pcieport 0000:00:1d.0: AER: Correctable error message received from 0000:02:00.0
Sep 18 11:31:26 inferswarm02 kernel: pcieport 0000:02:00.0: PCIe Bus Error: severity=Correctable, type=Physical Layer, (Receiver ID)
Sep 18 11:31:26 inferswarm02 kernel: pcieport 0000:02:00.0:   device [11f8:8533] error status/mask=00000001/0000e000
Sep 18 11:31:26 inferswarm02 kernel: pcieport 0000:02:00.0:    [ 0] RxErr                  (First)
Sep 18 11:31:26 inferswarm02 kernel: pcieport 0000:00:1d.0: AER: Correctable error message received from 0000:02:00.0
Sep 18 11:31:26 inferswarm02 kernel: pcieport 0000:02:00.0: PCIe Bus Error: severity=Correctable, type=Physical Layer, (Receiver ID)
Sep 18 11:31:26 inferswarm02 kernel: pcieport 0000:02:00.0:   device [11f8:8533] error status/mask=00000001/0000e000
Sep 18 11:31:26 inferswarm02 kernel: pcieport 0000:02:00.0:    [ 0] RxErr                  (First)
Sep 18 11:31:26 inferswarm02 kernel: pcieport 0000:00:1d.0: AER: Correctable error message received from 0000:02:00.0
Sep 18 11:31:26 inferswarm02 kernel: pcieport 0000:02:00.0: PCIe Bus Error: severity=Correctable, type=Physical Layer, (Receiver ID)
Sep 18 11:31:26 inferswarm02 kernel: pcieport 0000:02:00.0:   device [11f8:8533] error status/mask=00000001/0000e000
Sep 18 11:31:26 inferswarm02 kernel: pcieport 0000:02:00.0:    [ 0] RxErr                  (First)
Sep 18 11:31:26 inferswarm02 kernel: pcieport 0000:00:1d.0: AER: Correctable error message received from 0000:02:00.0
Sep 18 11:31:26 inferswarm02 kernel: pcieport 0000:02:00.0: PCIe Bus Error: severity=Correctable, type=Physical Layer, (Receiver ID)
Sep 18 11:31:26 inferswarm02 kernel: pcieport 0000:02:00.0:   device [11f8:8533] error status/mask=00000001/0000e000
Sep 18 11:31:26 inferswarm02 kernel: pcieport 0000:02:00.0:    [ 0] RxErr                  (First)
Sep 18 11:31:26 inferswarm02 kernel: pcieport 0000:00:1d.0: AER: Correctable error message received from 0000:02:00.0
Sep 18 11:31:26 inferswarm02 kernel: pcieport 0000:02:00.0: PCIe Bus Error: severity=Correctable, type=Physical Layer, (Receiver ID)
Sep 18 11:31:26 inferswarm02 kernel: pcieport 0000:02:00.0:   device [11f8:8533] error status/mask=00000001/0000e000
Sep 18 11:31:26 inferswarm02 kernel: pcieport 0000:02:00.0:    [ 0] RxErr                  (First)
