Sep 18 10:53:35 inferswarm02 kernel: pcieport 0000:00:1d.0: AER: Correctable error message received from 0000:02:00.0
Sep 18 10:53:35 inferswarm02 kernel: pcieport 0000:02:00.0: PCIe Bus Error: severity=Correctable, type=Physical Layer, (Receiver ID)
Sep 18 10:53:35 inferswarm02 kernel: pcieport 0000:02:00.0:   device [11f8:8533] error status/mask=00000001/0000e000
Sep 18 10:53:35 inferswarm02 kernel: pcieport 0000:02:00.0:    [ 0] RxErr                  (First)
Sep 18 10:53:35 inferswarm02 kernel: pcieport 0000:00:1d.0: AER: Correctable error message received from 0000:02:00.0
Sep 18 10:53:35 inferswarm02 kernel: pcieport 0000:02:00.0: PCIe Bus Error: severity=Correctable, type=Physical Layer, (Receiver ID)
Sep 18 10:53:35 inferswarm02 kernel: pcieport 0000:02:00.0:   device [11f8:8533] error status/mask=00000001/0000e000
Sep 18 10:53:35 inferswarm02 kernel: pcieport 0000:02:00.0:    [ 0] RxErr                  (First)
Sep 18 10:53:35 inferswarm02 kernel: pcieport 0000:00:1d.0: AER: Correctable error message received from 0000:02:00.0
Sep 18 10:53:35 inferswarm02 kernel: pcieport 0000:02:00.0: PCIe Bus Error: severity=Correctable, type=Physical Layer, (Receiver ID)
Sep 18 10:53:35 inferswarm02 kernel: pcieport 0000:02:00.0:   device [11f8:8533] error status/mask=00000001/0000e000
Sep 18 10:53:35 inferswarm02 kernel: pcieport 0000:02:00.0:    [ 0] RxErr                  (First)
Sep 18 10:53:36 inferswarm02 kernel: pcieport 0000:00:1d.0: AER: Correctable error message received from 0000:02:00.0
Sep 18 10:53:36 inferswarm02 kernel: pcieport 0000:02:00.0: PCIe Bus Error: severity=Correctable, type=Physical Layer, (Receiver ID)
Sep 18 10:53:36 inferswarm02 kernel: pcieport 0000:02:00.0:   device [11f8:8533] error status/mask=00000001/0000e000
Sep 18 10:53:36 inferswarm02 kernel: pcieport 0000:02:00.0:    [ 0] RxErr                  (First)
Sep 18 10:53:36 inferswarm02 kernel: pcieport 0000:00:1d.0: AER: Correctable error message received from 0000:02:00.0
Sep 18 10:53:36 inferswarm02 kernel: pcieport 0000:02:00.0: PCIe Bus Error: severity=Correctable, type=Physical Layer, (Receiver ID)
Sep 18 10:53:36 inferswarm02 kernel: pcieport 0000:02:00.0:   device [11f8:8533] error status/mask=00000001/0000e000
Sep 18 10:53:36 inferswarm02 kernel: pcieport 0000:02:00.0:    [ 0] RxErr                  (First)
Sep 18 10:53:36 inferswarm02 kernel: pcieport 0000:00:1d.0: AER: Correctable error message received from 0000:02:00.0
Sep 18 10:53:36 inferswarm02 kernel: pcieport 0000:02:00.0: PCIe Bus Error: severity=Correctable, type=Physical Layer, (Receiver ID)
Sep 18 10:53:36 inferswarm02 kernel: pcieport 0000:02:00.0:   device [11f8:8533] error status/mask=00000001/0000e000
Sep 18 10:53:36 inferswarm02 kernel: pcieport 0000:02:00.0:    [ 0] RxErr                  (First)
Sep 18 10:53:36 inferswarm02 kernel: pcieport 0000:00:1d.0: AER: Correctable error message received from 0000:02:00.0
Sep 18 10:53:36 inferswarm02 kernel: pcieport 0000:02:00.0: PCIe Bus Error: severity=Correctable, type=Physical Layer, (Receiver ID)
Sep 18 10:53:36 inferswarm02 kernel: pcieport 0000:02:00.0:   device [11f8:8533] error status/mask=00000001/0000e000
Sep 18 10:53:36 inferswarm02 kernel: pcieport 0000:02:00.0:    [ 0] RxErr                  (First)
Sep 18 10:53:36 inferswarm02 kernel: pcieport 0000:00:1d.0: AER: Correctable error message received from 0000:02:00.0
Sep 18 10:53:36 inferswarm02 kernel: pcieport 0000:02:00.0: PCIe Bus Error: severity=Correctable, type=Physical Layer, (Receiver ID)
Sep 18 10:53:36 inferswarm02 kernel: pcieport 0000:02:00.0:   device [11f8:8533] error status/mask=00000001/0000e000
Sep 18 10:53:36 inferswarm02 kernel: pcieport 0000:02:00.0:    [ 0] RxErr                  (First)
Sep 18 10:53:36 inferswarm02 kernel: pcieport 0000:00:1d.0: AER: Correctable error message received from 0000:02:00.0
Sep 18 10:53:36 inferswarm02 kernel: pcieport 0000:02:00.0: PCIe Bus Error: severity=Correctable, type=Physical Layer, (Receiver ID)
Sep 18 10:53:36 inferswarm02 kernel: pcieport 0000:02:00.0:   device [11f8:8533] error status/mask=00000001/0000e000
Sep 18 10:53:36 inferswarm02 kernel: pcieport 0000:02:00.0:    [ 0] RxErr                  (First)
Sep 18 10:53:36 inferswarm02 kernel: pcieport 0000:00:1d.0: AER: Correctable error message received from 0000:02:00.0
Sep 18 10:53:36 inferswarm02 kernel: pcieport 0000:02:00.0: PCIe Bus Error: severity=Correctable, type=Physical Layer, (Receiver ID)
Sep 18 10:53:36 inferswarm02 kernel: pcieport 0000:02:00.0:   device [11f8:8533] error status/mask=00000001/0000e000
Sep 18 10:53:36 inferswarm02 kernel: pcieport 0000:02:00.0:    [ 0] RxErr                  (First)
Sep 18 10:53:40 inferswarm02 kernel: pcieport 0000:00:1d.0: AER: Correctable error message received from 0000:02:00.0
Sep 18 10:53:40 inferswarm02 kernel: pcieport 0000:02:00.0: PCIe Bus Error: severity=Correctable, type=Physical Layer, (Receiver ID)
Sep 18 10:53:40 inferswarm02 kernel: pcieport 0000:02:00.0:   device [11f8:8533] error status/mask=00000001/0000e000
Sep 18 10:53:40 inferswarm02 kernel: pcieport 0000:02:00.0:    [ 0] RxErr                  (First)
Sep 18 10:53:40 inferswarm02 kernel: pcieport 0000:00:1d.0: AER: Correctable error message received from 0000:02:00.0
Sep 18 10:53:40 inferswarm02 kernel: pcieport 0000:02:00.0: PCIe Bus Error: severity=Correctable, type=Physical Layer, (Receiver ID)
Sep 18 10:53:40 inferswarm02 kernel: pcieport 0000:02:00.0:   device [11f8:8533] error status/mask=00000001/0000e000
Sep 18 10:53:40 inferswarm02 kernel: pcieport 0000:02:00.0:    [ 0] RxErr                  (First)
Sep 18 10:53:40 inferswarm02 kernel: pcieport 0000:00:1d.0: AER: Correctable error message received from 0000:02:00.0
Sep 18 10:53:40 inferswarm02 kernel: pcieport 0000:02:00.0: PCIe Bus Error: severity=Correctable, type=Physical Layer, (Receiver ID)
Sep 18 10:53:40 inferswarm02 kernel: pcieport 0000:02:00.0:   device [11f8:8533] error status/mask=00000001/0000e000
Sep 18 10:53:40 inferswarm02 kernel: pcieport 0000:02:00.0:    [ 0] RxErr                  (First)
Sep 18 10:53:40 inferswarm02 kernel: pcieport 0000:00:1d.0: AER: Correctable error message received from 0000:02:00.0
Sep 18 10:53:40 inferswarm02 kernel: pcieport 0000:02:00.0: PCIe Bus Error: severity=Correctable, type=Physical Layer, (Receiver ID)
Sep 18 10:53:40 inferswarm02 kernel: pcieport 0000:02:00.0:   device [11f8:8533] error status/mask=00000001/0000e000
Sep 18 10:53:40 inferswarm02 kernel: pcieport 0000:02:00.0:    [ 0] RxErr                  (First)
Sep 18 10:53:40 inferswarm02 kernel: pcieport 0000:00:1d.0: AER: Correctable error message received from 0000:02:00.0
Sep 18 10:53:40 inferswarm02 kernel: pcieport 0000:02:00.0: PCIe Bus Error: severity=Correctable, type=Physical Layer, (Receiver ID)
Sep 18 10:53:40 inferswarm02 kernel: pcieport 0000:02:00.0:   device [11f8:8533] error status/mask=00000001/0000e000
Sep 18 10:53:40 inferswarm02 kernel: pcieport 0000:02:00.0:    [ 0] RxErr                  (First)
Sep 18 10:53:41 inferswarm02 kernel: pcieport 0000:00:1d.0: AER: Correctable error message received from 0000:02:00.0
Sep 18 10:53:41 inferswarm02 kernel: pcieport 0000:02:00.0: PCIe Bus Error: severity=Correctable, type=Physical Layer, (Receiver ID)
Sep 18 10:53:41 inferswarm02 kernel: pcieport 0000:02:00.0:   device [11f8:8533] error status/mask=00000001/0000e000
Sep 18 10:53:41 inferswarm02 kernel: pcieport 0000:02:00.0:    [ 0] RxErr                  (First)
Sep 18 10:53:41 inferswarm02 kernel: pcieport 0000:00:1d.0: AER: Correctable error message received from 0000:02:00.0
Sep 18 10:53:41 inferswarm02 kernel: pcieport 0000:02:00.0: PCIe Bus Error: severity=Correctable, type=Physical Layer, (Receiver ID)
Sep 18 10:53:41 inferswarm02 kernel: pcieport 0000:02:00.0:   device [11f8:8533] error status/mask=00000001/0000e000
Sep 18 10:53:41 inferswarm02 kernel: pcieport 0000:02:00.0:    [ 0] RxErr                  (First)
Sep 18 10:53:41 inferswarm02 kernel: pcieport 0000:00:1d.0: AER: Correctable error message received from 0000:02:00.0
Sep 18 10:53:41 inferswarm02 kernel: pcieport 0000:02:00.0: PCIe Bus Error: severity=Correctable, type=Physical Layer, (Receiver ID)
Sep 18 10:53:41 inferswarm02 kernel: pcieport 0000:02:00.0:   device [11f8:8533] error status/mask=00000001/0000e000
Sep 18 10:53:41 inferswarm02 kernel: pcieport 0000:02:00.0:    [ 0] RxErr                  (First)
Sep 18 10:53:41 inferswarm02 kernel: pcieport 0000:00:1d.0: AER: Correctable error message received from 0000:02:00.0
Sep 18 10:53:41 inferswarm02 kernel: pcieport 0000:02:00.0: PCIe Bus Error: severity=Correctable, type=Physical Layer, (Receiver ID)
Sep 18 10:53:41 inferswarm02 kernel: pcieport 0000:02:00.0:   device [11f8:8533] error status/mask=00000001/0000e000
Sep 18 10:53:41 inferswarm02 kernel: pcieport 0000:02:00.0:    [ 0] RxErr                  (First)
Sep 18 10:53:41 inferswarm02 kernel: pcieport 0000:00:1d.0: AER: Correctable error message received from 0000:02:00.0
Sep 18 10:53:41 inferswarm02 kernel: pcieport 0000:02:00.0: PCIe Bus Error: severity=Correctable, type=Physical Layer, (Receiver ID)
Sep 18 10:53:41 inferswarm02 kernel: pcieport 0000:02:00.0:   device [11f8:8533] error status/mask=00000001/0000e000
Sep 18 10:53:41 inferswarm02 kernel: pcieport 0000:02:00.0:    [ 0] RxErr                  (First)
Sep 18 10:53:45 inferswarm02 kernel: pcieport 0000:00:1d.0: AER: Correctable error message received from 0000:07:00.0
Sep 18 10:53:45 inferswarm02 kernel: pcieport 0000:07:00.0: PCIe Bus Error: severity=Correctable, type=Data Link Layer, (Receiver ID)
Sep 18 10:53:45 inferswarm02 kernel: pcieport 0000:07:00.0:   device [1022:1470] error status/mask=00000040/00002000
Sep 18 10:53:45 inferswarm02 kernel: pcieport 0000:07:00.0:    [ 6] BadTLP                
Sep 18 10:53:45 inferswarm02 kernel: pcieport 0000:00:1d.0: AER: Correctable error message received from 0000:02:00.0
Sep 18 10:53:45 inferswarm02 kernel: pcieport 0000:02:00.0: PCIe Bus Error: severity=Correctable, type=Data Link Layer, (Receiver ID)
Sep 18 10:53:45 inferswarm02 kernel: pcieport 0000:02:00.0:   device [11f8:8533] error status/mask=00000040/0000e000
Sep 18 10:53:45 inferswarm02 kernel: pcieport 0000:02:00.0:    [ 6] BadTLP                
Sep 18 10:53:45 inferswarm02 kernel: pcieport 0000:00:1d.0: AER: Correctable error message received from 0000:02:00.0
Sep 18 10:53:45 inferswarm02 kernel: pcieport 0000:02:00.0: PCIe Bus Error: severity=Correctable, type=Data Link Layer, (Receiver ID)
Sep 18 10:53:45 inferswarm02 kernel: pcieport 0000:02:00.0:   device [11f8:8533] error status/mask=00000040/0000e000
Sep 18 10:53:45 inferswarm02 kernel: pcieport 0000:02:00.0:    [ 6] BadTLP                
Sep 18 10:53:45 inferswarm02 kernel: pcieport 0000:00:1d.0: AER: Correctable error message received from 0000:02:00.0
Sep 18 10:53:45 inferswarm02 kernel: pcieport 0000:02:00.0: PCIe Bus Error: severity=Correctable, type=Data Link Layer, (Receiver ID)
Sep 18 10:53:45 inferswarm02 kernel: pcieport 0000:02:00.0:   device [11f8:8533] error status/mask=00000040/0000e000
Sep 18 10:53:45 inferswarm02 kernel: pcieport 0000:02:00.0:    [ 6] BadTLP                
Sep 18 10:53:45 inferswarm02 kernel: pcieport 0000:00:1d.0: AER: Correctable error message received from 0000:02:00.0
Sep 18 10:53:45 inferswarm02 kernel: pcieport 0000:02:00.0: PCIe Bus Error: severity=Correctable, type=Data Link Layer, (Receiver ID)
Sep 18 10:53:45 inferswarm02 kernel: pcieport 0000:02:00.0:   device [11f8:8533] error status/mask=00000040/0000e000
Sep 18 10:53:45 inferswarm02 kernel: pcieport 0000:02:00.0:    [ 6] BadTLP                
Sep 18 10:53:45 inferswarm02 kernel: pcieport 0000:00:1d.0: AER: Correctable error message received from 0000:02:00.0
Sep 18 10:53:45 inferswarm02 kernel: pcieport 0000:02:00.0: PCIe Bus Error: severity=Correctable, type=Data Link Layer, (Receiver ID)
Sep 18 10:53:45 inferswarm02 kernel: pcieport 0000:02:00.0:   device [11f8:8533] error status/mask=00000040/0000e000
Sep 18 10:53:45 inferswarm02 kernel: pcieport 0000:02:00.0:    [ 6] BadTLP                
Sep 18 10:53:46 inferswarm02 kernel: pcieport 0000:00:1d.0: AER: Correctable error message received from 0000:02:00.0
Sep 18 10:53:46 inferswarm02 kernel: pcieport 0000:02:00.0: PCIe Bus Error: severity=Correctable, type=Data Link Layer, (Receiver ID)
Sep 18 10:53:46 inferswarm02 kernel: pcieport 0000:02:00.0:   device [11f8:8533] error status/mask=00000040/0000e000
Sep 18 10:53:46 inferswarm02 kernel: pcieport 0000:02:00.0:    [ 6] BadTLP                
Sep 18 10:53:46 inferswarm02 kernel: pcieport 0000:00:1d.0: AER: Correctable error message received from 0000:02:00.0
Sep 18 10:53:46 inferswarm02 kernel: pcieport 0000:02:00.0: PCIe Bus Error: severity=Correctable, type=Data Link Layer, (Receiver ID)
Sep 18 10:53:46 inferswarm02 kernel: pcieport 0000:02:00.0:   device [11f8:8533] error status/mask=00000040/0000e000
Sep 18 10:53:46 inferswarm02 kernel: pcieport 0000:02:00.0:    [ 6] BadTLP                
Sep 18 10:53:46 inferswarm02 kernel: pcieport 0000:00:1d.0: AER: Correctable error message received from 0000:02:00.0
Sep 18 10:53:46 inferswarm02 kernel: pcieport 0000:02:00.0: PCIe Bus Error: severity=Correctable, type=Data Link Layer, (Receiver ID)
Sep 18 10:53:46 inferswarm02 kernel: pcieport 0000:02:00.0:   device [11f8:8533] error status/mask=00000040/0000e000
Sep 18 10:53:46 inferswarm02 kernel: pcieport 0000:02:00.0:    [ 6] BadTLP                
Sep 18 10:53:46 inferswarm02 kernel: pcieport 0000:00:1d.0: AER: Correctable error message received from 0000:02:00.0
Sep 18 10:53:46 inferswarm02 kernel: pcieport 0000:02:00.0: PCIe Bus Error: severity=Correctable, type=Data Link Layer, (Receiver ID)
Sep 18 10:53:46 inferswarm02 kernel: pcieport 0000:02:00.0:   device [11f8:8533] error status/mask=00000040/0000e000
Sep 18 10:53:46 inferswarm02 kernel: pcieport 0000:02:00.0:    [ 6] BadTLP                
Sep 18 10:53:46 inferswarm02 kernel: pcieport 0000:00:1d.0: AER: Multiple Correctable error message received from 0000:02:00.0
Sep 18 10:53:46 inferswarm02 kernel: pcieport 0000:02:00.0: PCIe Bus Error: severity=Correctable, type=Physical Layer, (Receiver ID)
Sep 18 10:53:46 inferswarm02 kernel: pcieport 0000:02:00.0:   device [11f8:8533] error status/mask=00000041/0000e000
Sep 18 10:53:46 inferswarm02 kernel: pcieport 0000:02:00.0:    [ 0] RxErr                  (First)
Sep 18 10:53:46 inferswarm02 kernel: pcieport 0000:02:00.0:    [ 6] BadTLP                
Sep 18 10:53:50 inferswarm02 kernel: pcieport 0000:00:1d.0: AER: Correctable error message received from 0000:02:00.0
Sep 18 10:53:50 inferswarm02 kernel: pcieport 0000:02:00.0: PCIe Bus Error: severity=Correctable, type=Physical Layer, (Receiver ID)
Sep 18 10:53:50 inferswarm02 kernel: pcieport 0000:02:00.0:   device [11f8:8533] error status/mask=00000001/0000e000
Sep 18 10:53:50 inferswarm02 kernel: pcieport 0000:02:00.0:    [ 0] RxErr                  (First)
Sep 18 10:53:50 inferswarm02 kernel: pcieport 0000:00:1d.0: AER: Correctable error message received from 0000:02:00.0
Sep 18 10:53:50 inferswarm02 kernel: pcieport 0000:02:00.0: PCIe Bus Error: severity=Correctable, type=Physical Layer, (Receiver ID)
Sep 18 10:53:50 inferswarm02 kernel: pcieport 0000:02:00.0:   device [11f8:8533] error status/mask=00000001/0000e000
Sep 18 10:53:50 inferswarm02 kernel: pcieport 0000:02:00.0:    [ 0] RxErr                  (First)
Sep 18 10:53:50 inferswarm02 kernel: pcieport 0000:00:1d.0: AER: Correctable error message received from 0000:02:00.0
Sep 18 10:53:50 inferswarm02 kernel: pcieport 0000:02:00.0: PCIe Bus Error: severity=Correctable, type=Physical Layer, (Receiver ID)
Sep 18 10:53:50 inferswarm02 kernel: pcieport 0000:02:00.0:   device [11f8:8533] error status/mask=00000041/0000e000
Sep 18 10:53:50 inferswarm02 kernel: pcieport 0000:02:00.0:    [ 0] RxErr                  (First)
Sep 18 10:53:50 inferswarm02 kernel: pcieport 0000:02:00.0:    [ 6] BadTLP                
Sep 18 10:53:50 inferswarm02 kernel: pcieport 0000:00:1d.0: AER: Correctable error message received from 0000:02:00.0
Sep 18 10:53:50 inferswarm02 kernel: pcieport 0000:00:1d.0: AER: Correctable error message received from 0000:02:00.0
Sep 18 10:53:50 inferswarm02 kernel: pcieport 0000:02:00.0: PCIe Bus Error: severity=Correctable, type=Data Link Layer, (Receiver ID)
Sep 18 10:53:50 inferswarm02 kernel: pcieport 0000:02:00.0:   device [11f8:8533] error status/mask=00000040/0000e000
Sep 18 10:53:50 inferswarm02 kernel: pcieport 0000:02:00.0:    [ 6] BadTLP                
Sep 18 10:53:51 inferswarm02 kernel: pcieport 0000:00:1d.0: AER: Correctable error message received from 0000:02:00.0
Sep 18 10:53:51 inferswarm02 kernel: pcieport 0000:02:00.0: PCIe Bus Error: severity=Correctable, type=Physical Layer, (Receiver ID)
Sep 18 10:53:51 inferswarm02 kernel: pcieport 0000:02:00.0:   device [11f8:8533] error status/mask=00000001/0000e000
Sep 18 10:53:51 inferswarm02 kernel: pcieport 0000:02:00.0:    [ 0] RxErr                  (First)
Sep 18 10:53:51 inferswarm02 kernel: pcieport 0000:00:1d.0: AER: Multiple Correctable error message received from 0000:02:00.0
Sep 18 10:53:51 inferswarm02 kernel: pcieport 0000:02:00.0: PCIe Bus Error: severity=Correctable, type=Physical Layer, (Receiver ID)
Sep 18 10:53:51 inferswarm02 kernel: pcieport 0000:02:00.0:   device [11f8:8533] error status/mask=00000041/0000e000
Sep 18 10:53:51 inferswarm02 kernel: pcieport 0000:02:00.0:    [ 0] RxErr                  (First)
Sep 18 10:53:51 inferswarm02 kernel: pcieport 0000:02:00.0:    [ 6] BadTLP                
Sep 18 10:53:51 inferswarm02 kernel: pcieport 0000:00:1d.0: AER: Correctable error message received from 0000:02:00.0
Sep 18 10:53:51 inferswarm02 kernel: pcieport 0000:02:00.0: PCIe Bus Error: severity=Correctable, type=Physical Layer, (Receiver ID)
Sep 18 10:53:51 inferswarm02 kernel: pcieport 0000:02:00.0:   device [11f8:8533] error status/mask=00000001/0000e000
Sep 18 10:53:51 inferswarm02 kernel: pcieport 0000:02:00.0:    [ 0] RxErr                  (First)
Sep 18 10:53:51 inferswarm02 kernel: pcieport 0000:00:1d.0: AER: Correctable error message received from 0000:02:00.0
Sep 18 10:53:51 inferswarm02 kernel: pcieport 0000:02:00.0: PCIe Bus Error: severity=Correctable, type=Physical Layer, (Receiver ID)
Sep 18 10:53:51 inferswarm02 kernel: pcieport 0000:02:00.0:   device [11f8:8533] error status/mask=00000001/0000e000
Sep 18 10:53:51 inferswarm02 kernel: pcieport 0000:02:00.0:    [ 0] RxErr                  (First)
Sep 18 10:53:51 inferswarm02 kernel: pcieport 0000:00:1d.0: AER: Correctable error message received from 0000:02:00.0
Sep 18 10:53:51 inferswarm02 kernel: pcieport 0000:02:00.0: PCIe Bus Error: severity=Correctable, type=Data Link Layer, (Receiver ID)
Sep 18 10:53:51 inferswarm02 kernel: pcieport 0000:02:00.0:   device [11f8:8533] error status/mask=00000040/0000e000
Sep 18 10:53:51 inferswarm02 kernel: pcieport 0000:02:00.0:    [ 6] BadTLP                
Sep 18 10:53:55 inferswarm02 kernel: pcieport 0000:00:1d.0: AER: Correctable error message received from 0000:02:00.0
Sep 18 10:53:55 inferswarm02 kernel: pcieport 0000:02:00.0: PCIe Bus Error: severity=Correctable, type=Physical Layer, (Receiver ID)
Sep 18 10:53:55 inferswarm02 kernel: pcieport 0000:02:00.0:   device [11f8:8533] error status/mask=00000001/0000e000
Sep 18 10:53:55 inferswarm02 kernel: pcieport 0000:02:00.0:    [ 0] RxErr                  (First)
Sep 18 10:53:55 inferswarm02 kernel: pcieport 0000:00:1d.0: AER: Correctable error message received from 0000:02:00.0
Sep 18 10:53:55 inferswarm02 kernel: pcieport 0000:02:00.0: PCIe Bus Error: severity=Correctable, type=Physical Layer, (Receiver ID)
Sep 18 10:53:55 inferswarm02 kernel: pcieport 0000:02:00.0:   device [11f8:8533] error status/mask=00000001/0000e000
Sep 18 10:53:55 inferswarm02 kernel: pcieport 0000:02:00.0:    [ 0] RxErr                  (First)
Sep 18 10:53:56 inferswarm02 kernel: pcieport 0000:00:1d.0: AER: Correctable error message received from 0000:02:00.0
Sep 18 10:53:56 inferswarm02 kernel: pcieport 0000:02:00.0: PCIe Bus Error: severity=Correctable, type=Physical Layer, (Receiver ID)
Sep 18 10:53:56 inferswarm02 kernel: pcieport 0000:02:00.0:   device [11f8:8533] error status/mask=00000001/0000e000
Sep 18 10:53:56 inferswarm02 kernel: pcieport 0000:02:00.0:    [ 0] RxErr                  (First)
Sep 18 10:53:56 inferswarm02 kernel: pcieport 0000:00:1d.0: AER: Correctable error message received from 0000:02:00.0
Sep 18 10:53:56 inferswarm02 kernel: pcieport 0000:02:00.0: PCIe Bus Error: severity=Correctable, type=Physical Layer, (Receiver ID)
Sep 18 10:53:56 inferswarm02 kernel: pcieport 0000:02:00.0:   device [11f8:8533] error status/mask=00000001/0000e000
Sep 18 10:53:56 inferswarm02 kernel: pcieport 0000:02:00.0:    [ 0] RxErr                  (First)
Sep 18 10:53:56 inferswarm02 kernel: pcieport 0000:00:1d.0: AER: Correctable error message received from 0000:02:00.0
Sep 18 10:53:56 inferswarm02 kernel: pcieport 0000:02:00.0: PCIe Bus Error: severity=Correctable, type=Physical Layer, (Receiver ID)
Sep 18 10:53:56 inferswarm02 kernel: pcieport 0000:02:00.0:   device [11f8:8533] error status/mask=00000001/0000e000
Sep 18 10:53:56 inferswarm02 kernel: pcieport 0000:02:00.0:    [ 0] RxErr                  (First)
Sep 18 10:53:56 inferswarm02 kernel: pcieport 0000:00:1d.0: AER: Correctable error message received from 0000:02:00.0
Sep 18 10:53:56 inferswarm02 kernel: pcieport 0000:02:00.0: PCIe Bus Error: severity=Correctable, type=Physical Layer, (Receiver ID)
Sep 18 10:53:56 inferswarm02 kernel: pcieport 0000:02:00.0:   device [11f8:8533] error status/mask=00000001/0000e000
Sep 18 10:53:56 inferswarm02 kernel: pcieport 0000:02:00.0:    [ 0] RxErr                  (First)
Sep 18 10:53:56 inferswarm02 kernel: pcieport 0000:00:1d.0: AER: Correctable error message received from 0000:02:00.0
Sep 18 10:53:56 inferswarm02 kernel: pcieport 0000:02:00.0: PCIe Bus Error: severity=Correctable, type=Physical Layer, (Receiver ID)
Sep 18 10:53:56 inferswarm02 kernel: pcieport 0000:02:00.0:   device [11f8:8533] error status/mask=00000001/0000e000
Sep 18 10:53:56 inferswarm02 kernel: pcieport 0000:02:00.0:    [ 0] RxErr                  (First)
Sep 18 10:53:56 inferswarm02 kernel: pcieport 0000:00:1d.0: AER: Correctable error message received from 0000:02:00.0
Sep 18 10:53:56 inferswarm02 kernel: pcieport 0000:02:00.0: PCIe Bus Error: severity=Correctable, type=Physical Layer, (Receiver ID)
Sep 18 10:53:56 inferswarm02 kernel: pcieport 0000:02:00.0:   device [11f8:8533] error status/mask=00000001/0000e000
Sep 18 10:53:56 inferswarm02 kernel: pcieport 0000:02:00.0:    [ 0] RxErr                  (First)
Sep 18 10:53:56 inferswarm02 kernel: pcieport 0000:00:1d.0: AER: Correctable error message received from 0000:02:00.0
Sep 18 10:53:56 inferswarm02 kernel: pcieport 0000:02:00.0: PCIe Bus Error: severity=Correctable, type=Physical Layer, (Receiver ID)
Sep 18 10:53:56 inferswarm02 kernel: pcieport 0000:02:00.0:   device [11f8:8533] error status/mask=00000001/0000e000
Sep 18 10:53:56 inferswarm02 kernel: pcieport 0000:02:00.0:    [ 0] RxErr                  (First)
Sep 18 10:53:56 inferswarm02 kernel: pcieport 0000:00:1d.0: AER: Correctable error message received from 0000:02:00.0
Sep 18 10:53:56 inferswarm02 kernel: pcieport 0000:02:00.0: PCIe Bus Error: severity=Correctable, type=Physical Layer, (Receiver ID)
Sep 18 10:53:56 inferswarm02 kernel: pcieport 0000:02:00.0:   device [11f8:8533] error status/mask=00000001/0000e000
Sep 18 10:53:56 inferswarm02 kernel: pcieport 0000:02:00.0:    [ 0] RxErr                  (First)
Sep 18 10:54:00 inferswarm02 kernel: pcieport 0000:00:1d.0: AER: Correctable error message received from 0000:02:00.0
Sep 18 10:54:00 inferswarm02 kernel: pcieport 0000:02:00.0: PCIe Bus Error: severity=Correctable, type=Physical Layer, (Receiver ID)
Sep 18 10:54:00 inferswarm02 kernel: pcieport 0000:02:00.0:   device [11f8:8533] error status/mask=00000001/0000e000
Sep 18 10:54:00 inferswarm02 kernel: pcieport 0000:02:00.0:    [ 0] RxErr                  (First)
Sep 18 10:54:00 inferswarm02 kernel: pcieport 0000:00:1d.0: AER: Correctable error message received from 0000:02:00.0
Sep 18 10:54:00 inferswarm02 kernel: pcieport 0000:02:00.0: PCIe Bus Error: severity=Correctable, type=Physical Layer, (Receiver ID)
Sep 18 10:54:00 inferswarm02 kernel: pcieport 0000:02:00.0:   device [11f8:8533] error status/mask=00000001/0000e000
Sep 18 10:54:00 inferswarm02 kernel: pcieport 0000:02:00.0:    [ 0] RxErr                  (First)
Sep 18 10:54:00 inferswarm02 kernel: pcieport 0000:00:1d.0: AER: Correctable error message received from 0000:02:00.0
Sep 18 10:54:00 inferswarm02 kernel: pcieport 0000:02:00.0: PCIe Bus Error: severity=Correctable, type=Physical Layer, (Receiver ID)
Sep 18 10:54:00 inferswarm02 kernel: pcieport 0000:02:00.0:   device [11f8:8533] error status/mask=00000001/0000e000
Sep 18 10:54:00 inferswarm02 kernel: pcieport 0000:02:00.0:    [ 0] RxErr                  (First)
Sep 18 10:54:01 inferswarm02 kernel: pcieport 0000:00:1d.0: AER: Correctable error message received from 0000:02:00.0
Sep 18 10:54:01 inferswarm02 kernel: pcieport 0000:02:00.0: PCIe Bus Error: severity=Correctable, type=Physical Layer, (Receiver ID)
Sep 18 10:54:01 inferswarm02 kernel: pcieport 0000:02:00.0:   device [11f8:8533] error status/mask=00000001/0000e000
Sep 18 10:54:01 inferswarm02 kernel: pcieport 0000:02:00.0:    [ 0] RxErr                  (First)
Sep 18 10:54:01 inferswarm02 kernel: pcieport 0000:00:1d.0: AER: Correctable error message received from 0000:02:00.0
Sep 18 10:54:01 inferswarm02 kernel: pcieport 0000:02:00.0: PCIe Bus Error: severity=Correctable, type=Physical Layer, (Receiver ID)
Sep 18 10:54:01 inferswarm02 kernel: pcieport 0000:02:00.0:   device [11f8:8533] error status/mask=00000001/0000e000
Sep 18 10:54:01 inferswarm02 kernel: pcieport 0000:02:00.0:    [ 0] RxErr                  (First)
Sep 18 10:54:01 inferswarm02 kernel: pcieport 0000:00:1d.0: AER: Correctable error message received from 0000:02:00.0
Sep 18 10:54:01 inferswarm02 kernel: pcieport 0000:02:00.0: PCIe Bus Error: severity=Correctable, type=Physical Layer, (Receiver ID)
Sep 18 10:54:01 inferswarm02 kernel: pcieport 0000:02:00.0:   device [11f8:8533] error status/mask=00000001/0000e000
Sep 18 10:54:01 inferswarm02 kernel: pcieport 0000:02:00.0:    [ 0] RxErr                  (First)
Sep 18 10:54:01 inferswarm02 kernel: pcieport 0000:00:1d.0: AER: Correctable error message received from 0000:02:00.0
Sep 18 10:54:01 inferswarm02 kernel: pcieport 0000:02:00.0: PCIe Bus Error: severity=Correctable, type=Physical Layer, (Receiver ID)
Sep 18 10:54:01 inferswarm02 kernel: pcieport 0000:02:00.0:   device [11f8:8533] error status/mask=00000001/0000e000
Sep 18 10:54:01 inferswarm02 kernel: pcieport 0000:02:00.0:    [ 0] RxErr                  (First)
Sep 18 10:54:01 inferswarm02 kernel: pcieport 0000:00:1d.0: AER: Correctable error message received from 0000:02:00.0
Sep 18 10:54:01 inferswarm02 kernel: pcieport 0000:02:00.0: PCIe Bus Error: severity=Correctable, type=Physical Layer, (Receiver ID)
Sep 18 10:54:01 inferswarm02 kernel: pcieport 0000:02:00.0:   device [11f8:8533] error status/mask=00000001/0000e000
Sep 18 10:54:01 inferswarm02 kernel: pcieport 0000:02:00.0:    [ 0] RxErr                  (First)
Sep 18 10:54:01 inferswarm02 kernel: pcieport 0000:00:1d.0: AER: Correctable error message received from 0000:02:00.0
Sep 18 10:54:01 inferswarm02 kernel: pcieport 0000:02:00.0: PCIe Bus Error: severity=Correctable, type=Physical Layer, (Receiver ID)
Sep 18 10:54:01 inferswarm02 kernel: pcieport 0000:02:00.0:   device [11f8:8533] error status/mask=00000001/0000e000
Sep 18 10:54:01 inferswarm02 kernel: pcieport 0000:02:00.0:    [ 0] RxErr                  (First)
Sep 18 10:54:01 inferswarm02 kernel: pcieport 0000:00:1d.0: AER: Correctable error message received from 0000:02:00.0
Sep 18 10:54:01 inferswarm02 kernel: pcieport 0000:02:00.0: PCIe Bus Error: severity=Correctable, type=Physical Layer, (Receiver ID)
Sep 18 10:54:01 inferswarm02 kernel: pcieport 0000:02:00.0:   device [11f8:8533] error status/mask=00000001/0000e000
Sep 18 10:54:01 inferswarm02 kernel: pcieport 0000:02:00.0:    [ 0] RxErr                  (First)
Sep 18 10:54:06 inferswarm02 kernel: pcieport 0000:00:1d.0: AER: Correctable error message received from 0000:02:00.0
Sep 18 10:54:06 inferswarm02 kernel: pcieport 0000:02:00.0: PCIe Bus Error: severity=Correctable, type=Physical Layer, (Receiver ID)
Sep 18 10:54:06 inferswarm02 kernel: pcieport 0000:02:00.0:   device [11f8:8533] error status/mask=00000001/0000e000
Sep 18 10:54:06 inferswarm02 kernel: pcieport 0000:02:00.0:    [ 0] RxErr                  (First)
Sep 18 10:54:06 inferswarm02 kernel: pcieport 0000:00:1d.0: AER: Correctable error message received from 0000:02:00.0
Sep 18 10:54:06 inferswarm02 kernel: pcieport 0000:02:00.0: PCIe Bus Error: severity=Correctable, type=Physical Layer, (Receiver ID)
Sep 18 10:54:06 inferswarm02 kernel: pcieport 0000:02:00.0:   device [11f8:8533] error status/mask=00000001/0000e000
Sep 18 10:54:06 inferswarm02 kernel: pcieport 0000:02:00.0:    [ 0] RxErr                  (First)
Sep 18 10:54:06 inferswarm02 kernel: pcieport 0000:00:1d.0: AER: Correctable error message received from 0000:02:00.0
Sep 18 10:54:06 inferswarm02 kernel: pcieport 0000:02:00.0: PCIe Bus Error: severity=Correctable, type=Physical Layer, (Receiver ID)
Sep 18 10:54:06 inferswarm02 kernel: pcieport 0000:02:00.0:   device [11f8:8533] error status/mask=00000001/0000e000
Sep 18 10:54:06 inferswarm02 kernel: pcieport 0000:02:00.0:    [ 0] RxErr                  (First)
Sep 18 10:54:06 inferswarm02 kernel: pcieport 0000:00:1d.0: AER: Correctable error message received from 0000:02:00.0
Sep 18 10:54:06 inferswarm02 kernel: pcieport 0000:02:00.0: PCIe Bus Error: severity=Correctable, type=Physical Layer, (Receiver ID)
Sep 18 10:54:06 inferswarm02 kernel: pcieport 0000:02:00.0:   device [11f8:8533] error status/mask=00000001/0000e000
Sep 18 10:54:06 inferswarm02 kernel: pcieport 0000:02:00.0:    [ 0] RxErr                  (First)
Sep 18 10:54:06 inferswarm02 kernel: pcieport 0000:00:1d.0: AER: Correctable error message received from 0000:02:00.0
Sep 18 10:54:06 inferswarm02 kernel: pcieport 0000:02:00.0: PCIe Bus Error: severity=Correctable, type=Physical Layer, (Receiver ID)
Sep 18 10:54:06 inferswarm02 kernel: pcieport 0000:02:00.0:   device [11f8:8533] error status/mask=00000001/0000e000
Sep 18 10:54:06 inferswarm02 kernel: pcieport 0000:02:00.0:    [ 0] RxErr                  (First)
Sep 18 10:54:06 inferswarm02 kernel: pcieport 0000:00:1d.0: AER: Correctable error message received from 0000:02:00.0
Sep 18 10:54:06 inferswarm02 kernel: pcieport 0000:02:00.0: PCIe Bus Error: severity=Correctable, type=Physical Layer, (Receiver ID)
Sep 18 10:54:06 inferswarm02 kernel: pcieport 0000:02:00.0:   device [11f8:8533] error status/mask=00000001/0000e000
Sep 18 10:54:06 inferswarm02 kernel: pcieport 0000:02:00.0:    [ 0] RxErr                  (First)
Sep 18 10:54:06 inferswarm02 kernel: pcieport 0000:00:1d.0: AER: Correctable error message received from 0000:02:00.0
Sep 18 10:54:06 inferswarm02 kernel: pcieport 0000:02:00.0: PCIe Bus Error: severity=Correctable, type=Physical Layer, (Receiver ID)
Sep 18 10:54:06 inferswarm02 kernel: pcieport 0000:02:00.0:   device [11f8:8533] error status/mask=00000001/0000e000
Sep 18 10:54:06 inferswarm02 kernel: pcieport 0000:02:00.0:    [ 0] RxErr                  (First)
Sep 18 10:54:06 inferswarm02 kernel: pcieport 0000:00:1d.0: AER: Correctable error message received from 0000:02:00.0
Sep 18 10:54:06 inferswarm02 kernel: pcieport 0000:02:00.0: PCIe Bus Error: severity=Correctable, type=Physical Layer, (Receiver ID)
Sep 18 10:54:06 inferswarm02 kernel: pcieport 0000:02:00.0:   device [11f8:8533] error status/mask=00000001/0000e000
Sep 18 10:54:06 inferswarm02 kernel: pcieport 0000:02:00.0:    [ 0] RxErr                  (First)
Sep 18 10:54:06 inferswarm02 kernel: pcieport 0000:00:1d.0: AER: Correctable error message received from 0000:02:00.0
Sep 18 10:54:06 inferswarm02 kernel: pcieport 0000:02:00.0: PCIe Bus Error: severity=Correctable, type=Physical Layer, (Receiver ID)
Sep 18 10:54:06 inferswarm02 kernel: pcieport 0000:02:00.0:   device [11f8:8533] error status/mask=00000001/0000e000
Sep 18 10:54:06 inferswarm02 kernel: pcieport 0000:02:00.0:    [ 0] RxErr                  (First)
Sep 18 10:54:06 inferswarm02 kernel: pcieport 0000:00:1d.0: AER: Correctable error message received from 0000:02:00.0
Sep 18 10:54:06 inferswarm02 kernel: pcieport 0000:02:00.0: PCIe Bus Error: severity=Correctable, type=Physical Layer, (Receiver ID)
Sep 18 10:54:06 inferswarm02 kernel: pcieport 0000:02:00.0:   device [11f8:8533] error status/mask=00000001/0000e000
Sep 18 10:54:06 inferswarm02 kernel: pcieport 0000:02:00.0:    [ 0] RxErr                  (First)
Sep 18 10:54:11 inferswarm02 kernel: pcieport 0000:00:1d.0: AER: Correctable error message received from 0000:02:00.0
Sep 18 10:54:11 inferswarm02 kernel: pcieport 0000:02:00.0: PCIe Bus Error: severity=Correctable, type=Physical Layer, (Receiver ID)
Sep 18 10:54:11 inferswarm02 kernel: pcieport 0000:02:00.0:   device [11f8:8533] error status/mask=00000001/0000e000
Sep 18 10:54:11 inferswarm02 kernel: pcieport 0000:02:00.0:    [ 0] RxErr                  (First)
Sep 18 10:54:11 inferswarm02 kernel: pcieport 0000:00:1d.0: AER: Correctable error message received from 0000:02:00.0
Sep 18 10:54:11 inferswarm02 kernel: pcieport 0000:02:00.0: PCIe Bus Error: severity=Correctable, type=Physical Layer, (Receiver ID)
Sep 18 10:54:11 inferswarm02 kernel: pcieport 0000:02:00.0:   device [11f8:8533] error status/mask=00000001/0000e000
Sep 18 10:54:11 inferswarm02 kernel: pcieport 0000:02:00.0:    [ 0] RxErr                  (First)
Sep 18 10:54:11 inferswarm02 kernel: pcieport 0000:00:1d.0: AER: Correctable error message received from 0000:02:00.0
Sep 18 10:54:11 inferswarm02 kernel: pcieport 0000:02:00.0: PCIe Bus Error: severity=Correctable, type=Physical Layer, (Receiver ID)
Sep 18 10:54:11 inferswarm02 kernel: pcieport 0000:02:00.0:   device [11f8:8533] error status/mask=00000001/0000e000
Sep 18 10:54:11 inferswarm02 kernel: pcieport 0000:02:00.0:    [ 0] RxErr                  (First)
Sep 18 10:54:11 inferswarm02 kernel: pcieport 0000:00:1d.0: AER: Correctable error message received from 0000:02:00.0
Sep 18 10:54:11 inferswarm02 kernel: pcieport 0000:02:00.0: PCIe Bus Error: severity=Correctable, type=Physical Layer, (Receiver ID)
Sep 18 10:54:11 inferswarm02 kernel: pcieport 0000:02:00.0:   device [11f8:8533] error status/mask=00000001/0000e000
Sep 18 10:54:11 inferswarm02 kernel: pcieport 0000:02:00.0:    [ 0] RxErr                  (First)
Sep 18 10:54:11 inferswarm02 kernel: pcieport 0000:00:1d.0: AER: Correctable error message received from 0000:02:00.0
Sep 18 10:54:11 inferswarm02 kernel: pcieport 0000:02:00.0: PCIe Bus Error: severity=Correctable, type=Physical Layer, (Receiver ID)
Sep 18 10:54:11 inferswarm02 kernel: pcieport 0000:02:00.0:   device [11f8:8533] error status/mask=00000001/0000e000
Sep 18 10:54:11 inferswarm02 kernel: pcieport 0000:02:00.0:    [ 0] RxErr                  (First)
Sep 18 10:54:11 inferswarm02 kernel: pcieport 0000:00:1d.0: AER: Correctable error message received from 0000:02:00.0
Sep 18 10:54:11 inferswarm02 kernel: pcieport 0000:02:00.0: PCIe Bus Error: severity=Correctable, type=Physical Layer, (Receiver ID)
Sep 18 10:54:11 inferswarm02 kernel: pcieport 0000:02:00.0:   device [11f8:8533] error status/mask=00000001/0000e000
Sep 18 10:54:11 inferswarm02 kernel: pcieport 0000:02:00.0:    [ 0] RxErr                  (First)
Sep 18 10:54:11 inferswarm02 kernel: pcieport 0000:00:1d.0: AER: Correctable error message received from 0000:02:00.0
Sep 18 10:54:11 inferswarm02 kernel: pcieport 0000:02:00.0: PCIe Bus Error: severity=Correctable, type=Physical Layer, (Receiver ID)
Sep 18 10:54:11 inferswarm02 kernel: pcieport 0000:02:00.0:   device [11f8:8533] error status/mask=00000001/0000e000
Sep 18 10:54:11 inferswarm02 kernel: pcieport 0000:02:00.0:    [ 0] RxErr                  (First)
Sep 18 10:54:11 inferswarm02 kernel: pcieport 0000:00:1d.0: AER: Correctable error message received from 0000:02:00.0
Sep 18 10:54:11 inferswarm02 kernel: pcieport 0000:02:00.0: PCIe Bus Error: severity=Correctable, type=Physical Layer, (Receiver ID)
Sep 18 10:54:11 inferswarm02 kernel: pcieport 0000:02:00.0:   device [11f8:8533] error status/mask=00000001/0000e000
Sep 18 10:54:11 inferswarm02 kernel: pcieport 0000:02:00.0:    [ 0] RxErr                  (First)
Sep 18 10:54:11 inferswarm02 kernel: pcieport 0000:00:1d.0: AER: Correctable error message received from 0000:02:00.0
Sep 18 10:54:11 inferswarm02 kernel: pcieport 0000:02:00.0: PCIe Bus Error: severity=Correctable, type=Physical Layer, (Receiver ID)
Sep 18 10:54:11 inferswarm02 kernel: pcieport 0000:02:00.0:   device [11f8:8533] error status/mask=00000001/0000e000
Sep 18 10:54:11 inferswarm02 kernel: pcieport 0000:02:00.0:    [ 0] RxErr                  (First)
Sep 18 10:54:11 inferswarm02 kernel: pcieport 0000:00:1d.0: AER: Correctable error message received from 0000:02:00.0
Sep 18 10:54:11 inferswarm02 kernel: pcieport 0000:02:00.0: PCIe Bus Error: severity=Correctable, type=Physical Layer, (Receiver ID)
Sep 18 10:54:11 inferswarm02 kernel: pcieport 0000:02:00.0:   device [11f8:8533] error status/mask=00000001/0000e000
Sep 18 10:54:11 inferswarm02 kernel: pcieport 0000:02:00.0:    [ 0] RxErr                  (First)
Sep 18 10:54:16 inferswarm02 kernel: pcieport 0000:00:1d.0: AER: Correctable error message received from 0000:02:00.0
Sep 18 10:54:16 inferswarm02 kernel: pcieport 0000:02:00.0: PCIe Bus Error: severity=Correctable, type=Physical Layer, (Receiver ID)
Sep 18 10:54:16 inferswarm02 kernel: pcieport 0000:02:00.0:   device [11f8:8533] error status/mask=00000001/0000e000
Sep 18 10:54:16 inferswarm02 kernel: pcieport 0000:02:00.0:    [ 0] RxErr                  (First)
Sep 18 10:54:16 inferswarm02 kernel: pcieport 0000:00:1d.0: AER: Correctable error message received from 0000:02:00.0
Sep 18 10:54:16 inferswarm02 kernel: pcieport 0000:02:00.0: PCIe Bus Error: severity=Correctable, type=Physical Layer, (Receiver ID)
Sep 18 10:54:16 inferswarm02 kernel: pcieport 0000:02:00.0:   device [11f8:8533] error status/mask=00000001/0000e000
Sep 18 10:54:16 inferswarm02 kernel: pcieport 0000:02:00.0:    [ 0] RxErr                  (First)
Sep 18 10:54:16 inferswarm02 kernel: pcieport 0000:00:1d.0: AER: Correctable error message received from 0000:02:00.0
Sep 18 10:54:16 inferswarm02 kernel: pcieport 0000:02:00.0: PCIe Bus Error: severity=Correctable, type=Physical Layer, (Receiver ID)
Sep 18 10:54:16 inferswarm02 kernel: pcieport 0000:02:00.0:   device [11f8:8533] error status/mask=00000001/0000e000
Sep 18 10:54:16 inferswarm02 kernel: pcieport 0000:02:00.0:    [ 0] RxErr                  (First)
Sep 18 10:54:16 inferswarm02 kernel: pcieport 0000:00:1d.0: AER: Correctable error message received from 0000:02:00.0
Sep 18 10:54:16 inferswarm02 kernel: pcieport 0000:02:00.0: PCIe Bus Error: severity=Correctable, type=Physical Layer, (Receiver ID)
Sep 18 10:54:16 inferswarm02 kernel: pcieport 0000:02:00.0:   device [11f8:8533] error status/mask=00000001/0000e000
Sep 18 10:54:16 inferswarm02 kernel: pcieport 0000:02:00.0:    [ 0] RxErr                  (First)
Sep 18 10:54:16 inferswarm02 kernel: pcieport 0000:00:1d.0: AER: Correctable error message received from 0000:02:00.0
Sep 18 10:54:16 inferswarm02 kernel: pcieport 0000:02:00.0: PCIe Bus Error: severity=Correctable, type=Physical Layer, (Receiver ID)
Sep 18 10:54:16 inferswarm02 kernel: pcieport 0000:02:00.0:   device [11f8:8533] error status/mask=00000001/0000e000
Sep 18 10:54:16 inferswarm02 kernel: pcieport 0000:02:00.0:    [ 0] RxErr                  (First)
Sep 18 10:54:16 inferswarm02 kernel: pcieport 0000:00:1d.0: AER: Correctable error message received from 0000:02:00.0
Sep 18 10:54:16 inferswarm02 kernel: pcieport 0000:02:00.0: PCIe Bus Error: severity=Correctable, type=Physical Layer, (Receiver ID)
Sep 18 10:54:16 inferswarm02 kernel: pcieport 0000:02:00.0:   device [11f8:8533] error status/mask=00000001/0000e000
Sep 18 10:54:16 inferswarm02 kernel: pcieport 0000:02:00.0:    [ 0] RxErr                  (First)
Sep 18 10:54:16 inferswarm02 kernel: pcieport 0000:00:1d.0: AER: Correctable error message received from 0000:02:00.0
Sep 18 10:54:16 inferswarm02 kernel: pcieport 0000:02:00.0: PCIe Bus Error: severity=Correctable, type=Physical Layer, (Receiver ID)
Sep 18 10:54:16 inferswarm02 kernel: pcieport 0000:02:00.0:   device [11f8:8533] error status/mask=00000001/0000e000
Sep 18 10:54:16 inferswarm02 kernel: pcieport 0000:02:00.0:    [ 0] RxErr                  (First)
Sep 18 10:54:16 inferswarm02 kernel: pcieport 0000:00:1d.0: AER: Correctable error message received from 0000:02:00.0
Sep 18 10:54:16 inferswarm02 kernel: pcieport 0000:02:00.0: PCIe Bus Error: severity=Correctable, type=Physical Layer, (Receiver ID)
Sep 18 10:54:16 inferswarm02 kernel: pcieport 0000:02:00.0:   device [11f8:8533] error status/mask=00000001/0000e000
Sep 18 10:54:16 inferswarm02 kernel: pcieport 0000:02:00.0:    [ 0] RxErr                  (First)
Sep 18 10:54:16 inferswarm02 kernel: pcieport 0000:00:1d.0: AER: Correctable error message received from 0000:02:00.0
Sep 18 10:54:16 inferswarm02 kernel: pcieport 0000:02:00.0: PCIe Bus Error: severity=Correctable, type=Physical Layer, (Receiver ID)
Sep 18 10:54:16 inferswarm02 kernel: pcieport 0000:02:00.0:   device [11f8:8533] error status/mask=00000001/0000e000
Sep 18 10:54:16 inferswarm02 kernel: pcieport 0000:02:00.0:    [ 0] RxErr                  (First)
Sep 18 10:54:16 inferswarm02 kernel: pcieport 0000:00:1d.0: AER: Correctable error message received from 0000:02:00.0
Sep 18 10:54:16 inferswarm02 kernel: pcieport 0000:02:00.0: PCIe Bus Error: severity=Correctable, type=Physical Layer, (Receiver ID)
Sep 18 10:54:16 inferswarm02 kernel: pcieport 0000:02:00.0:   device [11f8:8533] error status/mask=00000001/0000e000
Sep 18 10:54:16 inferswarm02 kernel: pcieport 0000:02:00.0:    [ 0] RxErr                  (First)
Sep 18 10:54:21 inferswarm02 kernel: pcieport 0000:00:1d.0: AER: Correctable error message received from 0000:02:00.0
Sep 18 10:54:21 inferswarm02 kernel: pcieport 0000:02:00.0: PCIe Bus Error: severity=Correctable, type=Physical Layer, (Receiver ID)
Sep 18 10:54:21 inferswarm02 kernel: pcieport 0000:02:00.0:   device [11f8:8533] error status/mask=00000001/0000e000
Sep 18 10:54:21 inferswarm02 kernel: pcieport 0000:02:00.0:    [ 0] RxErr                  (First)
Sep 18 10:54:21 inferswarm02 kernel: pcieport 0000:00:1d.0: AER: Correctable error message received from 0000:02:00.0
Sep 18 10:54:21 inferswarm02 kernel: pcieport 0000:02:00.0: PCIe Bus Error: severity=Correctable, type=Physical Layer, (Receiver ID)
Sep 18 10:54:21 inferswarm02 kernel: pcieport 0000:02:00.0:   device [11f8:8533] error status/mask=00000001/0000e000
Sep 18 10:54:21 inferswarm02 kernel: pcieport 0000:02:00.0:    [ 0] RxErr                  (First)
Sep 18 10:54:21 inferswarm02 kernel: pcieport 0000:00:1d.0: AER: Correctable error message received from 0000:02:00.0
Sep 18 10:54:21 inferswarm02 kernel: pcieport 0000:02:00.0: PCIe Bus Error: severity=Correctable, type=Physical Layer, (Receiver ID)
Sep 18 10:54:21 inferswarm02 kernel: pcieport 0000:02:00.0:   device [11f8:8533] error status/mask=00000001/0000e000
Sep 18 10:54:21 inferswarm02 kernel: pcieport 0000:02:00.0:    [ 0] RxErr                  (First)
Sep 18 10:54:21 inferswarm02 kernel: pcieport 0000:00:1d.0: AER: Correctable error message received from 0000:02:00.0
Sep 18 10:54:21 inferswarm02 kernel: pcieport 0000:02:00.0: PCIe Bus Error: severity=Correctable, type=Physical Layer, (Receiver ID)
Sep 18 10:54:21 inferswarm02 kernel: pcieport 0000:02:00.0:   device [11f8:8533] error status/mask=00000001/0000e000
Sep 18 10:54:21 inferswarm02 kernel: pcieport 0000:02:00.0:    [ 0] RxErr                  (First)
Sep 18 10:54:21 inferswarm02 kernel: pcieport 0000:00:1d.0: AER: Correctable error message received from 0000:02:00.0
Sep 18 10:54:21 inferswarm02 kernel: pcieport 0000:02:00.0: PCIe Bus Error: severity=Correctable, type=Physical Layer, (Receiver ID)
Sep 18 10:54:21 inferswarm02 kernel: pcieport 0000:02:00.0:   device [11f8:8533] error status/mask=00000001/0000e000
Sep 18 10:54:21 inferswarm02 kernel: pcieport 0000:02:00.0:    [ 0] RxErr                  (First)
Sep 18 10:54:21 inferswarm02 kernel: pcieport 0000:00:1d.0: AER: Correctable error message received from 0000:02:00.0
Sep 18 10:54:21 inferswarm02 kernel: pcieport 0000:02:00.0: PCIe Bus Error: severity=Correctable, type=Physical Layer, (Receiver ID)
Sep 18 10:54:21 inferswarm02 kernel: pcieport 0000:02:00.0:   device [11f8:8533] error status/mask=00000001/0000e000
Sep 18 10:54:21 inferswarm02 kernel: pcieport 0000:02:00.0:    [ 0] RxErr                  (First)
Sep 18 10:54:21 inferswarm02 kernel: pcieport 0000:00:1d.0: AER: Correctable error message received from 0000:02:00.0
Sep 18 10:54:21 inferswarm02 kernel: pcieport 0000:02:00.0: PCIe Bus Error: severity=Correctable, type=Physical Layer, (Receiver ID)
Sep 18 10:54:21 inferswarm02 kernel: pcieport 0000:02:00.0:   device [11f8:8533] error status/mask=00000001/0000e000
Sep 18 10:54:21 inferswarm02 kernel: pcieport 0000:02:00.0:    [ 0] RxErr                  (First)
Sep 18 10:54:21 inferswarm02 kernel: pcieport 0000:00:1d.0: AER: Correctable error message received from 0000:02:00.0
Sep 18 10:54:21 inferswarm02 kernel: pcieport 0000:02:00.0: PCIe Bus Error: severity=Correctable, type=Physical Layer, (Receiver ID)
Sep 18 10:54:21 inferswarm02 kernel: pcieport 0000:02:00.0:   device [11f8:8533] error status/mask=00000001/0000e000
Sep 18 10:54:21 inferswarm02 kernel: pcieport 0000:02:00.0:    [ 0] RxErr                  (First)
Sep 18 10:54:21 inferswarm02 kernel: pcieport 0000:00:1d.0: AER: Correctable error message received from 0000:02:00.0
Sep 18 10:54:21 inferswarm02 kernel: pcieport 0000:02:00.0: PCIe Bus Error: severity=Correctable, type=Physical Layer, (Receiver ID)
Sep 18 10:54:21 inferswarm02 kernel: pcieport 0000:02:00.0:   device [11f8:8533] error status/mask=00000001/0000e000
Sep 18 10:54:21 inferswarm02 kernel: pcieport 0000:02:00.0:    [ 0] RxErr                  (First)
Sep 18 10:54:21 inferswarm02 kernel: pcieport 0000:00:1d.0: AER: Correctable error message received from 0000:02:00.0
Sep 18 10:54:21 inferswarm02 kernel: pcieport 0000:02:00.0: PCIe Bus Error: severity=Correctable, type=Physical Layer, (Receiver ID)
Sep 18 10:54:21 inferswarm02 kernel: pcieport 0000:02:00.0:   device [11f8:8533] error status/mask=00000001/0000e000
Sep 18 10:54:21 inferswarm02 kernel: pcieport 0000:02:00.0:    [ 0] RxErr                  (First)
Sep 18 10:54:26 inferswarm02 kernel: pcieport 0000:00:1d.0: AER: Correctable error message received from 0000:02:00.0
Sep 18 10:54:26 inferswarm02 kernel: pcieport 0000:02:00.0: PCIe Bus Error: severity=Correctable, type=Physical Layer, (Receiver ID)
Sep 18 10:54:26 inferswarm02 kernel: pcieport 0000:02:00.0:   device [11f8:8533] error status/mask=00000001/0000e000
Sep 18 10:54:26 inferswarm02 kernel: pcieport 0000:02:00.0:    [ 0] RxErr                  (First)
Sep 18 10:54:26 inferswarm02 kernel: pcieport 0000:00:1d.0: AER: Correctable error message received from 0000:02:00.0
Sep 18 10:54:26 inferswarm02 kernel: pcieport 0000:02:00.0: PCIe Bus Error: severity=Correctable, type=Physical Layer, (Receiver ID)
Sep 18 10:54:26 inferswarm02 kernel: pcieport 0000:02:00.0:   device [11f8:8533] error status/mask=00000001/0000e000
Sep 18 10:54:26 inferswarm02 kernel: pcieport 0000:02:00.0:    [ 0] RxErr                  (First)
Sep 18 10:54:26 inferswarm02 kernel: pcieport 0000:00:1d.0: AER: Correctable error message received from 0000:02:00.0
Sep 18 10:54:26 inferswarm02 kernel: pcieport 0000:02:00.0: PCIe Bus Error: severity=Correctable, type=Physical Layer, (Receiver ID)
Sep 18 10:54:26 inferswarm02 kernel: pcieport 0000:02:00.0:   device [11f8:8533] error status/mask=00000001/0000e000
Sep 18 10:54:26 inferswarm02 kernel: pcieport 0000:02:00.0:    [ 0] RxErr                  (First)
Sep 18 10:54:26 inferswarm02 kernel: pcieport 0000:00:1d.0: AER: Correctable error message received from 0000:02:00.0
Sep 18 10:54:26 inferswarm02 kernel: pcieport 0000:02:00.0: PCIe Bus Error: severity=Correctable, type=Physical Layer, (Receiver ID)
Sep 18 10:54:26 inferswarm02 kernel: pcieport 0000:02:00.0:   device [11f8:8533] error status/mask=00000001/0000e000
Sep 18 10:54:26 inferswarm02 kernel: pcieport 0000:02:00.0:    [ 0] RxErr                  (First)
Sep 18 10:54:26 inferswarm02 kernel: pcieport 0000:00:1d.0: AER: Correctable error message received from 0000:02:00.0
Sep 18 10:54:26 inferswarm02 kernel: pcieport 0000:02:00.0: PCIe Bus Error: severity=Correctable, type=Physical Layer, (Receiver ID)
Sep 18 10:54:26 inferswarm02 kernel: pcieport 0000:02:00.0:   device [11f8:8533] error status/mask=00000001/0000e000
Sep 18 10:54:26 inferswarm02 kernel: pcieport 0000:02:00.0:    [ 0] RxErr                  (First)
Sep 18 10:54:26 inferswarm02 kernel: pcieport 0000:00:1d.0: AER: Correctable error message received from 0000:02:00.0
Sep 18 10:54:26 inferswarm02 kernel: pcieport 0000:02:00.0: PCIe Bus Error: severity=Correctable, type=Physical Layer, (Receiver ID)
Sep 18 10:54:26 inferswarm02 kernel: pcieport 0000:02:00.0:   device [11f8:8533] error status/mask=00000001/0000e000
Sep 18 10:54:26 inferswarm02 kernel: pcieport 0000:02:00.0:    [ 0] RxErr                  (First)
Sep 18 10:54:26 inferswarm02 kernel: pcieport 0000:00:1d.0: AER: Correctable error message received from 0000:02:00.0
Sep 18 10:54:26 inferswarm02 kernel: pcieport 0000:02:00.0: PCIe Bus Error: severity=Correctable, type=Physical Layer, (Receiver ID)
Sep 18 10:54:26 inferswarm02 kernel: pcieport 0000:02:00.0:   device [11f8:8533] error status/mask=00000001/0000e000
Sep 18 10:54:26 inferswarm02 kernel: pcieport 0000:02:00.0:    [ 0] RxErr                  (First)
Sep 18 10:54:26 inferswarm02 kernel: pcieport 0000:00:1d.0: AER: Correctable error message received from 0000:02:00.0
Sep 18 10:54:26 inferswarm02 kernel: pcieport 0000:02:00.0: PCIe Bus Error: severity=Correctable, type=Physical Layer, (Receiver ID)
Sep 18 10:54:26 inferswarm02 kernel: pcieport 0000:02:00.0:   device [11f8:8533] error status/mask=00000001/0000e000
Sep 18 10:54:26 inferswarm02 kernel: pcieport 0000:02:00.0:    [ 0] RxErr                  (First)
Sep 18 10:54:26 inferswarm02 kernel: pcieport 0000:00:1d.0: AER: Correctable error message received from 0000:02:00.0
Sep 18 10:54:26 inferswarm02 kernel: pcieport 0000:02:00.0: PCIe Bus Error: severity=Correctable, type=Physical Layer, (Receiver ID)
Sep 18 10:54:26 inferswarm02 kernel: pcieport 0000:02:00.0:   device [11f8:8533] error status/mask=00000001/0000e000
Sep 18 10:54:26 inferswarm02 kernel: pcieport 0000:02:00.0:    [ 0] RxErr                  (First)
Sep 18 10:54:26 inferswarm02 kernel: pcieport 0000:00:1d.0: AER: Correctable error message received from 0000:02:00.0
Sep 18 10:54:26 inferswarm02 kernel: pcieport 0000:02:00.0: PCIe Bus Error: severity=Correctable, type=Physical Layer, (Receiver ID)
Sep 18 10:54:26 inferswarm02 kernel: pcieport 0000:02:00.0:   device [11f8:8533] error status/mask=00000001/0000e000
Sep 18 10:54:26 inferswarm02 kernel: pcieport 0000:02:00.0:    [ 0] RxErr                  (First)
