ggml_cuda_init: found 1 CUDA devices (Total VRAM: 11907 MiB):
  Device 0: NVIDIA GeForce RTX 3060, compute capability 8.6, VMM: yes, VRAM: 11907 MiB
Starting RPC server v6.0.0
  endpoint       : 127.0.0.1:50054
  local cache    : n/a
Devices:
  CUDA0: NVIDIA GeForce RTX 3060 (11907 MiB, 11794 MiB free)
  transport      : TCP
Accepted client connection
Client connection closed
Accepted client connection
Client connection closed
Accepted client connection
Client connection closed
Accepted client connection
Client connection closed
Accepted client connection
Client connection closed
Accepted client connection
Client connection closed
Accepted client connection
Client connection closed
Accepted client connection
Client connection closed
Accepted client connection
Client connection closed
Accepted client connection
Client connection closed
Accepted client connection
Client connection closed
Accepted client connection
Client connection closed
Accepted client connection
Client connection closed
Accepted client connection
Client connection closed
Accepted client connection
Client connection closed
Accepted client connection
ggml_backend_cuda_graph_compute: CUDA graph warmup complete
ggml_backend_cuda_graph_compute: CUDA graph warmup complete
ggml_backend_cuda_graph_compute: CUDA graph warmup complete
ggml_backend_cuda_graph_compute: CUDA graph warmup complete
ggml_backend_cuda_graph_compute: CUDA graph warmup reset
ggml_backend_cuda_graph_compute: CUDA graph warmup complete
ggml_backend_cuda_graph_compute: CUDA graph warmup reset
ggml_backend_cuda_graph_compute: CUDA graph warmup reset
ggml_backend_cuda_graph_compute: CUDA graph warmup reset
ggml_backend_cuda_graph_compute: CUDA graph warmup complete
ggml_backend_cuda_graph_compute: CUDA graph warmup complete
ggml_backend_cuda_graph_compute: CUDA graph warmup complete
ggml_backend_cuda_graph_compute: CUDA graph warmup complete
Client connection closed
Accepted client connection
Client connection closed
Accepted client connection
Client connection closed
Accepted client connection
Client connection closed
Accepted client connection
Client connection closed
Accepted client connection
Client connection closed
Accepted client connection
Client connection closed
Accepted client connection
Client connection closed
Accepted client connection
Client connection closed
Accepted client connection
Client connection closed
Accepted client connection
Client connection closed
Accepted client connection
Client connection closed
Accepted client connection
Client connection closed
Accepted client connection
Client connection closed
Accepted client connection
ggml_backend_cuda_graph_compute: CUDA graph warmup complete
ggml_backend_cuda_graph_compute: CUDA graph warmup complete
ggml_backend_cuda_graph_compute: CUDA graph warmup complete
ggml_backend_cuda_graph_compute: CUDA graph warmup complete
Client connection closed
Accepted client connection
Client connection closed
Accepted client connection
Client connection closed
Accepted client connection
Client connection closed
Accepted client connection
Client connection closed
Accepted client connection
Client connection closed
Accepted client connection
Client connection closed
Accepted client connection
Client connection closed
Accepted client connection
Client connection closed
Accepted client connection
Client connection closed
Accepted client connection
Client connection closed
Accepted client connection
Client connection closed
Accepted client connection
Client connection closed
Accepted client connection
Client connection closed
Accepted client connection
ggml_backend_cuda_graph_compute: CUDA graph warmup complete
ggml_backend_cuda_graph_compute: CUDA graph warmup complete
ggml_backend_cuda_graph_compute: CUDA graph warmup complete
Client connection closed
